MPLINK 4.49, Linker
Linker Map File - Created Wed Feb 04 23:29:02 2015

                                 Section Info
                  Section       Type    Address   Location Size(Bytes)
                ---------  ---------  ---------  ---------  ---------
                   .org_0       code   0x000000    program   0x000000
                   .org_4       code   0x000000    program   0x0007fa
                  .idlocs       code   0x002000    program   0x000008
.config_2007_FREQUENCYMETER.O       code   0x002007    program   0x000002
                   .org_1       code   0x002100    program   0x000008
                   .org_2       code   0x002104    program   0x000028
                   .org_3       code   0x002120    program   0x000002



                              Program Memory Usage 
                               Start         End      
                           ---------   ---------      
                            0x000000    0x0003fc      
                            0x002000    0x002003      
                            0x002007    0x002007      
                            0x002100    0x002117      
                            0x002120    0x002120      
            1051 out of 2182 program addresses used, program memory utilization is 48%



                              Symbols - Sorted by Name
                     Name    Address   Location    Storage File                     
                ---------  ---------  ---------  --------- ---------                
                   Adjust   0x0002e3    program     static C:\Users\davidq\Documents\GitHub\electronics\FrequencyMeter\Firmware\16f628_FrequencyMeter\FrequencyMeter.asm
            CheckProgMode   0x000324    program     static C:\Users\davidq\Documents\GitHub\electronics\FrequencyMeter\Firmware\16f628_FrequencyMeter\FrequencyMeter.asm
                   ChkKey   0x0003db    program     static C:\Users\davidq\Documents\GitHub\electronics\FrequencyMeter\Firmware\16f628_FrequencyMeter\FrequencyMeter.asm
             ClearDisplay   0x000096    program     static C:\Users\davidq\Documents\GitHub\electronics\FrequencyMeter\Firmware\16f628_FrequencyMeter\FrequencyMeter.asm
        CvtAndDisplayFreq   0x000142    program     static C:\Users\davidq\Documents\GitHub\electronics\FrequencyMeter\Firmware\16f628_FrequencyMeter\FrequencyMeter.asm
           Digit2MuxValue   0x000026    program     static C:\Users\davidq\Documents\GitHub\electronics\FrequencyMeter\Firmware\16f628_FrequencyMeter\FrequencyMeter.asm
           Digit2SevenSeg   0x000001    program     static C:\Users\davidq\Documents\GitHub\electronics\FrequencyMeter\Firmware\16f628_FrequencyMeter\FrequencyMeter.asm
         EEPROM_Read4Byte   0x0000ba    program     static C:\Users\davidq\Documents\GitHub\electronics\FrequencyMeter\Firmware\16f628_FrequencyMeter\FrequencyMeter.asm
          EEPROM_ReadByte   0x0000b0    program     static C:\Users\davidq\Documents\GitHub\electronics\FrequencyMeter\Firmware\16f628_FrequencyMeter\FrequencyMeter.asm
                   Enter2   0x0003d2    program     static C:\Users\davidq\Documents\GitHub\electronics\FrequencyMeter\Firmware\16f628_FrequencyMeter\FrequencyMeter.asm
            EnterProgLoop   0x0003c7    program     static C:\Users\davidq\Documents\GitHub\electronics\FrequencyMeter\Firmware\16f628_FrequencyMeter\FrequencyMeter.asm
                GoMeasure   0x0002af    program     static C:\Users\davidq\Documents\GitHub\electronics\FrequencyMeter\Firmware\16f628_FrequencyMeter\FrequencyMeter.asm
            LastIfSubMenu   0x0003f8    program     static C:\Users\davidq\Documents\GitHub\electronics\FrequencyMeter\Firmware\16f628_FrequencyMeter\FrequencyMeter.asm
             LastMainMenu   0x0003ee    program     static C:\Users\davidq\Documents\GitHub\electronics\FrequencyMeter\Firmware\16f628_FrequencyMeter\FrequencyMeter.asm
                 MainInit   0x00022f    program     static C:\Users\davidq\Documents\GitHub\electronics\FrequencyMeter\Firmware\16f628_FrequencyMeter\FrequencyMeter.asm
                 MainLoop   0x000259    program     static C:\Users\davidq\Documents\GitHub\electronics\FrequencyMeter\Firmware\16f628_FrequencyMeter\FrequencyMeter.asm
              MainRestart   0x00024e    program     static C:\Users\davidq\Documents\GitHub\electronics\FrequencyMeter\Firmware\16f628_FrequencyMeter\FrequencyMeter.asm
                 NoAdjust   0x0002ea    program     static C:\Users\davidq\Documents\GitHub\electronics\FrequencyMeter\Firmware\16f628_FrequencyMeter\FrequencyMeter.asm
             NotIfSubMenu   0x0003fb    program     static C:\Users\davidq\Documents\GitHub\electronics\FrequencyMeter\Firmware\16f628_FrequencyMeter\FrequencyMeter.asm
              NotMainMenu   0x0003f0    program     static C:\Users\davidq\Documents\GitHub\electronics\FrequencyMeter\Firmware\16f628_FrequencyMeter\FrequencyMeter.asm
             PMD_NoPwSave   0x00035a    program     static C:\Users\davidq\Documents\GitHub\electronics\FrequencyMeter\Firmware\16f628_FrequencyMeter\FrequencyMeter.asm
                PMDisplay   0x00004d    program     static C:\Users\davidq\Documents\GitHub\electronics\FrequencyMeter\Firmware\16f628_FrequencyMeter\FrequencyMeter.asm
                PMExecute   0x00005b    program     static C:\Users\davidq\Documents\GitHub\electronics\FrequencyMeter\Firmware\16f628_FrequencyMeter\FrequencyMeter.asm
                  PmDisp4   0x00034a    program     static C:\Users\davidq\Documents\GitHub\electronics\FrequencyMeter\Firmware\16f628_FrequencyMeter\FrequencyMeter.asm
                  PmDisp5   0x00034c    program     static C:\Users\davidq\Documents\GitHub\electronics\FrequencyMeter\Firmware\16f628_FrequencyMeter\FrequencyMeter.asm
               PmDisp_Add   0x000364    program     static C:\Users\davidq\Documents\GitHub\electronics\FrequencyMeter\Firmware\16f628_FrequencyMeter\FrequencyMeter.asm
              PmDisp_IF_1   0x000387    program     static C:\Users\davidq\Documents\GitHub\electronics\FrequencyMeter\Firmware\16f628_FrequencyMeter\FrequencyMeter.asm
              PmDisp_IF_2   0x000389    program     static C:\Users\davidq\Documents\GitHub\electronics\FrequencyMeter\Firmware\16f628_FrequencyMeter\FrequencyMeter.asm
              PmDisp_IF_3   0x00038b    program     static C:\Users\davidq\Documents\GitHub\electronics\FrequencyMeter\Firmware\16f628_FrequencyMeter\FrequencyMeter.asm
              PmDisp_IF_4   0x00038d    program     static C:\Users\davidq\Documents\GitHub\electronics\FrequencyMeter\Firmware\16f628_FrequencyMeter\FrequencyMeter.asm
              PmDisp_IF_5   0x00038f    program     static C:\Users\davidq\Documents\GitHub\electronics\FrequencyMeter\Firmware\16f628_FrequencyMeter\FrequencyMeter.asm
             PmDisp_PSave   0x00034e    program     static C:\Users\davidq\Documents\GitHub\electronics\FrequencyMeter\Firmware\16f628_FrequencyMeter\FrequencyMeter.asm
              PmDisp_Quit   0x000343    program     static C:\Users\davidq\Documents\GitHub\electronics\FrequencyMeter\Firmware\16f628_FrequencyMeter\FrequencyMeter.asm
              PmDisp_StIF   0x00037c    program     static C:\Users\davidq\Documents\GitHub\electronics\FrequencyMeter\Firmware\16f628_FrequencyMeter\FrequencyMeter.asm
               PmDisp_Sub   0x00036c    program     static C:\Users\davidq\Documents\GitHub\electronics\FrequencyMeter\Firmware\16f628_FrequencyMeter\FrequencyMeter.asm
              PmDisp_Zero   0x000374    program     static C:\Users\davidq\Documents\GitHub\electronics\FrequencyMeter\Firmware\16f628_FrequencyMeter\FrequencyMeter.asm
               PmExec_Add   0x0003a2    program     static C:\Users\davidq\Documents\GitHub\electronics\FrequencyMeter\Firmware\16f628_FrequencyMeter\FrequencyMeter.asm
             PmExec_PSave   0x00039b    program     static C:\Users\davidq\Documents\GitHub\electronics\FrequencyMeter\Firmware\16f628_FrequencyMeter\FrequencyMeter.asm
              PmExec_Quit   0x00039a    program     static C:\Users\davidq\Documents\GitHub\electronics\FrequencyMeter\Firmware\16f628_FrequencyMeter\FrequencyMeter.asm
             PmExec_SelIF   0x0003c5    program     static C:\Users\davidq\Documents\GitHub\electronics\FrequencyMeter\Firmware\16f628_FrequencyMeter\FrequencyMeter.asm
             PmExec_SetMI   0x0003c3    program     static C:\Users\davidq\Documents\GitHub\electronics\FrequencyMeter\Firmware\16f628_FrequencyMeter\FrequencyMeter.asm
              PmExec_StIF   0x0003c2    program     static C:\Users\davidq\Documents\GitHub\electronics\FrequencyMeter\Firmware\16f628_FrequencyMeter\FrequencyMeter.asm
               PmExec_Sub   0x0003b0    program     static C:\Users\davidq\Documents\GitHub\electronics\FrequencyMeter\Firmware\16f628_FrequencyMeter\FrequencyMeter.asm
              PmExec_Zero   0x0003bd    program     static C:\Users\davidq\Documents\GitHub\electronics\FrequencyMeter\Firmware\16f628_FrequencyMeter\FrequencyMeter.asm
              PmLoadFreq2   0x000391    program     static C:\Users\davidq\Documents\GitHub\electronics\FrequencyMeter\Firmware\16f628_FrequencyMeter\FrequencyMeter.asm
                 PrepDisp   0x0002e0    program     static C:\Users\davidq\Documents\GitHub\electronics\FrequencyMeter\Firmware\16f628_FrequencyMeter\FrequencyMeter.asm
             PrescalerOff   0x00006d    program     static C:\Users\davidq\Documents\GitHub\electronics\FrequencyMeter\Firmware\16f628_FrequencyMeter\FrequencyMeter.asm
                 ProgLoop   0x0003d5    program     static C:\Users\davidq\Documents\GitHub\electronics\FrequencyMeter\Firmware\16f628_FrequencyMeter\FrequencyMeter.asm
          ProgModeDisplay   0x00033e    program     static C:\Users\davidq\Documents\GitHub\electronics\FrequencyMeter\Firmware\16f628_FrequencyMeter\FrequencyMeter.asm
                 PsActive   0x0002d1    program     static C:\Users\davidq\Documents\GitHub\electronics\FrequencyMeter\Firmware\16f628_FrequencyMeter\FrequencyMeter.asm
                PsDiffPos   0x0002bc    program     static C:\Users\davidq\Documents\GitHub\electronics\FrequencyMeter\Firmware\16f628_FrequencyMeter\FrequencyMeter.asm
                PsFlashUp   0x0002d5    program     static C:\Users\davidq\Documents\GitHub\electronics\FrequencyMeter\Firmware\16f628_FrequencyMeter\FrequencyMeter.asm
              PsLargeDiff   0x0002c0    program     static C:\Users\davidq\Documents\GitHub\electronics\FrequencyMeter\Firmware\16f628_FrequencyMeter\FrequencyMeter.asm
              PsNoTimeout   0x0002da    program     static C:\Users\davidq\Documents\GitHub\electronics\FrequencyMeter\Firmware\16f628_FrequencyMeter\FrequencyMeter.asm
             PsNotBlanked   0x0002e0    program     static C:\Users\davidq\Documents\GitHub\electronics\FrequencyMeter\Firmware\16f628_FrequencyMeter\FrequencyMeter.asm
                  PsSleep   0x0002dc    program     static C:\Users\davidq\Documents\GitHub\electronics\FrequencyMeter\Firmware\16f628_FrequencyMeter\FrequencyMeter.asm
              PsSmallDiff   0x0002c5    program     static C:\Users\davidq\Documents\GitHub\electronics\FrequencyMeter\Firmware\16f628_FrequencyMeter\FrequencyMeter.asm
                   Range1   0x00028a    program     static C:\Users\davidq\Documents\GitHub\electronics\FrequencyMeter\Firmware\16f628_FrequencyMeter\FrequencyMeter.asm
                   Range2   0x000294    program     static C:\Users\davidq\Documents\GitHub\electronics\FrequencyMeter\Firmware\16f628_FrequencyMeter\FrequencyMeter.asm
                   Range3   0x00029c    program     static C:\Users\davidq\Documents\GitHub\electronics\FrequencyMeter\Firmware\16f628_FrequencyMeter\FrequencyMeter.asm
                   Range4   0x00029f    program     static C:\Users\davidq\Documents\GitHub\electronics\FrequencyMeter\Firmware\16f628_FrequencyMeter\FrequencyMeter.asm
                   Range5   0x0002a3    program     static C:\Users\davidq\Documents\GitHub\electronics\FrequencyMeter\Firmware\16f628_FrequencyMeter\FrequencyMeter.asm
                   Range6   0x0002a7    program     static C:\Users\davidq\Documents\GitHub\electronics\FrequencyMeter\Firmware\16f628_FrequencyMeter\FrequencyMeter.asm
                   Range7   0x0002ab    program     static C:\Users\davidq\Documents\GitHub\electronics\FrequencyMeter\Firmware\16f628_FrequencyMeter\FrequencyMeter.asm
                 Release2   0x0003e0    program     static C:\Users\davidq\Documents\GitHub\electronics\FrequencyMeter\Firmware\16f628_FrequencyMeter\FrequencyMeter.asm
                   SaveEW   0x0000ab    program     static C:\Users\davidq\Documents\GitHub\electronics\FrequencyMeter\Firmware\16f628_FrequencyMeter\FrequencyMeter.asm
                SaveFreq2   0x0003a2    program     static C:\Users\davidq\Documents\GitHub\electronics\FrequencyMeter\Firmware\16f628_FrequencyMeter\FrequencyMeter.asm
             SaveInEEPROM   0x00009d    program     static C:\Users\davidq\Documents\GitHub\electronics\FrequencyMeter\Firmware\16f628_FrequencyMeter\FrequencyMeter.asm
             SetPrescaler   0x000068    program     static C:\Users\davidq\Documents\GitHub\electronics\FrequencyMeter\Firmware\16f628_FrequencyMeter\FrequencyMeter.asm
               ShortPress   0x0003e6    program     static C:\Users\davidq\Documents\GitHub\electronics\FrequencyMeter\Firmware\16f628_FrequencyMeter\FrequencyMeter.asm
            ShowInt32_FSR   0x000136    program     static C:\Users\davidq\Documents\GitHub\electronics\FrequencyMeter\Firmware\16f628_FrequencyMeter\FrequencyMeter.asm
               Sleep150ms   0x000077    program     static C:\Users\davidq\Documents\GitHub\electronics\FrequencyMeter\Firmware\16f628_FrequencyMeter\FrequencyMeter.asm
                TensTable   0x00002c    program     static C:\Users\davidq\Documents\GitHub\electronics\FrequencyMeter\Firmware\16f628_FrequencyMeter\FrequencyMeter.asm
                  WasteT1   0x0000f2    program     static C:\Users\davidq\Documents\GitHub\electronics\FrequencyMeter\Firmware\16f628_FrequencyMeter\FrequencyMeter.asm
                  _21sub1   0x000161    program     static C:\Users\davidq\Documents\GitHub\electronics\FrequencyMeter\Firmware\16f628_FrequencyMeter\FrequencyMeter.asm
                  _21sub2   0x000162    program     static C:\Users\davidq\Documents\GitHub\electronics\FrequencyMeter\Firmware\16f628_FrequencyMeter\FrequencyMeter.asm
                  _22sub1   0x00016a    program     static C:\Users\davidq\Documents\GitHub\electronics\FrequencyMeter\Firmware\16f628_FrequencyMeter\FrequencyMeter.asm
                  _22sub2   0x00016b    program     static C:\Users\davidq\Documents\GitHub\electronics\FrequencyMeter\Firmware\16f628_FrequencyMeter\FrequencyMeter.asm
                  _23sub1   0x000173    program     static C:\Users\davidq\Documents\GitHub\electronics\FrequencyMeter\Firmware\16f628_FrequencyMeter\FrequencyMeter.asm
                  _23sub2   0x000174    program     static C:\Users\davidq\Documents\GitHub\electronics\FrequencyMeter\Firmware\16f628_FrequencyMeter\FrequencyMeter.asm
                  _25add1   0x000182    program     static C:\Users\davidq\Documents\GitHub\electronics\FrequencyMeter\Firmware\16f628_FrequencyMeter\FrequencyMeter.asm
                  _25add2   0x000183    program     static C:\Users\davidq\Documents\GitHub\electronics\FrequencyMeter\Firmware\16f628_FrequencyMeter\FrequencyMeter.asm
                  _26add1   0x00018b    program     static C:\Users\davidq\Documents\GitHub\electronics\FrequencyMeter\Firmware\16f628_FrequencyMeter\FrequencyMeter.asm
                  _26add2   0x00018c    program     static C:\Users\davidq\Documents\GitHub\electronics\FrequencyMeter\Firmware\16f628_FrequencyMeter\FrequencyMeter.asm
                  _27add1   0x000194    program     static C:\Users\davidq\Documents\GitHub\electronics\FrequencyMeter\Firmware\16f628_FrequencyMeter\FrequencyMeter.asm
                  _27add2   0x000195    program     static C:\Users\davidq\Documents\GitHub\electronics\FrequencyMeter\Firmware\16f628_FrequencyMeter\FrequencyMeter.asm
                  _29add1   0x000302    program     static C:\Users\davidq\Documents\GitHub\electronics\FrequencyMeter\Firmware\16f628_FrequencyMeter\FrequencyMeter.asm
                  _29add2   0x000303    program     static C:\Users\davidq\Documents\GitHub\electronics\FrequencyMeter\Firmware\16f628_FrequencyMeter\FrequencyMeter.asm
                  _30add1   0x00030b    program     static C:\Users\davidq\Documents\GitHub\electronics\FrequencyMeter\Firmware\16f628_FrequencyMeter\FrequencyMeter.asm
                  _30add2   0x00030c    program     static C:\Users\davidq\Documents\GitHub\electronics\FrequencyMeter\Firmware\16f628_FrequencyMeter\FrequencyMeter.asm
                  _31add1   0x000314    program     static C:\Users\davidq\Documents\GitHub\electronics\FrequencyMeter\Firmware\16f628_FrequencyMeter\FrequencyMeter.asm
                  _31add2   0x000315    program     static C:\Users\davidq\Documents\GitHub\electronics\FrequencyMeter\Firmware\16f628_FrequencyMeter\FrequencyMeter.asm
              _32neg_done   0x000323    program     static C:\Users\davidq\Documents\GitHub\electronics\FrequencyMeter\Firmware\16f628_FrequencyMeter\FrequencyMeter.asm
              _33neg_done   0x0003bc    program     static C:\Users\davidq\Documents\GitHub\electronics\FrequencyMeter\Firmware\16f628_FrequencyMeter\FrequencyMeter.asm
        baud_divider_loop   0x00012f    program     static C:\Users\davidq\Documents\GitHub\electronics\FrequencyMeter\Firmware\16f628_FrequencyMeter\FrequencyMeter.asm
                bit_delay   0x00012c    program     static C:\Users\davidq\Documents\GitHub\electronics\FrequencyMeter\Firmware\16f628_FrequencyMeter\FrequencyMeter.asm
                 clear_tx   0x00011c    program     static C:\Users\davidq\Documents\GitHub\electronics\FrequencyMeter\Firmware\16f628_FrequencyMeter\FrequencyMeter.asm
                    conv1   0x000145    program     static C:\Users\davidq\Documents\GitHub\electronics\FrequencyMeter\Firmware\16f628_FrequencyMeter\FrequencyMeter.asm
                    conv2   0x000157    program     static C:\Users\davidq\Documents\GitHub\electronics\FrequencyMeter\Firmware\16f628_FrequencyMeter\FrequencyMeter.asm
                    conv3   0x000178    program     static C:\Users\davidq\Documents\GitHub\electronics\FrequencyMeter\Firmware\16f628_FrequencyMeter\FrequencyMeter.asm
               conv_char0   0x000083    program     static C:\Users\davidq\Documents\GitHub\electronics\FrequencyMeter\Firmware\16f628_FrequencyMeter\FrequencyMeter.asm
               conv_char1   0x000086    program     static C:\Users\davidq\Documents\GitHub\electronics\FrequencyMeter\Firmware\16f628_FrequencyMeter\FrequencyMeter.asm
               conv_char2   0x000089    program     static C:\Users\davidq\Documents\GitHub\electronics\FrequencyMeter\Firmware\16f628_FrequencyMeter\FrequencyMeter.asm
               conv_char3   0x00008c    program     static C:\Users\davidq\Documents\GitHub\electronics\FrequencyMeter\Firmware\16f628_FrequencyMeter\FrequencyMeter.asm
               conv_char4   0x00008f    program     static C:\Users\davidq\Documents\GitHub\electronics\FrequencyMeter\Firmware\16f628_FrequencyMeter\FrequencyMeter.asm
                   count1   0x0000cc    program     static C:\Users\davidq\Documents\GitHub\electronics\FrequencyMeter\Firmware\16f628_FrequencyMeter\FrequencyMeter.asm
                   count3   0x000108    program     static C:\Users\davidq\Documents\GitHub\electronics\FrequencyMeter\Firmware\16f628_FrequencyMeter\FrequencyMeter.asm
             count_pulses   0x0000c4    program     static C:\Users\davidq\Documents\GitHub\electronics\FrequencyMeter\Firmware\16f628_FrequencyMeter\FrequencyMeter.asm
                displ_MHz   0x00021f    program     static C:\Users\davidq\Documents\GitHub\electronics\FrequencyMeter\Firmware\16f628_FrequencyMeter\FrequencyMeter.asm
                displ_kHz   0x00021c    program     static C:\Users\davidq\Documents\GitHub\electronics\FrequencyMeter\Firmware\16f628_FrequencyMeter\FrequencyMeter.asm
                  display   0x000221    program     static C:\Users\davidq\Documents\GitHub\electronics\FrequencyMeter\Firmware\16f628_FrequencyMeter\FrequencyMeter.asm
             display_freq   0x00019a    program     static C:\Users\davidq\Documents\GitHub\electronics\FrequencyMeter\Firmware\16f628_FrequencyMeter\FrequencyMeter.asm
               f_positive   0x000323    program     static C:\Users\davidq\Documents\GitHub\electronics\FrequencyMeter\Firmware\16f628_FrequencyMeter\FrequencyMeter.asm
            freq_overflow   0x000333    program     static C:\Users\davidq\Documents\GitHub\electronics\FrequencyMeter\Firmware\16f628_FrequencyMeter\FrequencyMeter.asm
           freq_underflow   0x000328    program     static C:\Users\davidq\Documents\GitHub\electronics\FrequencyMeter\Firmware\16f628_FrequencyMeter\FrequencyMeter.asm
                    pri_1   0x0001fd    program     static C:\Users\davidq\Documents\GitHub\electronics\FrequencyMeter\Firmware\16f628_FrequencyMeter\FrequencyMeter.asm
                   pri_10   0x0001f4    program     static C:\Users\davidq\Documents\GitHub\electronics\FrequencyMeter\Firmware\16f628_FrequencyMeter\FrequencyMeter.asm
                  pri_100   0x0001eb    program     static C:\Users\davidq\Documents\GitHub\electronics\FrequencyMeter\Firmware\16f628_FrequencyMeter\FrequencyMeter.asm
                 pri_1000   0x0001e0    program     static C:\Users\davidq\Documents\GitHub\electronics\FrequencyMeter\Firmware\16f628_FrequencyMeter\FrequencyMeter.asm
                pri_10000   0x0001d7    program     static C:\Users\davidq\Documents\GitHub\electronics\FrequencyMeter\Firmware\16f628_FrequencyMeter\FrequencyMeter.asm
               pri_100000   0x0001ce    program     static C:\Users\davidq\Documents\GitHub\electronics\FrequencyMeter\Firmware\16f628_FrequencyMeter\FrequencyMeter.asm
              pri_1000000   0x0001c3    program     static C:\Users\davidq\Documents\GitHub\electronics\FrequencyMeter\Firmware\16f628_FrequencyMeter\FrequencyMeter.asm
             pri_10000000   0x0001bd    program     static C:\Users\davidq\Documents\GitHub\electronics\FrequencyMeter\Firmware\16f628_FrequencyMeter\FrequencyMeter.asm
                    pri_a   0x0001c9    program     static C:\Users\davidq\Documents\GitHub\electronics\FrequencyMeter\Firmware\16f628_FrequencyMeter\FrequencyMeter.asm
                    pri_b   0x0001d4    program     static C:\Users\davidq\Documents\GitHub\electronics\FrequencyMeter\Firmware\16f628_FrequencyMeter\FrequencyMeter.asm
                    pri_c   0x0001dd    program     static C:\Users\davidq\Documents\GitHub\electronics\FrequencyMeter\Firmware\16f628_FrequencyMeter\FrequencyMeter.asm
                    pri_d   0x0001e6    program     static C:\Users\davidq\Documents\GitHub\electronics\FrequencyMeter\Firmware\16f628_FrequencyMeter\FrequencyMeter.asm
                    pri_e   0x0001f1    program     static C:\Users\davidq\Documents\GitHub\electronics\FrequencyMeter\Firmware\16f628_FrequencyMeter\FrequencyMeter.asm
                    pri_f   0x0001fa    program     static C:\Users\davidq\Documents\GitHub\electronics\FrequencyMeter\Firmware\16f628_FrequencyMeter\FrequencyMeter.asm
                pri_space   0x000200    program     static C:\Users\davidq\Documents\GitHub\electronics\FrequencyMeter\Firmware\16f628_FrequencyMeter\FrequencyMeter.asm
                 ready_tx   0x000121    program     static C:\Users\davidq\Documents\GitHub\electronics\FrequencyMeter\Firmware\16f628_FrequencyMeter\FrequencyMeter.asm
            send_next_bit   0x000118    program     static C:\Users\davidq\Documents\GitHub\electronics\FrequencyMeter\Firmware\16f628_FrequencyMeter\FrequencyMeter.asm
                   set_tx   0x00011f    program     static C:\Users\davidq\Documents\GitHub\electronics\FrequencyMeter\Firmware\16f628_FrequencyMeter\FrequencyMeter.asm
            tx_digit_in_w   0x00010c    program     static C:\Users\davidq\Documents\GitHub\electronics\FrequencyMeter\Firmware\16f628_FrequencyMeter\FrequencyMeter.asm
                   tx_dot   0x000109    program     static C:\Users\davidq\Documents\GitHub\electronics\FrequencyMeter\Firmware\16f628_FrequencyMeter\FrequencyMeter.asm
                     tx_w   0x00010d    program     static C:\Users\davidq\Documents\GitHub\electronics\FrequencyMeter\Firmware\16f628_FrequencyMeter\FrequencyMeter.asm
         us100_delay_loop   0x000131    program     static C:\Users\davidq\Documents\GitHub\electronics\FrequencyMeter\Firmware\16f628_FrequencyMeter\FrequencyMeter.asm



                              Symbols - Sorted by Address
                     Name    Address   Location    Storage File                     
                ---------  ---------  ---------  --------- ---------                
           Digit2SevenSeg   0x000001    program     static C:\Users\davidq\Documents\GitHub\electronics\FrequencyMeter\Firmware\16f628_FrequencyMeter\FrequencyMeter.asm
           Digit2MuxValue   0x000026    program     static C:\Users\davidq\Documents\GitHub\electronics\FrequencyMeter\Firmware\16f628_FrequencyMeter\FrequencyMeter.asm
                TensTable   0x00002c    program     static C:\Users\davidq\Documents\GitHub\electronics\FrequencyMeter\Firmware\16f628_FrequencyMeter\FrequencyMeter.asm
                PMDisplay   0x00004d    program     static C:\Users\davidq\Documents\GitHub\electronics\FrequencyMeter\Firmware\16f628_FrequencyMeter\FrequencyMeter.asm
                PMExecute   0x00005b    program     static C:\Users\davidq\Documents\GitHub\electronics\FrequencyMeter\Firmware\16f628_FrequencyMeter\FrequencyMeter.asm
             SetPrescaler   0x000068    program     static C:\Users\davidq\Documents\GitHub\electronics\FrequencyMeter\Firmware\16f628_FrequencyMeter\FrequencyMeter.asm
             PrescalerOff   0x00006d    program     static C:\Users\davidq\Documents\GitHub\electronics\FrequencyMeter\Firmware\16f628_FrequencyMeter\FrequencyMeter.asm
               Sleep150ms   0x000077    program     static C:\Users\davidq\Documents\GitHub\electronics\FrequencyMeter\Firmware\16f628_FrequencyMeter\FrequencyMeter.asm
               conv_char0   0x000083    program     static C:\Users\davidq\Documents\GitHub\electronics\FrequencyMeter\Firmware\16f628_FrequencyMeter\FrequencyMeter.asm
               conv_char1   0x000086    program     static C:\Users\davidq\Documents\GitHub\electronics\FrequencyMeter\Firmware\16f628_FrequencyMeter\FrequencyMeter.asm
               conv_char2   0x000089    program     static C:\Users\davidq\Documents\GitHub\electronics\FrequencyMeter\Firmware\16f628_FrequencyMeter\FrequencyMeter.asm
               conv_char3   0x00008c    program     static C:\Users\davidq\Documents\GitHub\electronics\FrequencyMeter\Firmware\16f628_FrequencyMeter\FrequencyMeter.asm
               conv_char4   0x00008f    program     static C:\Users\davidq\Documents\GitHub\electronics\FrequencyMeter\Firmware\16f628_FrequencyMeter\FrequencyMeter.asm
             ClearDisplay   0x000096    program     static C:\Users\davidq\Documents\GitHub\electronics\FrequencyMeter\Firmware\16f628_FrequencyMeter\FrequencyMeter.asm
             SaveInEEPROM   0x00009d    program     static C:\Users\davidq\Documents\GitHub\electronics\FrequencyMeter\Firmware\16f628_FrequencyMeter\FrequencyMeter.asm
                   SaveEW   0x0000ab    program     static C:\Users\davidq\Documents\GitHub\electronics\FrequencyMeter\Firmware\16f628_FrequencyMeter\FrequencyMeter.asm
          EEPROM_ReadByte   0x0000b0    program     static C:\Users\davidq\Documents\GitHub\electronics\FrequencyMeter\Firmware\16f628_FrequencyMeter\FrequencyMeter.asm
         EEPROM_Read4Byte   0x0000ba    program     static C:\Users\davidq\Documents\GitHub\electronics\FrequencyMeter\Firmware\16f628_FrequencyMeter\FrequencyMeter.asm
             count_pulses   0x0000c4    program     static C:\Users\davidq\Documents\GitHub\electronics\FrequencyMeter\Firmware\16f628_FrequencyMeter\FrequencyMeter.asm
                   count1   0x0000cc    program     static C:\Users\davidq\Documents\GitHub\electronics\FrequencyMeter\Firmware\16f628_FrequencyMeter\FrequencyMeter.asm
                  WasteT1   0x0000f2    program     static C:\Users\davidq\Documents\GitHub\electronics\FrequencyMeter\Firmware\16f628_FrequencyMeter\FrequencyMeter.asm
                   count3   0x000108    program     static C:\Users\davidq\Documents\GitHub\electronics\FrequencyMeter\Firmware\16f628_FrequencyMeter\FrequencyMeter.asm
                   tx_dot   0x000109    program     static C:\Users\davidq\Documents\GitHub\electronics\FrequencyMeter\Firmware\16f628_FrequencyMeter\FrequencyMeter.asm
            tx_digit_in_w   0x00010c    program     static C:\Users\davidq\Documents\GitHub\electronics\FrequencyMeter\Firmware\16f628_FrequencyMeter\FrequencyMeter.asm
                     tx_w   0x00010d    program     static C:\Users\davidq\Documents\GitHub\electronics\FrequencyMeter\Firmware\16f628_FrequencyMeter\FrequencyMeter.asm
            send_next_bit   0x000118    program     static C:\Users\davidq\Documents\GitHub\electronics\FrequencyMeter\Firmware\16f628_FrequencyMeter\FrequencyMeter.asm
                 clear_tx   0x00011c    program     static C:\Users\davidq\Documents\GitHub\electronics\FrequencyMeter\Firmware\16f628_FrequencyMeter\FrequencyMeter.asm
                   set_tx   0x00011f    program     static C:\Users\davidq\Documents\GitHub\electronics\FrequencyMeter\Firmware\16f628_FrequencyMeter\FrequencyMeter.asm
                 ready_tx   0x000121    program     static C:\Users\davidq\Documents\GitHub\electronics\FrequencyMeter\Firmware\16f628_FrequencyMeter\FrequencyMeter.asm
                bit_delay   0x00012c    program     static C:\Users\davidq\Documents\GitHub\electronics\FrequencyMeter\Firmware\16f628_FrequencyMeter\FrequencyMeter.asm
        baud_divider_loop   0x00012f    program     static C:\Users\davidq\Documents\GitHub\electronics\FrequencyMeter\Firmware\16f628_FrequencyMeter\FrequencyMeter.asm
         us100_delay_loop   0x000131    program     static C:\Users\davidq\Documents\GitHub\electronics\FrequencyMeter\Firmware\16f628_FrequencyMeter\FrequencyMeter.asm
            ShowInt32_FSR   0x000136    program     static C:\Users\davidq\Documents\GitHub\electronics\FrequencyMeter\Firmware\16f628_FrequencyMeter\FrequencyMeter.asm
        CvtAndDisplayFreq   0x000142    program     static C:\Users\davidq\Documents\GitHub\electronics\FrequencyMeter\Firmware\16f628_FrequencyMeter\FrequencyMeter.asm
                    conv1   0x000145    program     static C:\Users\davidq\Documents\GitHub\electronics\FrequencyMeter\Firmware\16f628_FrequencyMeter\FrequencyMeter.asm
                    conv2   0x000157    program     static C:\Users\davidq\Documents\GitHub\electronics\FrequencyMeter\Firmware\16f628_FrequencyMeter\FrequencyMeter.asm
                  _21sub1   0x000161    program     static C:\Users\davidq\Documents\GitHub\electronics\FrequencyMeter\Firmware\16f628_FrequencyMeter\FrequencyMeter.asm
                  _21sub2   0x000162    program     static C:\Users\davidq\Documents\GitHub\electronics\FrequencyMeter\Firmware\16f628_FrequencyMeter\FrequencyMeter.asm
                  _22sub1   0x00016a    program     static C:\Users\davidq\Documents\GitHub\electronics\FrequencyMeter\Firmware\16f628_FrequencyMeter\FrequencyMeter.asm
                  _22sub2   0x00016b    program     static C:\Users\davidq\Documents\GitHub\electronics\FrequencyMeter\Firmware\16f628_FrequencyMeter\FrequencyMeter.asm
                  _23sub1   0x000173    program     static C:\Users\davidq\Documents\GitHub\electronics\FrequencyMeter\Firmware\16f628_FrequencyMeter\FrequencyMeter.asm
                  _23sub2   0x000174    program     static C:\Users\davidq\Documents\GitHub\electronics\FrequencyMeter\Firmware\16f628_FrequencyMeter\FrequencyMeter.asm
                    conv3   0x000178    program     static C:\Users\davidq\Documents\GitHub\electronics\FrequencyMeter\Firmware\16f628_FrequencyMeter\FrequencyMeter.asm
                  _25add1   0x000182    program     static C:\Users\davidq\Documents\GitHub\electronics\FrequencyMeter\Firmware\16f628_FrequencyMeter\FrequencyMeter.asm
                  _25add2   0x000183    program     static C:\Users\davidq\Documents\GitHub\electronics\FrequencyMeter\Firmware\16f628_FrequencyMeter\FrequencyMeter.asm
                  _26add1   0x00018b    program     static C:\Users\davidq\Documents\GitHub\electronics\FrequencyMeter\Firmware\16f628_FrequencyMeter\FrequencyMeter.asm
                  _26add2   0x00018c    program     static C:\Users\davidq\Documents\GitHub\electronics\FrequencyMeter\Firmware\16f628_FrequencyMeter\FrequencyMeter.asm
                  _27add1   0x000194    program     static C:\Users\davidq\Documents\GitHub\electronics\FrequencyMeter\Firmware\16f628_FrequencyMeter\FrequencyMeter.asm
                  _27add2   0x000195    program     static C:\Users\davidq\Documents\GitHub\electronics\FrequencyMeter\Firmware\16f628_FrequencyMeter\FrequencyMeter.asm
             display_freq   0x00019a    program     static C:\Users\davidq\Documents\GitHub\electronics\FrequencyMeter\Firmware\16f628_FrequencyMeter\FrequencyMeter.asm
             pri_10000000   0x0001bd    program     static C:\Users\davidq\Documents\GitHub\electronics\FrequencyMeter\Firmware\16f628_FrequencyMeter\FrequencyMeter.asm
              pri_1000000   0x0001c3    program     static C:\Users\davidq\Documents\GitHub\electronics\FrequencyMeter\Firmware\16f628_FrequencyMeter\FrequencyMeter.asm
                    pri_a   0x0001c9    program     static C:\Users\davidq\Documents\GitHub\electronics\FrequencyMeter\Firmware\16f628_FrequencyMeter\FrequencyMeter.asm
               pri_100000   0x0001ce    program     static C:\Users\davidq\Documents\GitHub\electronics\FrequencyMeter\Firmware\16f628_FrequencyMeter\FrequencyMeter.asm
                    pri_b   0x0001d4    program     static C:\Users\davidq\Documents\GitHub\electronics\FrequencyMeter\Firmware\16f628_FrequencyMeter\FrequencyMeter.asm
                pri_10000   0x0001d7    program     static C:\Users\davidq\Documents\GitHub\electronics\FrequencyMeter\Firmware\16f628_FrequencyMeter\FrequencyMeter.asm
                    pri_c   0x0001dd    program     static C:\Users\davidq\Documents\GitHub\electronics\FrequencyMeter\Firmware\16f628_FrequencyMeter\FrequencyMeter.asm
                 pri_1000   0x0001e0    program     static C:\Users\davidq\Documents\GitHub\electronics\FrequencyMeter\Firmware\16f628_FrequencyMeter\FrequencyMeter.asm
                    pri_d   0x0001e6    program     static C:\Users\davidq\Documents\GitHub\electronics\FrequencyMeter\Firmware\16f628_FrequencyMeter\FrequencyMeter.asm
                  pri_100   0x0001eb    program     static C:\Users\davidq\Documents\GitHub\electronics\FrequencyMeter\Firmware\16f628_FrequencyMeter\FrequencyMeter.asm
                    pri_e   0x0001f1    program     static C:\Users\davidq\Documents\GitHub\electronics\FrequencyMeter\Firmware\16f628_FrequencyMeter\FrequencyMeter.asm
                   pri_10   0x0001f4    program     static C:\Users\davidq\Documents\GitHub\electronics\FrequencyMeter\Firmware\16f628_FrequencyMeter\FrequencyMeter.asm
                    pri_f   0x0001fa    program     static C:\Users\davidq\Documents\GitHub\electronics\FrequencyMeter\Firmware\16f628_FrequencyMeter\FrequencyMeter.asm
                    pri_1   0x0001fd    program     static C:\Users\davidq\Documents\GitHub\electronics\FrequencyMeter\Firmware\16f628_FrequencyMeter\FrequencyMeter.asm
                pri_space   0x000200    program     static C:\Users\davidq\Documents\GitHub\electronics\FrequencyMeter\Firmware\16f628_FrequencyMeter\FrequencyMeter.asm
                displ_kHz   0x00021c    program     static C:\Users\davidq\Documents\GitHub\electronics\FrequencyMeter\Firmware\16f628_FrequencyMeter\FrequencyMeter.asm
                displ_MHz   0x00021f    program     static C:\Users\davidq\Documents\GitHub\electronics\FrequencyMeter\Firmware\16f628_FrequencyMeter\FrequencyMeter.asm
                  display   0x000221    program     static C:\Users\davidq\Documents\GitHub\electronics\FrequencyMeter\Firmware\16f628_FrequencyMeter\FrequencyMeter.asm
                 MainInit   0x00022f    program     static C:\Users\davidq\Documents\GitHub\electronics\FrequencyMeter\Firmware\16f628_FrequencyMeter\FrequencyMeter.asm
              MainRestart   0x00024e    program     static C:\Users\davidq\Documents\GitHub\electronics\FrequencyMeter\Firmware\16f628_FrequencyMeter\FrequencyMeter.asm
                 MainLoop   0x000259    program     static C:\Users\davidq\Documents\GitHub\electronics\FrequencyMeter\Firmware\16f628_FrequencyMeter\FrequencyMeter.asm
                   Range1   0x00028a    program     static C:\Users\davidq\Documents\GitHub\electronics\FrequencyMeter\Firmware\16f628_FrequencyMeter\FrequencyMeter.asm
                   Range2   0x000294    program     static C:\Users\davidq\Documents\GitHub\electronics\FrequencyMeter\Firmware\16f628_FrequencyMeter\FrequencyMeter.asm
                   Range3   0x00029c    program     static C:\Users\davidq\Documents\GitHub\electronics\FrequencyMeter\Firmware\16f628_FrequencyMeter\FrequencyMeter.asm
                   Range4   0x00029f    program     static C:\Users\davidq\Documents\GitHub\electronics\FrequencyMeter\Firmware\16f628_FrequencyMeter\FrequencyMeter.asm
                   Range5   0x0002a3    program     static C:\Users\davidq\Documents\GitHub\electronics\FrequencyMeter\Firmware\16f628_FrequencyMeter\FrequencyMeter.asm
                   Range6   0x0002a7    program     static C:\Users\davidq\Documents\GitHub\electronics\FrequencyMeter\Firmware\16f628_FrequencyMeter\FrequencyMeter.asm
                   Range7   0x0002ab    program     static C:\Users\davidq\Documents\GitHub\electronics\FrequencyMeter\Firmware\16f628_FrequencyMeter\FrequencyMeter.asm
                GoMeasure   0x0002af    program     static C:\Users\davidq\Documents\GitHub\electronics\FrequencyMeter\Firmware\16f628_FrequencyMeter\FrequencyMeter.asm
                PsDiffPos   0x0002bc    program     static C:\Users\davidq\Documents\GitHub\electronics\FrequencyMeter\Firmware\16f628_FrequencyMeter\FrequencyMeter.asm
              PsLargeDiff   0x0002c0    program     static C:\Users\davidq\Documents\GitHub\electronics\FrequencyMeter\Firmware\16f628_FrequencyMeter\FrequencyMeter.asm
              PsSmallDiff   0x0002c5    program     static C:\Users\davidq\Documents\GitHub\electronics\FrequencyMeter\Firmware\16f628_FrequencyMeter\FrequencyMeter.asm
                 PsActive   0x0002d1    program     static C:\Users\davidq\Documents\GitHub\electronics\FrequencyMeter\Firmware\16f628_FrequencyMeter\FrequencyMeter.asm
                PsFlashUp   0x0002d5    program     static C:\Users\davidq\Documents\GitHub\electronics\FrequencyMeter\Firmware\16f628_FrequencyMeter\FrequencyMeter.asm
              PsNoTimeout   0x0002da    program     static C:\Users\davidq\Documents\GitHub\electronics\FrequencyMeter\Firmware\16f628_FrequencyMeter\FrequencyMeter.asm
                  PsSleep   0x0002dc    program     static C:\Users\davidq\Documents\GitHub\electronics\FrequencyMeter\Firmware\16f628_FrequencyMeter\FrequencyMeter.asm
             PsNotBlanked   0x0002e0    program     static C:\Users\davidq\Documents\GitHub\electronics\FrequencyMeter\Firmware\16f628_FrequencyMeter\FrequencyMeter.asm
                 PrepDisp   0x0002e0    program     static C:\Users\davidq\Documents\GitHub\electronics\FrequencyMeter\Firmware\16f628_FrequencyMeter\FrequencyMeter.asm
                   Adjust   0x0002e3    program     static C:\Users\davidq\Documents\GitHub\electronics\FrequencyMeter\Firmware\16f628_FrequencyMeter\FrequencyMeter.asm
                 NoAdjust   0x0002ea    program     static C:\Users\davidq\Documents\GitHub\electronics\FrequencyMeter\Firmware\16f628_FrequencyMeter\FrequencyMeter.asm
                  _29add1   0x000302    program     static C:\Users\davidq\Documents\GitHub\electronics\FrequencyMeter\Firmware\16f628_FrequencyMeter\FrequencyMeter.asm
                  _29add2   0x000303    program     static C:\Users\davidq\Documents\GitHub\electronics\FrequencyMeter\Firmware\16f628_FrequencyMeter\FrequencyMeter.asm
                  _30add1   0x00030b    program     static C:\Users\davidq\Documents\GitHub\electronics\FrequencyMeter\Firmware\16f628_FrequencyMeter\FrequencyMeter.asm
                  _30add2   0x00030c    program     static C:\Users\davidq\Documents\GitHub\electronics\FrequencyMeter\Firmware\16f628_FrequencyMeter\FrequencyMeter.asm
                  _31add1   0x000314    program     static C:\Users\davidq\Documents\GitHub\electronics\FrequencyMeter\Firmware\16f628_FrequencyMeter\FrequencyMeter.asm
                  _31add2   0x000315    program     static C:\Users\davidq\Documents\GitHub\electronics\FrequencyMeter\Firmware\16f628_FrequencyMeter\FrequencyMeter.asm
              _32neg_done   0x000323    program     static C:\Users\davidq\Documents\GitHub\electronics\FrequencyMeter\Firmware\16f628_FrequencyMeter\FrequencyMeter.asm
               f_positive   0x000323    program     static C:\Users\davidq\Documents\GitHub\electronics\FrequencyMeter\Firmware\16f628_FrequencyMeter\FrequencyMeter.asm
            CheckProgMode   0x000324    program     static C:\Users\davidq\Documents\GitHub\electronics\FrequencyMeter\Firmware\16f628_FrequencyMeter\FrequencyMeter.asm
           freq_underflow   0x000328    program     static C:\Users\davidq\Documents\GitHub\electronics\FrequencyMeter\Firmware\16f628_FrequencyMeter\FrequencyMeter.asm
            freq_overflow   0x000333    program     static C:\Users\davidq\Documents\GitHub\electronics\FrequencyMeter\Firmware\16f628_FrequencyMeter\FrequencyMeter.asm
          ProgModeDisplay   0x00033e    program     static C:\Users\davidq\Documents\GitHub\electronics\FrequencyMeter\Firmware\16f628_FrequencyMeter\FrequencyMeter.asm
              PmDisp_Quit   0x000343    program     static C:\Users\davidq\Documents\GitHub\electronics\FrequencyMeter\Firmware\16f628_FrequencyMeter\FrequencyMeter.asm
                  PmDisp4   0x00034a    program     static C:\Users\davidq\Documents\GitHub\electronics\FrequencyMeter\Firmware\16f628_FrequencyMeter\FrequencyMeter.asm
                  PmDisp5   0x00034c    program     static C:\Users\davidq\Documents\GitHub\electronics\FrequencyMeter\Firmware\16f628_FrequencyMeter\FrequencyMeter.asm
             PmDisp_PSave   0x00034e    program     static C:\Users\davidq\Documents\GitHub\electronics\FrequencyMeter\Firmware\16f628_FrequencyMeter\FrequencyMeter.asm
             PMD_NoPwSave   0x00035a    program     static C:\Users\davidq\Documents\GitHub\electronics\FrequencyMeter\Firmware\16f628_FrequencyMeter\FrequencyMeter.asm
               PmDisp_Add   0x000364    program     static C:\Users\davidq\Documents\GitHub\electronics\FrequencyMeter\Firmware\16f628_FrequencyMeter\FrequencyMeter.asm
               PmDisp_Sub   0x00036c    program     static C:\Users\davidq\Documents\GitHub\electronics\FrequencyMeter\Firmware\16f628_FrequencyMeter\FrequencyMeter.asm
              PmDisp_Zero   0x000374    program     static C:\Users\davidq\Documents\GitHub\electronics\FrequencyMeter\Firmware\16f628_FrequencyMeter\FrequencyMeter.asm
              PmDisp_StIF   0x00037c    program     static C:\Users\davidq\Documents\GitHub\electronics\FrequencyMeter\Firmware\16f628_FrequencyMeter\FrequencyMeter.asm
              PmDisp_IF_1   0x000387    program     static C:\Users\davidq\Documents\GitHub\electronics\FrequencyMeter\Firmware\16f628_FrequencyMeter\FrequencyMeter.asm
              PmDisp_IF_2   0x000389    program     static C:\Users\davidq\Documents\GitHub\electronics\FrequencyMeter\Firmware\16f628_FrequencyMeter\FrequencyMeter.asm
              PmDisp_IF_3   0x00038b    program     static C:\Users\davidq\Documents\GitHub\electronics\FrequencyMeter\Firmware\16f628_FrequencyMeter\FrequencyMeter.asm
              PmDisp_IF_4   0x00038d    program     static C:\Users\davidq\Documents\GitHub\electronics\FrequencyMeter\Firmware\16f628_FrequencyMeter\FrequencyMeter.asm
              PmDisp_IF_5   0x00038f    program     static C:\Users\davidq\Documents\GitHub\electronics\FrequencyMeter\Firmware\16f628_FrequencyMeter\FrequencyMeter.asm
              PmLoadFreq2   0x000391    program     static C:\Users\davidq\Documents\GitHub\electronics\FrequencyMeter\Firmware\16f628_FrequencyMeter\FrequencyMeter.asm
              PmExec_Quit   0x00039a    program     static C:\Users\davidq\Documents\GitHub\electronics\FrequencyMeter\Firmware\16f628_FrequencyMeter\FrequencyMeter.asm
             PmExec_PSave   0x00039b    program     static C:\Users\davidq\Documents\GitHub\electronics\FrequencyMeter\Firmware\16f628_FrequencyMeter\FrequencyMeter.asm
               PmExec_Add   0x0003a2    program     static C:\Users\davidq\Documents\GitHub\electronics\FrequencyMeter\Firmware\16f628_FrequencyMeter\FrequencyMeter.asm
                SaveFreq2   0x0003a2    program     static C:\Users\davidq\Documents\GitHub\electronics\FrequencyMeter\Firmware\16f628_FrequencyMeter\FrequencyMeter.asm
               PmExec_Sub   0x0003b0    program     static C:\Users\davidq\Documents\GitHub\electronics\FrequencyMeter\Firmware\16f628_FrequencyMeter\FrequencyMeter.asm
              _33neg_done   0x0003bc    program     static C:\Users\davidq\Documents\GitHub\electronics\FrequencyMeter\Firmware\16f628_FrequencyMeter\FrequencyMeter.asm
              PmExec_Zero   0x0003bd    program     static C:\Users\davidq\Documents\GitHub\electronics\FrequencyMeter\Firmware\16f628_FrequencyMeter\FrequencyMeter.asm
              PmExec_StIF   0x0003c2    program     static C:\Users\davidq\Documents\GitHub\electronics\FrequencyMeter\Firmware\16f628_FrequencyMeter\FrequencyMeter.asm
             PmExec_SetMI   0x0003c3    program     static C:\Users\davidq\Documents\GitHub\electronics\FrequencyMeter\Firmware\16f628_FrequencyMeter\FrequencyMeter.asm
             PmExec_SelIF   0x0003c5    program     static C:\Users\davidq\Documents\GitHub\electronics\FrequencyMeter\Firmware\16f628_FrequencyMeter\FrequencyMeter.asm
            EnterProgLoop   0x0003c7    program     static C:\Users\davidq\Documents\GitHub\electronics\FrequencyMeter\Firmware\16f628_FrequencyMeter\FrequencyMeter.asm
                   Enter2   0x0003d2    program     static C:\Users\davidq\Documents\GitHub\electronics\FrequencyMeter\Firmware\16f628_FrequencyMeter\FrequencyMeter.asm
                 ProgLoop   0x0003d5    program     static C:\Users\davidq\Documents\GitHub\electronics\FrequencyMeter\Firmware\16f628_FrequencyMeter\FrequencyMeter.asm
                   ChkKey   0x0003db    program     static C:\Users\davidq\Documents\GitHub\electronics\FrequencyMeter\Firmware\16f628_FrequencyMeter\FrequencyMeter.asm
                 Release2   0x0003e0    program     static C:\Users\davidq\Documents\GitHub\electronics\FrequencyMeter\Firmware\16f628_FrequencyMeter\FrequencyMeter.asm
               ShortPress   0x0003e6    program     static C:\Users\davidq\Documents\GitHub\electronics\FrequencyMeter\Firmware\16f628_FrequencyMeter\FrequencyMeter.asm
             LastMainMenu   0x0003ee    program     static C:\Users\davidq\Documents\GitHub\electronics\FrequencyMeter\Firmware\16f628_FrequencyMeter\FrequencyMeter.asm
              NotMainMenu   0x0003f0    program     static C:\Users\davidq\Documents\GitHub\electronics\FrequencyMeter\Firmware\16f628_FrequencyMeter\FrequencyMeter.asm
            LastIfSubMenu   0x0003f8    program     static C:\Users\davidq\Documents\GitHub\electronics\FrequencyMeter\Firmware\16f628_FrequencyMeter\FrequencyMeter.asm
             NotIfSubMenu   0x0003fb    program     static C:\Users\davidq\Documents\GitHub\electronics\FrequencyMeter\Firmware\16f628_FrequencyMeter\FrequencyMeter.asm


