MPLINK 5.00, LINKER
Linker Map File - Created Sun Feb 21 17:47:35 2016

                                 Section Info
                  Section       Type    Address   Location Size(Bytes)
                ---------  ---------  ---------  ---------  ---------
               _entry_scn       code   0x000000    program   0x000006
    HIGH_INTERRUPT_VECTOR       code   0x000008    program   0x000006
     LOW_INTERRUPT_VECTOR       code   0x000018    program   0x0008e6
    REMAPPED_RESET_VECTOR       code   0x001000    program   0x000006
REMAPPED_HIGH_INTERRUPT_VECTOR       code   0x001008    program   0x000006
REMAPPED_LOW_INTERRUPT_VECTOR       code   0x001018    program   0x000006
                   .cinit    romdata   0x00102a    program   0x00003e
       .code_usb_device.o       code   0x001068    program   0x001542
         .code_vfprintf.o       code   0x0025aa    program   0x000c22
                     PROG       code   0x0031cc    program   0x000648
        .code_frequency.o       code   0x003814    program   0x00056e
               .code_db.o       code   0x003d82    program   0x00046e
.romdata_usb_descriptors.o    romdata   0x0041f0    program   0x0002e1
      .romdata_writdata.o    romdata   0x0044d1    program   0x000000
      .idata_putsxlcd.o_i    romdata   0x0044d1    program   0x000000
      .idata_wcmdxlcd.o_i    romdata   0x0044d1    program   0x000000
       .idata_sprintf.o_i    romdata   0x0044d1    program   0x000000
      .romdata_setddram.o    romdata   0x0044d1    program   0x000000
       .romdata_adcconv.o    romdata   0x0044d1    program   0x000000
       .idata_fxm3232.o_i    romdata   0x0044d1    program   0x000000
       .romdata_fxm3232.o    romdata   0x0044d1    program   0x000000
     .romdata_frequency.o    romdata   0x0044d1    program   0x000000
          .romdata_putc.o    romdata   0x0044d1    program   0x000000
    .romdata__user_putc.o    romdata   0x0044d1    program   0x000000
    .romdata_usb_device.o    romdata   0x0044d1    program   0x000000
        .idata_eeprom.o_i    romdata   0x0044d1    program   0x000001
    .idata_usb_device.o_i    romdata   0x0044d1    program   0x000000
          .romdata_band.o    romdata   0x0044d1    program   0x000000
            .romdata_db.o    romdata   0x0044d1    program   0x000000
            .code_debug.o       code   0x0044d2    program   0x000228
                   STDLIB       code   0x0046fa    program   0x000134
         .code_openxlcd.o       code   0x00482e    program   0x000102
             .code_band.o       code   0x004930    program   0x000102
 .code_usb_function_hid.o       code   0x004a32    program   0x0000de
            .code_scale.o       code   0x004b10    program   0x0000cc
           .code_eeprom.o       code   0x004bdc    program   0x0000ae
          .code_sprintf.o       code   0x004c8a    program   0x0000ac
             .stringtable    romdata   0x004d36    program   0x0000a7
.idata_usb_descriptors.o_i    romdata   0x004ddd    program   0x000000
        .romdata_timers.o    romdata   0x004ddd    program   0x000000
      .romdata_wcmdxlcd.o    romdata   0x004ddd    program   0x000000
      .romdata_openxlcd.o    romdata   0x004ddd    program   0x000000
      .idata_busyxlcd.o_i    romdata   0x004ddd    program   0x000000
      .idata_adcclose.o_i    romdata   0x004ddd    program   0x000000
      .romdata_adcclose.o    romdata   0x004ddd    program   0x000000
      .idata_setddram.o_i    romdata   0x004ddd    program   0x000000
       .romdata_adcread.o    romdata   0x004ddd    program   0x000000
      .idata_fxd3232u.o_i    romdata   0x004ddd    program   0x000000
      .romdata_fxd3232u.o    romdata   0x004ddd    program   0x000000
         .romdata_c018i.o    romdata   0x004ddd    program   0x000000
       .idata_adcopen.o_i    romdata   0x004ddd    program   0x000000
        .romdata_eeprom.o    romdata   0x004ddd    program   0x000000
          .idata_putc.o_i    romdata   0x004ddd    program   0x000000
         .idata_debug.o_i    romdata   0x004ddd    program   0x000000
      .idata_vfprintf.o_i    romdata   0x004ddd    program   0x000000
    .idata__user_putc.o_i    romdata   0x004ddd    program   0x000000
         .romdata_scale.o    romdata   0x004ddd    program   0x000000
        .romdata___init.o    romdata   0x004ddd    program   0x000000
            .code_c018i.o       code   0x004dde    program   0x000000
               _cinit_scn       code   0x004dde    program   0x00009e
  .code_usb_descriptors.o       code   0x004dde    program   0x000000
                   STRING       code   0x004e7c    program   0x00009a
             .code_putc.o       code   0x004f16    program   0x000084
          .code_fxm3232.o       code   0x004f9a    program   0x000070
          .code_adcopen.o       code   0x00500a    program   0x00006e
           .code_timers.o       code   0x005078    program   0x000060
         .code_setddram.o       code   0x0050d8    program   0x000056
         .code_writdata.o       code   0x00512e    program   0x000052
         .code_wcmdxlcd.o       code   0x005180    program   0x000052
         .code_putsxlcd.o       code   0x0051d2    program   0x00004e
         .code_fxd3232u.o       code   0x005220    program   0x000048
             D10KTCYXCODE       code   0x005268    program   0x00002e
         .code_fxd1616u.o       code   0x005296    program   0x00002c
         .code_busyxlcd.o       code   0x0052c2    program   0x00002c
                    CTYPE       code   0x0052ee    program   0x000024
                    .code       code   0x005312    program   0x000020
             _startup_scn       code   0x005332    program   0x00001c
                    STDIO       code   0x00534e    program   0x00001c
             D100TCYXCODE       code   0x00536a    program   0x00001c
              D10TCYXCODE       code   0x005386    program   0x000016
          .code_adcread.o       code   0x00539c    program   0x000012
      .romdata_vfprintf.o    romdata   0x0053ae    program   0x000011
       .idata_adcread.o_i    romdata   0x0053bf    program   0x000000
        .idata___init.o_i    romdata   0x0053bf    program   0x000000
      .idata_writdata.o_i    romdata   0x0053bf    program   0x000000
       .romdata_sprintf.o    romdata   0x0053bf    program   0x000000
      .romdata_putsxlcd.o    romdata   0x0053bf    program   0x000000
         .idata_c018i.o_i    romdata   0x0053bf    program   0x000000
      .idata_openxlcd.o_i    romdata   0x0053bf    program   0x000000
         .romdata_debug.o    romdata   0x0053bf    program   0x000000
          .romdata_main.o    romdata   0x0053bf    program   0x000000
         .idata_scale.o_i    romdata   0x0053bf    program   0x000000
        .idata_timers.o_i    romdata   0x0053bf    program   0x000000
.idata_usb_function_hid.o_i    romdata   0x0053bf    program   0x000000
.romdata_usb_function_hid.o    romdata   0x0053bf    program   0x000000
       .idata_adcbusy.o_i    romdata   0x0053bf    program   0x000000
       .romdata_adcopen.o    romdata   0x0053bf    program   0x000000
      .romdata_fxd1616u.o    romdata   0x0053bf    program   0x000000
      .idata_fxd1616u.o_i    romdata   0x0053bf    program   0x000000
       .idata_adcconv.o_i    romdata   0x0053bf    program   0x000000
       .romdata_adcbusy.o    romdata   0x0053bf    program   0x000000
      .romdata_busyxlcd.o    romdata   0x0053bf    program   0x000000
          .code_adcbusy.o       code   0x0053c0    program   0x00000a
             .code_main.o       code   0x0053c0    program   0x000000
         .code_adcclose.o       code   0x0053ca    program   0x000006
          .code_adcconv.o       code   0x0053d0    program   0x000004
       .code__user_putc.o       code   0x0053d4    program   0x000002
           .code___init.o       code   0x0053d6    program   0x000002
          .idata_main.o_i    romdata   0x0053d8    program   0x0000d0
     .idata_frequency.o_i    romdata   0x0054a8    program   0x000064
            .idata_db.o_i    romdata   0x00550c    program   0x000011
          .idata_band.o_i    romdata   0x00551d    program   0x000017
    .config_300000_main.o    romdata   0x300000    program   0x000001
    .config_300001_main.o    romdata   0x300001    program   0x000001
    .config_300002_main.o    romdata   0x300002    program   0x000001
    .config_300003_main.o    romdata   0x300003    program   0x000001
    .config_300005_main.o    romdata   0x300005    program   0x000001
    .config_300006_main.o    romdata   0x300006    program   0x000001
    .config_300008_main.o    romdata   0x300008    program   0x000001
    .config_300009_main.o    romdata   0x300009    program   0x000001
    .config_30000a_main.o    romdata   0x30000a    program   0x000001
    .config_30000b_main.o    romdata   0x30000b    program   0x000001
    .config_30000c_main.o    romdata   0x30000c    program   0x000001
    .config_30000d_main.o    romdata   0x30000d    program   0x000001
                MATH_DATA      udata   0x000000       data   0x000014
                 .tmpdata      udata   0x000014       data   0x000010
  highPriorityISRCode_tmp      udata   0x000024       data   0x000004
                DELAYDAT2      udata   0x000028       data   0x000001
                DELAYDAT1      udata   0x000029       data   0x000001
           .udata_debug.o      udata   0x000060       data   0x000086
              .udata_db.o      udata   0x0000e6       data   0x00001a
            .idata_main.o      idata   0x000100       data   0x0000d0
      .udata_usb_device.o      udata   0x0001d0       data   0x00002e
.udata_usb_function_hid.o      udata   0x0001fe       data   0x000002
       .idata_frequency.o      idata   0x000200       data   0x000064
            .udata_main.o      udata   0x000264       data   0x00004e
            .idata_band.o      idata   0x0002b2       data   0x000017
              .idata_db.o      idata   0x0002c9       data   0x000011
       .udata_frequency.o      udata   0x0002da       data   0x00000d
           .udata_c018i.o      udata   0x0002e7       data   0x00000a
           .udata_scale.o      udata   0x0002f1       data   0x000005
            .udata_band.o      udata   0x0002f6       data   0x000005
          .idata_eeprom.o      idata   0x0002fb       data   0x000001
         .idata_adcopen.o      idata   0x0002fc       data   0x000000
         .udata_adcopen.o      udata   0x0002fc       data   0x000000
         .udata_adcread.o      udata   0x0002fc       data   0x000000
         .idata_fxm3232.o      idata   0x0002fc       data   0x000000
         .udata_fxm3232.o      udata   0x0002fc       data   0x000000
         .idata_adcread.o      idata   0x0002fc       data   0x000000
        .udata_setddram.o      udata   0x0002fc       data   0x000000
        .idata_setddram.o      idata   0x0002fc       data   0x000000
        .udata_wcmdxlcd.o      udata   0x0002fc       data   0x000000
        .idata_wcmdxlcd.o      idata   0x0002fc       data   0x000000
        .idata_fxd3232u.o      idata   0x0002fc       data   0x000000
        .udata_writdata.o      udata   0x0002fc       data   0x000000
        .idata_writdata.o      idata   0x0002fc       data   0x000000
          .udata___init.o      udata   0x0002fc       data   0x000000
          .idata___init.o      idata   0x0002fc       data   0x000000
        .udata_putsxlcd.o      udata   0x0002fc       data   0x000000
        .idata_putsxlcd.o      idata   0x0002fc       data   0x000000
         .udata_sprintf.o      udata   0x0002fc       data   0x000000
         .idata_sprintf.o      idata   0x0002fc       data   0x000000
        .udata_vfprintf.o      udata   0x0002fc       data   0x000000
        .idata_vfprintf.o      idata   0x0002fc       data   0x000000
            .udata_putc.o      udata   0x0002fc       data   0x000000
            .idata_putc.o      idata   0x0002fc       data   0x000000
      .udata__user_putc.o      udata   0x0002fc       data   0x000000
      .idata__user_putc.o      idata   0x0002fc       data   0x000000
           .idata_c018i.o      idata   0x0002fc       data   0x000000
        .udata_openxlcd.o      udata   0x0002fc       data   0x000000
        .idata_openxlcd.o      idata   0x0002fc       data   0x000000
      .idata_usb_device.o      idata   0x0002fc       data   0x000000
           .idata_debug.o      idata   0x0002fc       data   0x000000
          .udata_eeprom.o      udata   0x0002fc       data   0x000000
           .idata_scale.o      idata   0x0002fc       data   0x000000
          .udata_timers.o      udata   0x0002fc       data   0x000000
          .idata_timers.o      idata   0x0002fc       data   0x000000
 .udata_usb_descriptors.o      udata   0x0002fc       data   0x000000
 .idata_usb_descriptors.o      idata   0x0002fc       data   0x000000
.idata_usb_function_hid.o      idata   0x0002fc       data   0x000000
         .udata_adcbusy.o      udata   0x0002fc       data   0x000000
         .idata_adcbusy.o      idata   0x0002fc       data   0x000000
        .udata_busyxlcd.o      udata   0x0002fc       data   0x000000
        .idata_busyxlcd.o      idata   0x0002fc       data   0x000000
        .udata_adcclose.o      udata   0x0002fc       data   0x000000
        .idata_adcclose.o      idata   0x0002fc       data   0x000000
         .udata_adcconv.o      udata   0x0002fc       data   0x000000
         .idata_adcconv.o      idata   0x0002fc       data   0x000000
        .udata_fxd1616u.o      udata   0x0002fc       data   0x000000
        .idata_fxd1616u.o      idata   0x0002fc       data   0x000000
        .udata_fxd3232u.o      udata   0x0002fc       data   0x000000
                   .stack      udata   0x000300       data   0x000100
                  USB_BDT      udata   0x000400       data   0x000036
            USB_VARIABLES      udata   0x000500       data   0x000080
            SFR_UNBANKED0      udata   0x000f66       data   0x00009a



                              Program Memory Usage 
                               Start         End      
                           ---------   ---------      
                            0x000000    0x000005      
                            0x000008    0x00000d      
                            0x000018    0x0008fd      
                            0x001000    0x001005      
                            0x001008    0x00100d      
                            0x001018    0x00101d      
                            0x00102a    0x004ddc      
                            0x004dde    0x0053be      
                            0x0053c0    0x005533      
                            0x300000    0x300003      
                            0x300005    0x300006      
                            0x300008    0x30000d      
            19992 out of 33048 program addresses used, program memory utilization is 60%



                              Symbols - Sorted by Name
                     Name    Address   Location    Storage File                     
                ---------  ---------  ---------  --------- ---------                
                  BusyADC   0x0053c0    program     extern E:\3.46\pic18-lt\cxx-framework\src\pmc_common\ADC\adcbusy.c
                 BusyXLCD   0x0052c2    program     extern E:\3.46\pic18-lt\cxx-framework\src\pmc_common\XLCD\busyxlcd.c
                 CloseADC   0x0053ca    program     extern E:\3.46\pic18-lt\cxx-framework\src\pmc_common\ADC\adcclose.c
               ConvertADC   0x0053d0    program     extern E:\3.46\pic18-lt\cxx-framework\src\pmc_common\ADC\adcconv.c
                   D100_1   0x005378    program     static E:\3.46\pic18-lt\cxx-framework\src\traditional\delays\d100tcyx.asm
                    D100x   0x005376    program     static E:\3.46\pic18-lt\cxx-framework\src\traditional\delays\d100tcyx.asm
                   D10K_1   0x005274    program     static E:\3.46\pic18-lt\cxx-framework\src\traditional\delays\d10ktcyx.asm
                    D10Kl   0x005280    program     static E:\3.46\pic18-lt\cxx-framework\src\traditional\delays\d10ktcyx.asm
                    D10Kx   0x005272    program     static E:\3.46\pic18-lt\cxx-framework\src\traditional\delays\d10ktcyx.asm
                    D10_1   0x005396    program     static E:\3.46\pic18-lt\cxx-framework\src\traditional\delays\d10tcyx.asm
                     D10x   0x00538e    program     static E:\3.46\pic18-lt\cxx-framework\src\traditional\delays\d10tcyx.asm
                   D1616S   0x0034fc    program     static E:\3.46\pic18-lt\cxx-framework\src\traditional\math\fxd1616s.asm
                D1616SNEG   0x00350a    program     static E:\3.46\pic18-lt\cxx-framework\src\traditional\math\fxd1616s.asm
                 D1616SOK   0x003506    program     static E:\3.46\pic18-lt\cxx-framework\src\traditional\math\fxd1616s.asm
                  D1616SX   0x00351c    program     static E:\3.46\pic18-lt\cxx-framework\src\traditional\math\fxd1616s.asm
                  DA1616S   0x0034ec    program     static E:\3.46\pic18-lt\cxx-framework\src\traditional\math\fxd1616s.asm
             Delay100TCYx   0x00536a    program     extern E:\3.46\pic18-lt\cxx-framework\src\traditional\delays\d100tcyx.asm
             Delay10KTCYx   0x005268    program     extern E:\3.46\pic18-lt\cxx-framework\src\traditional\delays\d10ktcyx.asm
              Delay10TCYx   0x005386    program     extern E:\3.46\pic18-lt\cxx-framework\src\traditional\delays\d10tcyx.asm
            DelayFor18TCY   0x00482e    program     extern C:\MCC18\v3.47\src\pmc_common\XLCD\openxlcd.c
             DelayPORXLCD   0x00483a    program     extern C:\MCC18\v3.47\src\pmc_common\XLCD\openxlcd.c
                DelayXLCD   0x004846    program     extern C:\MCC18\v3.47\src\pmc_common\XLCD\openxlcd.c
         EEPROM_getPlayer   0x004c44    program     extern C:\Users\davidq\Documents\GitHub\arcade\Firmware\2550\FrequencyMeter_2550_USB\eeprom.c
              EEPROM_getc   0x004c24    program     extern C:\Users\davidq\Documents\GitHub\arcade\Firmware\2550\FrequencyMeter_2550_USB\eeprom.c
              EEPROM_putc   0x004bdc    program     extern C:\Users\davidq\Documents\GitHub\arcade\Firmware\2550\FrequencyMeter_2550_USB\eeprom.c
         EEPROM_setPlayer   0x004c50    program     extern C:\Users\davidq\Documents\GitHub\arcade\Firmware\2550\FrequencyMeter_2550_USB\eeprom.c
                 FLO1632S   0x0031d0    program     extern E:\3.46\pic18-lt\cxx-framework\src\traditional\math\cast16FP.asm
                 FLO1632U   0x0031cc    program     extern E:\3.46\pic18-lt\cxx-framework\src\traditional\math\cast16FP.asm
                 FLO3232S   0x0031fa    program     extern E:\3.46\pic18-lt\cxx-framework\src\traditional\math\cast32FP.asm
                 FLO3232U   0x0031f6    program     extern E:\3.46\pic18-lt\cxx-framework\src\traditional\math\cast32FP.asm
                    FPA32   0x00322e    program     extern E:\3.46\pic18-lt\cxx-framework\src\traditional\math\addFP.asm
                    FPD32   0x00335a    program     extern E:\3.46\pic18-lt\cxx-framework\src\traditional\math\divFP.asm
                    FPM32   0x003400    program     extern E:\3.46\pic18-lt\cxx-framework\src\traditional\math\mulFP.asm
                    FPS32   0x00322c    program     extern E:\3.46\pic18-lt\cxx-framework\src\traditional\math\addFP.asm
                 FXD1616S   0x0034da    program     extern E:\3.46\pic18-lt\cxx-framework\src\traditional\math\fxd1616s.asm
                 FXD1616U   0x005296    program     extern E:\3.46\pic18-lt\cxx-framework\src\traditional\math\fxd1616u.c
                 FXD3232U   0x005220    program     extern E:\3.46\pic18-lt\cxx-framework\src\traditional\math\fxd3232u.c
                 FXM1616S   0x0037ba    program     extern E:\3.46\pic18-lt\cxx-framework\src\traditional\math\fxm1616s.asm
                  FXM3232   0x004f9a    program     extern E:\3.46\pic18-lt\cxx-framework\src\traditional\math\fxm3232.c
                 High_ISR   0x000008    program     extern C:\Users\davidq\Documents\GitHub\arcade\Firmware\2550\FrequencyMeter_2550_USB\main.c
                  INT3216   0x003526    program     extern E:\3.46\pic18-lt\cxx-framework\src\traditional\math\castFP16.asm
                  INT3232   0x003584    program     extern E:\3.46\pic18-lt\cxx-framework\src\traditional\math\castFP32.asm
                  Low_ISR   0x000018    program     extern C:\Users\davidq\Documents\GitHub\arcade\Firmware\2550\FrequencyMeter_2550_USB\main.c
                  OneByte   0x00481c    program     static E:\3.46\pic18-lt\cxx-framework\src\traditional\stdclib\itobcd.asm
                  OpenADC   0x00500a    program     extern E:\3.46\pic18-lt\cxx-framework\src\pmc_common\ADC\adcopen.c
                 OpenXLCD   0x004868    program     extern C:\MCC18\v3.47\src\pmc_common\XLCD\openxlcd.c
                ProcLower   0x0047d0    program     static E:\3.46\pic18-lt\cxx-framework\src\traditional\stdclib\itoa.asm
                ProcUpper   0x0047c6    program     static E:\3.46\pic18-lt\cxx-framework\src\traditional\stdclib\itoa.asm
                  ReadADC   0x00539c    program     extern E:\3.46\pic18-lt\cxx-framework\src\pmc_common\ADC\adcread.c
        Remapped_High_ISR   0x001008    program     extern C:\Users\davidq\Documents\GitHub\arcade\Firmware\2550\FrequencyMeter_2550_USB\main.c
         Remapped_Low_ISR   0x001018    program     extern C:\Users\davidq\Documents\GitHub\arcade\Firmware\2550\FrequencyMeter_2550_USB\main.c
             SetDDRamAddr   0x0050d8    program     extern E:\3.46\pic18-lt\cxx-framework\src\pmc_common\XLCD\setddram.c
                  TALTB32   0x0035f2    program     extern E:\3.46\pic18-lt\cxx-framework\src\traditional\math\ltFP.asm
               TSIGN1616A   0x003806    program     static E:\3.46\pic18-lt\cxx-framework\src\traditional\math\fxm1616s.asm
                 TstLower   0x0047ba    program     static E:\3.46\pic18-lt\cxx-framework\src\traditional\stdclib\itoa.asm
                 TstUpper   0x0047b4    program     static E:\3.46\pic18-lt\cxx-framework\src\traditional\stdclib\itoa.asm
       USBCBCheckOtherReq   0x0007ea    program     extern C:\Users\davidq\Documents\GitHub\arcade\Firmware\2550\FrequencyMeter_2550_USB\main.c
        USBCBErrorHandler   0x0007e8    program     extern C:\Users\davidq\Documents\GitHub\arcade\Firmware\2550\FrequencyMeter_2550_USB\main.c
              USBCBInitEP   0x0007f0    program     extern C:\Users\davidq\Documents\GitHub\arcade\Firmware\2550\FrequencyMeter_2550_USB\main.c
          USBCBSendResume   0x000828    program     extern C:\Users\davidq\Documents\GitHub\arcade\Firmware\2550\FrequencyMeter_2550_USB\main.c
    USBCBStdSetDscHandler   0x0007ee    program     extern C:\Users\davidq\Documents\GitHub\arcade\Firmware\2550\FrequencyMeter_2550_USB\main.c
             USBCBSuspend   0x0007e2    program     extern C:\Users\davidq\Documents\GitHub\arcade\Firmware\2550\FrequencyMeter_2550_USB\main.c
     USBCBWakeFromSuspend   0x0007e4    program     extern C:\Users\davidq\Documents\GitHub\arcade\Firmware\2550\FrequencyMeter_2550_USB\main.c
        USBCB_SOF_Handler   0x0007e6    program     extern C:\Users\davidq\Documents\GitHub\arcade\Firmware\2550\FrequencyMeter_2550_USB\main.c
              USBCancelIO   0x0024fa    program     extern C:\Users\davidq\Documents\GitHub\arcade\Firmware\2550\2550_QBW_magic_LED\usb_device.c
       USBCheckHIDRequest   0x004a32    program     extern C:\Users\davidq\Documents\GitHub\arcade\Firmware\2550\Microchip Solutions v2011-07-14\Microchip\USB\HID Device Driver\usb_function_hid.c
       USBCheckStdRequest   0x0015d4    program     static C:\Users\davidq\Documents\GitHub\arcade\Firmware\2550\2550_QBW_magic_LED\usb_device.c
     USBConfigureEndpoint   0x0021ec    program     static C:\Users\davidq\Documents\GitHub\arcade\Firmware\2550\2550_QBW_magic_LED\usb_device.c
  USBCtrlEPAllowDataStage   0x0019ce    program     extern C:\Users\davidq\Documents\GitHub\arcade\Firmware\2550\2550_QBW_magic_LED\usb_device.c
USBCtrlEPAllowStatusStage   0x00192c    program     extern C:\Users\davidq\Documents\GitHub\arcade\Firmware\2550\2550_QBW_magic_LED\usb_device.c
         USBCtrlEPService   0x0013a4    program     static C:\Users\davidq\Documents\GitHub\arcade\Firmware\2550\2550_QBW_magic_LED\usb_device.c
 USBCtrlEPServiceComplete   0x001e2a    program     static C:\Users\davidq\Documents\GitHub\arcade\Firmware\2550\2550_QBW_magic_LED\usb_device.c
      USBCtrlTrfInHandler   0x00151e    program     static C:\Users\davidq\Documents\GitHub\arcade\Firmware\2550\2550_QBW_magic_LED\usb_device.c
     USBCtrlTrfOutHandler   0x0014d2    program     static C:\Users\davidq\Documents\GitHub\arcade\Firmware\2550\2550_QBW_magic_LED\usb_device.c
      USBCtrlTrfRxService   0x001fb0    program     static C:\Users\davidq\Documents\GitHub\arcade\Firmware\2550\2550_QBW_magic_LED\usb_device.c
   USBCtrlTrfSetupHandler   0x001474    program     static C:\Users\davidq\Documents\GitHub\arcade\Firmware\2550\2550_QBW_magic_LED\usb_device.c
      USBCtrlTrfTxService   0x001eec    program     static C:\Users\davidq\Documents\GitHub\arcade\Firmware\2550\2550_QBW_magic_LED\usb_device.c
            USBDeviceInit   0x001068    program     extern C:\Users\davidq\Documents\GitHub\arcade\Firmware\2550\2550_QBW_magic_LED\usb_device.c
           USBDeviceTasks   0x001180    program     extern C:\Users\davidq\Documents\GitHub\arcade\Firmware\2550\2550_QBW_magic_LED\usb_device.c
        USBEnableEndpoint   0x0022a6    program     extern C:\Users\davidq\Documents\GitHub\arcade\Firmware\2550\2550_QBW_magic_LED\usb_device.c
         USBStallEndpoint   0x002314    program     extern C:\Users\davidq\Documents\GitHub\arcade\Firmware\2550\2550_QBW_magic_LED\usb_device.c
          USBStallHandler   0x00131a    program     static C:\Users\davidq\Documents\GitHub\arcade\Firmware\2550\2550_QBW_magic_LED\usb_device.c
  USBStdFeatureReqHandler   0x00169e    program     static C:\Users\davidq\Documents\GitHub\arcade\Firmware\2550\2550_QBW_magic_LED\usb_device.c
      USBStdGetDscHandler   0x001a4e    program     static C:\Users\davidq\Documents\GitHub\arcade\Firmware\2550\2550_QBW_magic_LED\usb_device.c
   USBStdGetStatusHandler   0x001d5a    program     static C:\Users\davidq\Documents\GitHub\arcade\Firmware\2550\2550_QBW_magic_LED\usb_device.c
      USBStdSetCfgHandler   0x0020f0    program     static C:\Users\davidq\Documents\GitHub\arcade\Firmware\2550\2550_QBW_magic_LED\usb_device.c
               USBSuspend   0x00134c    program     static C:\Users\davidq\Documents\GitHub\arcade\Firmware\2550\2550_QBW_magic_LED\usb_device.c
     USBTransferOnePacket   0x0023f4    program     extern C:\Users\davidq\Documents\GitHub\arcade\Firmware\2550\2550_QBW_magic_LED\usb_device.c
       USBWakeFromSuspend   0x001376    program     static C:\Users\davidq\Documents\GitHub\arcade\Firmware\2550\2550_QBW_magic_LED\usb_device.c
               USB_CD_Ptr   0x004477    program     extern C:\Users\davidq\Documents\GitHub\arcade\Firmware\2550\FrequencyMeter_2550_USB\usb_descriptors.c
               USB_SD_Ptr   0x004479    program     extern C:\Users\davidq\Documents\GitHub\arcade\Firmware\2550\FrequencyMeter_2550_USB\usb_descriptors.c
            USB_SD_Ptr_p0   0x004481    program     extern C:\Users\davidq\Documents\GitHub\arcade\Firmware\2550\FrequencyMeter_2550_USB\usb_descriptors.c
            USB_SD_Ptr_p1   0x004489    program     extern C:\Users\davidq\Documents\GitHub\arcade\Firmware\2550\FrequencyMeter_2550_USB\usb_descriptors.c
            USB_SD_Ptr_p2   0x004491    program     extern C:\Users\davidq\Documents\GitHub\arcade\Firmware\2550\FrequencyMeter_2550_USB\usb_descriptors.c
            USB_SD_Ptr_p3   0x004499    program     extern C:\Users\davidq\Documents\GitHub\arcade\Firmware\2550\FrequencyMeter_2550_USB\usb_descriptors.c
            USB_SD_Ptr_p4   0x0044a1    program     extern C:\Users\davidq\Documents\GitHub\arcade\Firmware\2550\FrequencyMeter_2550_USB\usb_descriptors.c
            USB_SD_Ptr_p5   0x0044a9    program     extern C:\Users\davidq\Documents\GitHub\arcade\Firmware\2550\FrequencyMeter_2550_USB\usb_descriptors.c
            USB_SD_Ptr_p6   0x0044b1    program     extern C:\Users\davidq\Documents\GitHub\arcade\Firmware\2550\FrequencyMeter_2550_USB\usb_descriptors.c
            USB_SD_Ptr_p7   0x0044b9    program     extern C:\Users\davidq\Documents\GitHub\arcade\Firmware\2550\FrequencyMeter_2550_USB\usb_descriptors.c
            USB_SD_Ptr_p8   0x0044c1    program     extern C:\Users\davidq\Documents\GitHub\arcade\Firmware\2550\FrequencyMeter_2550_USB\usb_descriptors.c
            USB_SD_Ptr_p9   0x0044c9    program     extern C:\Users\davidq\Documents\GitHub\arcade\Firmware\2550\FrequencyMeter_2550_USB\usb_descriptors.c
USER_USB_CALLBACK_EVENT_HANDLER   0x00086c    program     extern C:\Users\davidq\Documents\GitHub\arcade\Firmware\2550\FrequencyMeter_2550_USB\main.c
             WriteCmdXLCD   0x005180    program     extern E:\3.46\pic18-lt\cxx-framework\src\pmc_common\XLCD\wcmdxlcd.c
            WriteDataXLCD   0x00512e    program     extern E:\3.46\pic18-lt\cxx-framework\src\pmc_common\XLCD\writdata.c
              _2jContinue   0x004e9c    program     static E:\3.46\pic18-lt\cxx-framework\src\traditional\stdclib\memset.asm
                   _2jEnd   0x004f00    program     static E:\3.46\pic18-lt\cxx-framework\src\traditional\stdclib\slenpgm.asm
                   _3jEnd   0x004ea6    program     static E:\3.46\pic18-lt\cxx-framework\src\traditional\stdclib\memset.asm
       _D100TCYXCODE_0008   0x005372    program     static E:\3.46\pic18-lt\cxx-framework\src\traditional\delays\d100tcyx.asm
       _D100TCYXCODE_0012   0x00537c    program     static E:\3.46\pic18-lt\cxx-framework\src\traditional\delays\d100tcyx.asm
       _D100TCYXCODE_0018   0x005382    program     static E:\3.46\pic18-lt\cxx-framework\src\traditional\delays\d100tcyx.asm
       _D10KTCYXCODE_0010   0x005278    program     static E:\3.46\pic18-lt\cxx-framework\src\traditional\delays\d10ktcyx.asm
       _D10KTCYXCODE_001C   0x005284    program     static E:\3.46\pic18-lt\cxx-framework\src\traditional\delays\d10ktcyx.asm
        _D10TCYXCODE_000A   0x005390    program     static E:\3.46\pic18-lt\cxx-framework\src\traditional\delays\d10tcyx.asm
        _D10TCYXCODE_000C   0x005392    program     static E:\3.46\pic18-lt\cxx-framework\src\traditional\delays\d10tcyx.asm
        _D10TCYXCODE_000E   0x005394    program     static E:\3.46\pic18-lt\cxx-framework\src\traditional\delays\d10tcyx.asm
              __FpCompare   0x003604    program     extern E:\3.46\pic18-lt\cxx-framework\src\traditional\math\compFP.asm
                 __FpExit   0x0036ba    program     extern E:\3.46\pic18-lt\cxx-framework\src\traditional\math\packFP.asm
                 __FpPack   0x0036e6    program     extern E:\3.46\pic18-lt\cxx-framework\src\traditional\math\packFP.asm
            __FpReturnNaN   0x0036ae    program     extern E:\3.46\pic18-lt\cxx-framework\src\traditional\math\packFP.asm
         __FpReturnNegInf   0x0036c0    program     extern E:\3.46\pic18-lt\cxx-framework\src\traditional\math\packFP.asm
        __FpReturnNegZero   0x0036d8    program     extern E:\3.46\pic18-lt\cxx-framework\src\traditional\math\packFP.asm
         __FpReturnPosInf   0x0036c6    program     extern E:\3.46\pic18-lt\cxx-framework\src\traditional\math\packFP.asm
        __FpReturnPosZero   0x0036e0    program     extern E:\3.46\pic18-lt\cxx-framework\src\traditional\math\packFP.asm
        __FpReturnSignInf   0x0036bc    program     extern E:\3.46\pic18-lt\cxx-framework\src\traditional\math\packFP.asm
       __FpReturnSignZero   0x0036d4    program     extern E:\3.46\pic18-lt\cxx-framework\src\traditional\math\packFP.asm
              __FpReturnW   0x00373e    program     extern E:\3.46\pic18-lt\cxx-framework\src\traditional\math\packFP.asm
              __FpUnPackA   0x00375e    program     extern E:\3.46\pic18-lt\cxx-framework\src\traditional\math\UnpackFP.asm
              __FpUnPackB   0x00378e    program     extern E:\3.46\pic18-lt\cxx-framework\src\traditional\math\UnpackFP.asm
           ___?:_lbl00051   0x0005c8    program     static                          
           ___?:_lbl00052   0x0005b8    program     static                          
           ___?:_lbl00058   0x000634    program     static                          
           ___?:_lbl00059   0x000624    program     static                          
           ___?:_lbl00063   0x000684    program     static                          
           ___?:_lbl00064   0x000674    program     static                          
           ___?:_lbl00066   0x0006ce    program     static                          
           ___?:_lbl00067   0x0006be    program     static                          
     ___case_128_lbl00061   0x000662    program     static                          
     ___case_129_lbl00062   0x000664    program     static                          
     ___case_130_lbl00069   0x0006b2    program     static                          
      ___case_16_lbl00057   0x000608    program     static                          
     ___case_238_lbl00071   0x00070a    program     static                          
     ___case_255_lbl00070   0x0006fc    program     static                          
      ___default_lbl00072   0x00074e    program     static                          
           ___if_lbl00007   0x004c82    program     static                          
           ___if_lbl00050   0x0005ac    program     static                          
           ___if_lbl00055   0x0005e6    program     static                          
           ___if_lbl00060   0x000660    program     static                          
           ___if_lbl00065   0x0006b0    program     static                          
           ___if_lbl00068   0x0006fa    program     static                          
           ___if_lbl00073   0x0007e0    program     static                          
       ___return_lbl00000   0x001004    program     static                          
       ___return_lbl00000   0x004c1a    program     static                          
       ___return_lbl00000   0x005008    program     static                          
       ___return_lbl00000   0x000004    program     static                          
       ___return_lbl00000   0x005266    program     static                          
       ___return_lbl00000   0x0052c0    program     static                          
       ___return_lbl00001   0x00100c    program     static                          
       ___return_lbl00001   0x00534c    program     static                          
       ___return_lbl00002   0x00101c    program     static                          
       ___return_lbl00002   0x004e7a    program     static                          
       ___return_lbl00003   0x00000c    program     static                          
       ___return_lbl00004   0x00001c    program     static                          
       ___return_lbl00005   0x004c82    program     static                          
       ___return_lbl00048   0x0007e0    program     static                          
   ___switchexit_lbl00056   0x0007ba    program     static                          
        ___while_lbl00001   0x004c0e    program     static                          
        ___while_lbl00002   0x004c16    program     static                          
               __config_0   0x300000    program     static C:\Users\davidq\Documents\GitHub\arcade\Firmware\2550\FrequencyMeter_2550_USB\main.c
               __config_1   0x300001    program     static C:\Users\davidq\Documents\GitHub\arcade\Firmware\2550\FrequencyMeter_2550_USB\main.c
              __config_10   0x30000c    program     static C:\Users\davidq\Documents\GitHub\arcade\Firmware\2550\FrequencyMeter_2550_USB\main.c
              __config_11   0x30000d    program     static C:\Users\davidq\Documents\GitHub\arcade\Firmware\2550\FrequencyMeter_2550_USB\main.c
               __config_2   0x300002    program     static C:\Users\davidq\Documents\GitHub\arcade\Firmware\2550\FrequencyMeter_2550_USB\main.c
               __config_3   0x300003    program     static C:\Users\davidq\Documents\GitHub\arcade\Firmware\2550\FrequencyMeter_2550_USB\main.c
               __config_4   0x300005    program     static C:\Users\davidq\Documents\GitHub\arcade\Firmware\2550\FrequencyMeter_2550_USB\main.c
               __config_5   0x300006    program     static C:\Users\davidq\Documents\GitHub\arcade\Firmware\2550\FrequencyMeter_2550_USB\main.c
               __config_6   0x300008    program     static C:\Users\davidq\Documents\GitHub\arcade\Firmware\2550\FrequencyMeter_2550_USB\main.c
               __config_7   0x300009    program     static C:\Users\davidq\Documents\GitHub\arcade\Firmware\2550\FrequencyMeter_2550_USB\main.c
               __config_8   0x30000a    program     static C:\Users\davidq\Documents\GitHub\arcade\Firmware\2550\FrequencyMeter_2550_USB\main.c
               __config_9   0x30000b    program     static C:\Users\davidq\Documents\GitHub\arcade\Firmware\2550\FrequencyMeter_2550_USB\main.c
                   __init   0x0053d6    program     extern E:\3.46\pic18-lt\cxx-framework\src\traditional\stdclib\__init.c
                   __pa_0   0x0052dc    program     static E:\3.46\pic18-lt\cxx-framework\src\pmc_common\XLCD\busyxlcd.c
                   __pa_0   0x005210    program     static E:\3.46\pic18-lt\cxx-framework\src\pmc_common\XLCD\putsxlcd.c
                   __pa_0   0x005172    program     static E:\3.46\pic18-lt\cxx-framework\src\pmc_common\XLCD\writdata.c
                   __pa_0   0x002eea    program     static E:\3.46\pic18-lt\cxx-framework\src\traditional\stdclib\vfprintf.c
                   __pa_0   0x0051c4    program     static E:\3.46\pic18-lt\cxx-framework\src\pmc_common\XLCD\wcmdxlcd.c
                   __pa_0   0x005120    program     static E:\3.46\pic18-lt\cxx-framework\src\pmc_common\XLCD\setddram.c
                   __pa_1   0x002ef2    program     static E:\3.46\pic18-lt\cxx-framework\src\traditional\stdclib\vfprintf.c
                  __pa_10   0x002fa6    program     static E:\3.46\pic18-lt\cxx-framework\src\traditional\stdclib\vfprintf.c
                  __pa_11   0x002fb4    program     static E:\3.46\pic18-lt\cxx-framework\src\traditional\stdclib\vfprintf.c
                  __pa_12   0x002fca    program     static E:\3.46\pic18-lt\cxx-framework\src\traditional\stdclib\vfprintf.c
                  __pa_13   0x002fe4    program     static E:\3.46\pic18-lt\cxx-framework\src\traditional\stdclib\vfprintf.c
                  __pa_14   0x002ffc    program     static E:\3.46\pic18-lt\cxx-framework\src\traditional\stdclib\vfprintf.c
                  __pa_15   0x00300c    program     static E:\3.46\pic18-lt\cxx-framework\src\traditional\stdclib\vfprintf.c
                  __pa_16   0x003022    program     static E:\3.46\pic18-lt\cxx-framework\src\traditional\stdclib\vfprintf.c
                  __pa_17   0x003034    program     static E:\3.46\pic18-lt\cxx-framework\src\traditional\stdclib\vfprintf.c
                  __pa_18   0x003046    program     static E:\3.46\pic18-lt\cxx-framework\src\traditional\stdclib\vfprintf.c
                  __pa_19   0x003050    program     static E:\3.46\pic18-lt\cxx-framework\src\traditional\stdclib\vfprintf.c
                   __pa_2   0x002efc    program     static E:\3.46\pic18-lt\cxx-framework\src\traditional\stdclib\vfprintf.c
                  __pa_20   0x003060    program     static E:\3.46\pic18-lt\cxx-framework\src\traditional\stdclib\vfprintf.c
                  __pa_21   0x003070    program     static E:\3.46\pic18-lt\cxx-framework\src\traditional\stdclib\vfprintf.c
                  __pa_22   0x003080    program     static E:\3.46\pic18-lt\cxx-framework\src\traditional\stdclib\vfprintf.c
                  __pa_23   0x00308c    program     static E:\3.46\pic18-lt\cxx-framework\src\traditional\stdclib\vfprintf.c
                  __pa_24   0x00309a    program     static E:\3.46\pic18-lt\cxx-framework\src\traditional\stdclib\vfprintf.c
                  __pa_25   0x0030a2    program     static E:\3.46\pic18-lt\cxx-framework\src\traditional\stdclib\vfprintf.c
                  __pa_26   0x0030ac    program     static E:\3.46\pic18-lt\cxx-framework\src\traditional\stdclib\vfprintf.c
                  __pa_27   0x0030b6    program     static E:\3.46\pic18-lt\cxx-framework\src\traditional\stdclib\vfprintf.c
                  __pa_28   0x0030be    program     static E:\3.46\pic18-lt\cxx-framework\src\traditional\stdclib\vfprintf.c
                  __pa_29   0x0030cc    program     static E:\3.46\pic18-lt\cxx-framework\src\traditional\stdclib\vfprintf.c
                   __pa_3   0x002f06    program     static E:\3.46\pic18-lt\cxx-framework\src\traditional\stdclib\vfprintf.c
                  __pa_30   0x0030e8    program     static E:\3.46\pic18-lt\cxx-framework\src\traditional\stdclib\vfprintf.c
                  __pa_31   0x003102    program     static E:\3.46\pic18-lt\cxx-framework\src\traditional\stdclib\vfprintf.c
                  __pa_32   0x00311c    program     static E:\3.46\pic18-lt\cxx-framework\src\traditional\stdclib\vfprintf.c
                  __pa_33   0x003134    program     static E:\3.46\pic18-lt\cxx-framework\src\traditional\stdclib\vfprintf.c
                  __pa_34   0x00313e    program     static E:\3.46\pic18-lt\cxx-framework\src\traditional\stdclib\vfprintf.c
                  __pa_35   0x00314c    program     static E:\3.46\pic18-lt\cxx-framework\src\traditional\stdclib\vfprintf.c
                  __pa_36   0x003154    program     static E:\3.46\pic18-lt\cxx-framework\src\traditional\stdclib\vfprintf.c
                  __pa_37   0x00315e    program     static E:\3.46\pic18-lt\cxx-framework\src\traditional\stdclib\vfprintf.c
                  __pa_38   0x00316e    program     static E:\3.46\pic18-lt\cxx-framework\src\traditional\stdclib\vfprintf.c
                  __pa_39   0x00317c    program     static E:\3.46\pic18-lt\cxx-framework\src\traditional\stdclib\vfprintf.c
                   __pa_4   0x002f1e    program     static E:\3.46\pic18-lt\cxx-framework\src\traditional\stdclib\vfprintf.c
                  __pa_40   0x003188    program     static E:\3.46\pic18-lt\cxx-framework\src\traditional\stdclib\vfprintf.c
                  __pa_41   0x003194    program     static E:\3.46\pic18-lt\cxx-framework\src\traditional\stdclib\vfprintf.c
                  __pa_42   0x00319c    program     static E:\3.46\pic18-lt\cxx-framework\src\traditional\stdclib\vfprintf.c
                  __pa_43   0x0031a6    program     static E:\3.46\pic18-lt\cxx-framework\src\traditional\stdclib\vfprintf.c
                  __pa_44   0x0031ac    program     static E:\3.46\pic18-lt\cxx-framework\src\traditional\stdclib\vfprintf.c
                  __pa_45   0x0031b6    program     static E:\3.46\pic18-lt\cxx-framework\src\traditional\stdclib\vfprintf.c
                  __pa_46   0x0031c2    program     static E:\3.46\pic18-lt\cxx-framework\src\traditional\stdclib\vfprintf.c
                   __pa_5   0x002f32    program     static E:\3.46\pic18-lt\cxx-framework\src\traditional\stdclib\vfprintf.c
                   __pa_6   0x002f4e    program     static E:\3.46\pic18-lt\cxx-framework\src\traditional\stdclib\vfprintf.c
                   __pa_7   0x002f58    program     static E:\3.46\pic18-lt\cxx-framework\src\traditional\stdclib\vfprintf.c
                   __pa_8   0x002f64    program     static E:\3.46\pic18-lt\cxx-framework\src\traditional\stdclib\vfprintf.c
                   __pa_9   0x002f86    program     static E:\3.46\pic18-lt\cxx-framework\src\traditional\stdclib\vfprintf.c
               __string_2   0x004da6    program     static C:\Users\davidq\Documents\GitHub\arcade\Firmware\2550\FrequencyMeter_2550_USB\main.c
               __string_3   0x004d8e    program     static C:\Users\davidq\Documents\GitHub\arcade\Firmware\2550\FrequencyMeter_2550_USB\main.c
               __string_4   0x004d76    program     static C:\Users\davidq\Documents\GitHub\arcade\Firmware\2550\FrequencyMeter_2550_USB\main.c
               __string_5   0x004d36    program     static C:\Users\davidq\Documents\GitHub\arcade\Firmware\2550\FrequencyMeter_2550_USB\main.c
               __tmplbl_0   0x004c70    program     static                          
               __tmplbl_1   0x004c68    program     static                          
               __tmplbl_2   0x0005aa    program     static                          
              __tmplbl_26   0x00059e    program     static                          
               __tmplbl_3   0x0005a4    program     static                          
               __tmplbl_4   0x0005e6    program     static                          
              __tmplbl_42   0x003080    program     static                          
              __tmplbl_43   0x002ec8    program     static                          
              __tmplbl_44   0x002eae    program     static                          
               __tmplbl_5   0x0005de    program     static                          
               __tmplbl_6   0x0005d6    program     static                          
              __tmplbl_85   0x002600    program     static                          
            __zero_memory   0x005312    program     extern E:\3.46\pic18-lt\cxx-framework\src\traditional\proc\p18f2550.asm
                _do_cinit   0x004dde    program     extern E:\3.46\pic18-lt\cxx-framework\src\traditional\startup\c018i.c
                   _entry   0x000000    program     extern E:\3.46\pic18-lt\cxx-framework\src\traditional\startup\c018i.c
                   _false   0x005262    program     static                          
                   _reset   0x001000    program     extern C:\Users\davidq\Documents\GitHub\arcade\Firmware\2550\FrequencyMeter_2550_USB\main.c
                 _startup   0x005332    program     extern E:\3.46\pic18-lt\cxx-framework\src\traditional\startup\c018i.c
              _usart_putc   0x00534e    program     extern E:\3.46\pic18-lt\cxx-framework\src\pmc_common\USART\_usartpc.asm
               _user_putc   0x0053d4    program     extern E:\3.46\pic18-lt\cxx-framework\src\traditional\stdclib\_user_putc.c
          applicationInit   0x00057c    program     extern C:\Users\davidq\Documents\GitHub\arcade\Firmware\2550\FrequencyMeter_2550_USB\main.c
                clearXLCD   0x004852    program     extern C:\MCC18\v3.47\src\pmc_common\XLCD\openxlcd.c
                compare_l   0x005328    program     static E:\3.46\pic18-lt\cxx-framework\src\traditional\proc\p18f2550.asm
        configDescriptor1   0x0042b6    program     extern C:\Users\davidq\Documents\GitHub\arcade\Firmware\2550\FrequencyMeter_2550_USB\usb_descriptors.c
    copyDebugToSendBuffer   0x004614    program     extern C:\Users\davidq\Documents\GitHub\arcade\Firmware\2550\FrequencyMeter_2550_USB\debug.c
                copy_loop   0x004e50    program     static                          
            copy_one_byte   0x004e56    program     static                          
          debugInitialise   0x0044d2    program     extern C:\Users\davidq\Documents\GitHub\arcade\Firmware\2550\FrequencyMeter_2550_USB\debug.c
                 debugOut   0x0044e2    program     extern C:\Users\davidq\Documents\GitHub\arcade\Firmware\2550\FrequencyMeter_2550_USB\debug.c
               device_dsc   0x0041f0    program     extern C:\Users\davidq\Documents\GitHub\arcade\Firmware\2550\FrequencyMeter_2550_USB\usb_descriptors.c
            device_dsc_p0   0x004202    program     extern C:\Users\davidq\Documents\GitHub\arcade\Firmware\2550\FrequencyMeter_2550_USB\usb_descriptors.c
            device_dsc_p1   0x004214    program     extern C:\Users\davidq\Documents\GitHub\arcade\Firmware\2550\FrequencyMeter_2550_USB\usb_descriptors.c
            device_dsc_p2   0x004226    program     extern C:\Users\davidq\Documents\GitHub\arcade\Firmware\2550\FrequencyMeter_2550_USB\usb_descriptors.c
            device_dsc_p3   0x004238    program     extern C:\Users\davidq\Documents\GitHub\arcade\Firmware\2550\FrequencyMeter_2550_USB\usb_descriptors.c
            device_dsc_p4   0x00424a    program     extern C:\Users\davidq\Documents\GitHub\arcade\Firmware\2550\FrequencyMeter_2550_USB\usb_descriptors.c
            device_dsc_p5   0x00425c    program     extern C:\Users\davidq\Documents\GitHub\arcade\Firmware\2550\FrequencyMeter_2550_USB\usb_descriptors.c
            device_dsc_p6   0x00426e    program     extern C:\Users\davidq\Documents\GitHub\arcade\Firmware\2550\FrequencyMeter_2550_USB\usb_descriptors.c
            device_dsc_p7   0x004280    program     extern C:\Users\davidq\Documents\GitHub\arcade\Firmware\2550\FrequencyMeter_2550_USB\usb_descriptors.c
            device_dsc_p8   0x004292    program     extern C:\Users\davidq\Documents\GitHub\arcade\Firmware\2550\FrequencyMeter_2550_USB\usb_descriptors.c
            device_dsc_p9   0x0042a4    program     extern C:\Users\davidq\Documents\GitHub\arcade\Firmware\2550\FrequencyMeter_2550_USB\usb_descriptors.c
                   doADC0   0x000148    program     extern C:\Users\davidq\Documents\GitHub\arcade\Firmware\2550\FrequencyMeter_2550_USB\main.c
              doFrequency   0x003b14    program     extern C:\Users\davidq\Documents\GitHub\arcade\Firmware\2550\FrequencyMeter_2550_USB\frequency.c
                 doNumber   0x003814    program     extern C:\Users\davidq\Documents\GitHub\arcade\Firmware\2550\FrequencyMeter_2550_USB\frequency.c
                  doScale   0x003a6e    program     extern C:\Users\davidq\Documents\GitHub\arcade\Firmware\2550\FrequencyMeter_2550_USB\frequency.c
                   doVolt   0x003d82    program     extern C:\Users\davidq\Documents\GitHub\arcade\Firmware\2550\FrequencyMeter_2550_USB\db.c
                     done   0x004e7a    program     static                          
             done_copying   0x004e64    program     static                          
                  endloop   0x0052bc    program     static                          
                hid_rpt01   0x00445b    program     extern C:\Users\davidq\Documents\GitHub\arcade\Firmware\2550\FrequencyMeter_2550_USB\usb_descriptors.c
      highPriorityISRCode   0x00001e    program     extern C:\Users\davidq\Documents\GitHub\arcade\Firmware\2550\FrequencyMeter_2550_USB\main.c
            initialisePic   0x00055e    program     static C:\Users\davidq\Documents\GitHub\arcade\Firmware\2550\FrequencyMeter_2550_USB\main.c
                  isdigit   0x0052ee    program     extern E:\3.46\pic18-lt\cxx-framework\src\traditional\stdclib\isdigit.asm
                   itoBCD   0x0047da    program     extern E:\3.46\pic18-lt\cxx-framework\src\traditional\stdclib\itobcd.asm
                     itoa   0x0046fa    program     extern E:\3.46\pic18-lt\cxx-framework\src\traditional\stdclib\itoa.asm
                 jANotInf   0x00341e    program     static E:\3.46\pic18-lt\cxx-framework\src\traditional\math\mulFP.asm
                 jANotInf   0x003256    program     static E:\3.46\pic18-lt\cxx-framework\src\traditional\math\addFP.asm
                 jANotInf   0x003378    program     static E:\3.46\pic18-lt\cxx-framework\src\traditional\math\divFP.asm
                 jANotNeg   0x0032ea    program     static E:\3.46\pic18-lt\cxx-framework\src\traditional\math\addFP.asm
                jANotZero   0x00338c    program     static E:\3.46\pic18-lt\cxx-framework\src\traditional\math\divFP.asm
              jAandWsetup   0x0032ba    program     static E:\3.46\pic18-lt\cxx-framework\src\traditional\math\addFP.asm
                  jAisNeg   0x003680    program     static E:\3.46\pic18-lt\cxx-framework\src\traditional\math\compFP.asm
                 jAltBexp   0x0032a8    program     static E:\3.46\pic18-lt\cxx-framework\src\traditional\math\addFP.asm
                jBANotInf   0x00324c    program     static E:\3.46\pic18-lt\cxx-framework\src\traditional\math\addFP.asm
                 jBNotInf   0x003264    program     static E:\3.46\pic18-lt\cxx-framework\src\traditional\math\addFP.asm
              jBothFinite   0x00342c    program     static E:\3.46\pic18-lt\cxx-framework\src\traditional\math\mulFP.asm
             jBothNotZero   0x003438    program     static E:\3.46\pic18-lt\cxx-framework\src\traditional\math\mulFP.asm
             jBothNotZero   0x003622    program     static E:\3.46\pic18-lt\cxx-framework\src\traditional\math\compFP.asm
            jDifOrPosSign   0x003278    program     static E:\3.46\pic18-lt\cxx-framework\src\traditional\math\addFP.asm
                     jDo1   0x004780    program     static E:\3.46\pic18-lt\cxx-framework\src\traditional\stdclib\itoa.asm
                     jDo2   0x00477c    program     static E:\3.46\pic18-lt\cxx-framework\src\traditional\stdclib\itoa.asm
                     jDo3   0x004778    program     static E:\3.46\pic18-lt\cxx-framework\src\traditional\stdclib\itoa.asm
                     jDo4   0x004774    program     static E:\3.46\pic18-lt\cxx-framework\src\traditional\stdclib\itoa.asm
                     jDo5   0x004770    program     static E:\3.46\pic18-lt\cxx-framework\src\traditional\stdclib\itoa.asm
                      jEQ   0x00363e    program     static E:\3.46\pic18-lt\cxx-framework\src\traditional\math\compFP.asm
                     jEnd   0x004f02    program     static E:\3.46\pic18-lt\cxx-framework\src\traditional\stdclib\slenpgm.asm
                     jEnd   0x004818    program     static E:\3.46\pic18-lt\cxx-framework\src\traditional\stdclib\itobcd.asm
                     jEnd   0x004eae    program     static E:\3.46\pic18-lt\cxx-framework\src\traditional\stdclib\memset.asm
                     jEnd   0x004eca    program     static E:\3.46\pic18-lt\cxx-framework\src\traditional\stdclib\strlen.asm
                    jExch   0x00364a    program     static E:\3.46\pic18-lt\cxx-framework\src\traditional\math\compFP.asm
                    jExit   0x003582    program     static E:\3.46\pic18-lt\cxx-framework\src\traditional\math\castFP16.asm
                    jExit   0x0035f0    program     static E:\3.46\pic18-lt\cxx-framework\src\traditional\math\castFP32.asm
                   jExpEQ   0x003690    program     static E:\3.46\pic18-lt\cxx-framework\src\traditional\math\compFP.asm
                   jFinal   0x003674    program     static E:\3.46\pic18-lt\cxx-framework\src\traditional\math\compFP.asm
               jFinalSign   0x003352    program     static E:\3.46\pic18-lt\cxx-framework\src\traditional\math\addFP.asm
                jHaveZero   0x003434    program     static E:\3.46\pic18-lt\cxx-framework\src\traditional\math\mulFP.asm
                jI2F16Beg   0x0031e0    program     static E:\3.46\pic18-lt\cxx-framework\src\traditional\math\cast16FP.asm
                jI2F32Beg   0x003212    program     static E:\3.46\pic18-lt\cxx-framework\src\traditional\math\cast32FP.asm
                    jLoop   0x004eea    program     static E:\3.46\pic18-lt\cxx-framework\src\traditional\stdclib\slenpgm.asm
                    jLoop   0x0033b4    program     static E:\3.46\pic18-lt\cxx-framework\src\traditional\math\divFP.asm
                    jLoop   0x004ec0    program     static E:\3.46\pic18-lt\cxx-framework\src\traditional\stdclib\strlen.asm
                    jLoop   0x003562    program     static E:\3.46\pic18-lt\cxx-framework\src\traditional\math\castFP16.asm
                    jLoop   0x0035c4    program     static E:\3.46\pic18-lt\cxx-framework\src\traditional\math\castFP32.asm
                    jLoop   0x004e90    program     static E:\3.46\pic18-lt\cxx-framework\src\traditional\stdclib\memset.asm
                    jLoop   0x0047f2    program     static E:\3.46\pic18-lt\cxx-framework\src\traditional\stdclib\itobcd.asm
                jLoopExit   0x0035d8    program     static E:\3.46\pic18-lt\cxx-framework\src\traditional\math\castFP32.asm
                jLoopExit   0x003572    program     static E:\3.46\pic18-lt\cxx-framework\src\traditional\math\castFP16.asm
                   jMatch   0x00530e    program     static E:\3.46\pic18-lt\cxx-framework\src\traditional\stdclib\isdigit.asm
                     jMax   0x003536    program     static E:\3.46\pic18-lt\cxx-framework\src\traditional\math\castFP16.asm
                     jMax   0x003594    program     static E:\3.46\pic18-lt\cxx-framework\src\traditional\math\castFP32.asm
                  jMaxNeg   0x0035a6    program     static E:\3.46\pic18-lt\cxx-framework\src\traditional\math\castFP32.asm
                  jMaxNeg   0x003544    program     static E:\3.46\pic18-lt\cxx-framework\src\traditional\math\castFP16.asm
                  jMaxPos   0x00353a    program     static E:\3.46\pic18-lt\cxx-framework\src\traditional\math\castFP16.asm
                  jMaxPos   0x003598    program     static E:\3.46\pic18-lt\cxx-framework\src\traditional\math\castFP32.asm
                      jNE   0x003642    program     static E:\3.46\pic18-lt\cxx-framework\src\traditional\math\compFP.asm
                    jNext   0x0033da    program     static E:\3.46\pic18-lt\cxx-framework\src\traditional\math\divFP.asm
                jNoAdjust   0x0033d8    program     static E:\3.46\pic18-lt\cxx-framework\src\traditional\math\divFP.asm
                  jNoExch   0x00366a    program     static E:\3.46\pic18-lt\cxx-framework\src\traditional\math\compFP.asm
                 jNoMatch   0x005310    program     static E:\3.46\pic18-lt\cxx-framework\src\traditional\stdclib\isdigit.asm
             jNotBothZero   0x00327c    program     static E:\3.46\pic18-lt\cxx-framework\src\traditional\math\addFP.asm
                  jNotInf   0x0035b2    program     static E:\3.46\pic18-lt\cxx-framework\src\traditional\math\castFP32.asm
                  jNotInf   0x003552    program     static E:\3.46\pic18-lt\cxx-framework\src\traditional\math\castFP16.asm
                  jPkLoop   0x0036f4    program     static E:\3.46\pic18-lt\cxx-framework\src\traditional\math\packFP.asm
             jPkRoundDone   0x00373e    program     static E:\3.46\pic18-lt\cxx-framework\src\traditional\math\packFP.asm
               jPkRoundIt   0x003726    program     static E:\3.46\pic18-lt\cxx-framework\src\traditional\math\packFP.asm
             jPkShiftDone   0x003710    program     static E:\3.46\pic18-lt\cxx-framework\src\traditional\math\packFP.asm
           jReturnPosInf0   0x0036ca    program     static E:\3.46\pic18-lt\cxx-framework\src\traditional\math\packFP.asm
                  jRotate   0x00369c    program     static E:\3.46\pic18-lt\cxx-framework\src\traditional\math\compFP.asm
                   jShift   0x003686    program     static E:\3.46\pic18-lt\cxx-framework\src\traditional\math\compFP.asm
               jShiftDone   0x003312    program     static E:\3.46\pic18-lt\cxx-framework\src\traditional\math\addFP.asm
               jShiftLoop   0x003304    program     static E:\3.46\pic18-lt\cxx-framework\src\traditional\math\addFP.asm
                jSignDone   0x003342    program     static E:\3.46\pic18-lt\cxx-framework\src\traditional\math\addFP.asm
              jSignedZero   0x003382    program     static E:\3.46\pic18-lt\cxx-framework\src\traditional\math\divFP.asm
                 jSignsEQ   0x003626    program     static E:\3.46\pic18-lt\cxx-framework\src\traditional\math\compFP.asm
                jTstLowZ1   0x0047c4    program     static E:\3.46\pic18-lt\cxx-framework\src\traditional\stdclib\itoa.asm
                jTstSign1   0x004726    program     static E:\3.46\pic18-lt\cxx-framework\src\traditional\stdclib\itoa.asm
                  jUnpkA1   0x003768    program     static E:\3.46\pic18-lt\cxx-framework\src\traditional\math\UnpackFP.asm
                  jUnpkA2   0x003780    program     static E:\3.46\pic18-lt\cxx-framework\src\traditional\math\UnpackFP.asm
                 jUnpkANZ   0x003776    program     static E:\3.46\pic18-lt\cxx-framework\src\traditional\math\UnpackFP.asm
                  jUnpkB1   0x003798    program     static E:\3.46\pic18-lt\cxx-framework\src\traditional\math\UnpackFP.asm
                  jUnpkB2   0x0037b0    program     static E:\3.46\pic18-lt\cxx-framework\src\traditional\math\UnpackFP.asm
                 jUnpkBNZ   0x0037a6    program     static E:\3.46\pic18-lt\cxx-framework\src\traditional\math\UnpackFP.asm
                 jUnpkNaN   0x00378a    program     static E:\3.46\pic18-lt\cxx-framework\src\traditional\math\UnpackFP.asm
                 jWNotNeg   0x0032fe    program     static E:\3.46\pic18-lt\cxx-framework\src\traditional\math\addFP.asm
                   jWr123   0x00359e    program     static E:\3.46\pic18-lt\cxx-framework\src\traditional\math\castFP32.asm
                  jWrZ123   0x0035ae    program     static E:\3.46\pic18-lt\cxx-framework\src\traditional\math\castFP32.asm
                    jZero   0x00354c    program     static E:\3.46\pic18-lt\cxx-framework\src\traditional\math\castFP16.asm
                    jZero   0x0035ac    program     static E:\3.46\pic18-lt\cxx-framework\src\traditional\math\castFP32.asm
               jZero1and2   0x0036ce    program     static E:\3.46\pic18-lt\cxx-framework\src\traditional\math\packFP.asm
             lcd_showband   0x004930    program     extern C:\Users\davidq\Documents\GitHub\arcade\Firmware\2550\FrequencyMeter_2550_USB\band.c
               lcd_showdb   0x003fdc    program     extern C:\Users\davidq\Documents\GitHub\arcade\Firmware\2550\FrequencyMeter_2550_USB\db.c
            lcd_showscale   0x004b10    program     extern C:\Users\davidq\Documents\GitHub\arcade\Firmware\2550\FrequencyMeter_2550_USB\scale.c
                     loop   0x00522e    program     static                          
                     loop   0x0052a0    program     static                          
                     loop   0x00535e    program     static E:\3.46\pic18-lt\cxx-framework\src\pmc_common\USART\_usartpc.asm
                     loop   0x005342    program     static                          
                   loop_h   0x005320    program     static E:\3.46\pic18-lt\cxx-framework\src\traditional\proc\p18f2550.asm
                   loop_l   0x00532a    program     static E:\3.46\pic18-lt\cxx-framework\src\traditional\proc\p18f2550.asm
       lowPriorityISRCode   0x000110    program     extern C:\Users\davidq\Documents\GitHub\arcade\Firmware\2550\FrequencyMeter_2550_USB\main.c
                     main   0x000186    program     extern C:\Users\davidq\Documents\GitHub\arcade\Firmware\2550\FrequencyMeter_2550_USB\main.c
                   memset   0x004e7c    program     extern E:\3.46\pic18-lt\cxx-framework\src\traditional\stdclib\memset.asm
       processUsbCommands   0x00058e    program     extern C:\Users\davidq\Documents\GitHub\arcade\Firmware\2550\FrequencyMeter_2550_USB\main.c
                     putc   0x004f16    program     extern E:\3.46\pic18-lt\cxx-framework\src\traditional\stdclib\putc.c
                 putsXLCD   0x0051d2    program     extern E:\3.46\pic18-lt\cxx-framework\src\pmc_common\XLCD\putsxlcd.c
                    round   0x003f1c    program     extern C:\Users\davidq\Documents\GitHub\arcade\Firmware\2550\FrequencyMeter_2550_USB\db.c
                 s_digits   0x0053ae    program     static E:\3.46\pic18-lt\cxx-framework\src\traditional\stdclib\vfprintf.c
            s_put_n_chars   0x0025aa    program     static E:\3.46\pic18-lt\cxx-framework\src\traditional\stdclib\vfprintf.c
                    sd000   0x0042df    program     extern C:\Users\davidq\Documents\GitHub\arcade\Firmware\2550\FrequencyMeter_2550_USB\usb_descriptors.c
                    sd001   0x0042e3    program     extern C:\Users\davidq\Documents\GitHub\arcade\Firmware\2550\FrequencyMeter_2550_USB\usb_descriptors.c
                    sd002   0x0042fb    program     extern C:\Users\davidq\Documents\GitHub\arcade\Firmware\2550\FrequencyMeter_2550_USB\usb_descriptors.c
                 sd002_p0   0x004319    program     extern C:\Users\davidq\Documents\GitHub\arcade\Firmware\2550\FrequencyMeter_2550_USB\usb_descriptors.c
                 sd002_p1   0x004337    program     extern C:\Users\davidq\Documents\GitHub\arcade\Firmware\2550\FrequencyMeter_2550_USB\usb_descriptors.c
                 sd002_p2   0x004355    program     extern C:\Users\davidq\Documents\GitHub\arcade\Firmware\2550\FrequencyMeter_2550_USB\usb_descriptors.c
                 sd002_p3   0x004373    program     extern C:\Users\davidq\Documents\GitHub\arcade\Firmware\2550\FrequencyMeter_2550_USB\usb_descriptors.c
                 sd002_p4   0x004391    program     extern C:\Users\davidq\Documents\GitHub\arcade\Firmware\2550\FrequencyMeter_2550_USB\usb_descriptors.c
                 sd002_p5   0x0043af    program     extern C:\Users\davidq\Documents\GitHub\arcade\Firmware\2550\FrequencyMeter_2550_USB\usb_descriptors.c
                 sd002_p6   0x0043cd    program     extern C:\Users\davidq\Documents\GitHub\arcade\Firmware\2550\FrequencyMeter_2550_USB\usb_descriptors.c
                 sd002_p7   0x0043eb    program     extern C:\Users\davidq\Documents\GitHub\arcade\Firmware\2550\FrequencyMeter_2550_USB\usb_descriptors.c
                 sd002_p8   0x004409    program     extern C:\Users\davidq\Documents\GitHub\arcade\Firmware\2550\FrequencyMeter_2550_USB\usb_descriptors.c
                 sd002_p9   0x004427    program     extern C:\Users\davidq\Documents\GitHub\arcade\Firmware\2550\FrequencyMeter_2550_USB\usb_descriptors.c
                    sd003   0x004445    program     extern C:\Users\davidq\Documents\GitHub\arcade\Firmware\2550\FrequencyMeter_2550_USB\usb_descriptors.c
                  sprintf   0x004c8a    program     extern E:\3.46\pic18-lt\cxx-framework\src\traditional\stdclib\sprintf.c
                   strlen   0x004eb0    program     extern E:\3.46\pic18-lt\cxx-framework\src\traditional\stdclib\strlen.asm
                strlenpgm   0x004ecc    program     extern E:\3.46\pic18-lt\cxx-framework\src\traditional\stdclib\slenpgm.asm
                     test   0x004df8    program     static                          
               timer0Init   0x005078    program     extern C:\Users\davidq\Documents\GitHub\arcade\Firmware\2550\FrequencyMeter_2550_USB\timers.c
               timer1Init   0x0050a6    program     extern C:\Users\davidq\Documents\GitHub\arcade\Firmware\2550\FrequencyMeter_2550_USB\timers.c
               timersInit   0x0050c0    program     extern C:\Users\davidq\Documents\GitHub\arcade\Firmware\2550\FrequencyMeter_2550_USB\timers.c
                timersOff   0x0050c6    program     extern C:\Users\davidq\Documents\GitHub\arcade\Firmware\2550\FrequencyMeter_2550_USB\timers.c
                 timersOn   0x0050cc    program     extern C:\Users\davidq\Documents\GitHub\arcade\Firmware\2550\FrequencyMeter_2550_USB\timers.c
                 vfprintf   0x0025d6    program     extern E:\3.46\pic18-lt\cxx-framework\src\traditional\stdclib\vfprintf.c
               zero_block   0x005320    program     static E:\3.46\pic18-lt\cxx-framework\src\traditional\proc\p18f2550.asm
                   ADCON0   0x000fc2       data     extern E:\3.46\pic18-lt\cxx-framework\src\traditional\proc\p18f2550.asm
               ADCON0bits   0x000fc2       data     extern E:\3.46\pic18-lt\cxx-framework\src\traditional\proc\p18f2550.asm
                   ADCON1   0x000fc1       data     extern E:\3.46\pic18-lt\cxx-framework\src\traditional\proc\p18f2550.asm
               ADCON1bits   0x000fc1       data     extern E:\3.46\pic18-lt\cxx-framework\src\traditional\proc\p18f2550.asm
                   ADCON2   0x000fc0       data     extern E:\3.46\pic18-lt\cxx-framework\src\traditional\proc\p18f2550.asm
               ADCON2bits   0x000fc0       data     extern E:\3.46\pic18-lt\cxx-framework\src\traditional\proc\p18f2550.asm
                    ADRES   0x000fc3       data     extern E:\3.46\pic18-lt\cxx-framework\src\traditional\proc\p18f2550.asm
                   ADRESH   0x000fc4       data     extern E:\3.46\pic18-lt\cxx-framework\src\traditional\proc\p18f2550.asm
                   ADRESL   0x000fc3       data     extern E:\3.46\pic18-lt\cxx-framework\src\traditional\proc\p18f2550.asm
                  BAUDCON   0x000fb8       data     extern E:\3.46\pic18-lt\cxx-framework\src\traditional\proc\p18f2550.asm
              BAUDCONbits   0x000fb8       data     extern E:\3.46\pic18-lt\cxx-framework\src\traditional\proc\p18f2550.asm
                  BAUDCTL   0x000fb8       data     extern E:\3.46\pic18-lt\cxx-framework\src\traditional\proc\p18f2550.asm
              BAUDCTLbits   0x000fb8       data     extern E:\3.46\pic18-lt\cxx-framework\src\traditional\proc\p18f2550.asm
                      BDT   0x000400       data     extern C:\Users\davidq\Documents\GitHub\arcade\Firmware\2550\2550_QBW_magic_LED\usb_device.c
                      BSR   0x000fe0       data     extern E:\3.46\pic18-lt\cxx-framework\src\traditional\proc\p18f2550.asm
       BothEP0OutUOWNsSet   0x0001f3       data     extern C:\Users\davidq\Documents\GitHub\arcade\Firmware\2550\2550_QBW_magic_LED\usb_device.c
                   CCP1AS   0x000fb6       data     extern E:\3.46\pic18-lt\cxx-framework\src\traditional\proc\p18f2550.asm
               CCP1ASbits   0x000fb6       data     extern E:\3.46\pic18-lt\cxx-framework\src\traditional\proc\p18f2550.asm
                  CCP1CON   0x000fbd       data     extern E:\3.46\pic18-lt\cxx-framework\src\traditional\proc\p18f2550.asm
              CCP1CONbits   0x000fbd       data     extern E:\3.46\pic18-lt\cxx-framework\src\traditional\proc\p18f2550.asm
                  CCP1DEL   0x000fb7       data     extern E:\3.46\pic18-lt\cxx-framework\src\traditional\proc\p18f2550.asm
              CCP1DELbits   0x000fb7       data     extern E:\3.46\pic18-lt\cxx-framework\src\traditional\proc\p18f2550.asm
                  CCP2CON   0x000fba       data     extern E:\3.46\pic18-lt\cxx-framework\src\traditional\proc\p18f2550.asm
              CCP2CONbits   0x000fba       data     extern E:\3.46\pic18-lt\cxx-framework\src\traditional\proc\p18f2550.asm
                    CCPR1   0x000fbe       data     extern E:\3.46\pic18-lt\cxx-framework\src\traditional\proc\p18f2550.asm
                   CCPR1H   0x000fbf       data     extern E:\3.46\pic18-lt\cxx-framework\src\traditional\proc\p18f2550.asm
                   CCPR1L   0x000fbe       data     extern E:\3.46\pic18-lt\cxx-framework\src\traditional\proc\p18f2550.asm
                    CCPR2   0x000fbb       data     extern E:\3.46\pic18-lt\cxx-framework\src\traditional\proc\p18f2550.asm
                   CCPR2H   0x000fbc       data     extern E:\3.46\pic18-lt\cxx-framework\src\traditional\proc\p18f2550.asm
                   CCPR2L   0x000fbb       data     extern E:\3.46\pic18-lt\cxx-framework\src\traditional\proc\p18f2550.asm
                    CMCON   0x000fb4       data     extern E:\3.46\pic18-lt\cxx-framework\src\traditional\proc\p18f2550.asm
                CMCONbits   0x000fb4       data     extern E:\3.46\pic18-lt\cxx-framework\src\traditional\proc\p18f2550.asm
                   CVRCON   0x000fb5       data     extern E:\3.46\pic18-lt\cxx-framework\src\traditional\proc\p18f2550.asm
               CVRCONbits   0x000fb5       data     extern E:\3.46\pic18-lt\cxx-framework\src\traditional\proc\p18f2550.asm
              CtrlTrfData   0x000428       data     extern C:\Users\davidq\Documents\GitHub\arcade\Firmware\2550\2550_QBW_magic_LED\usb_device.c
                     DDRA   0x000f92       data     extern E:\3.46\pic18-lt\cxx-framework\src\traditional\proc\p18f2550.asm
                 DDRAbits   0x000f92       data     extern E:\3.46\pic18-lt\cxx-framework\src\traditional\proc\p18f2550.asm
                     DDRB   0x000f93       data     extern E:\3.46\pic18-lt\cxx-framework\src\traditional\proc\p18f2550.asm
                 DDRBbits   0x000f93       data     extern E:\3.46\pic18-lt\cxx-framework\src\traditional\proc\p18f2550.asm
                     DDRC   0x000f94       data     extern E:\3.46\pic18-lt\cxx-framework\src\traditional\proc\p18f2550.asm
                 DDRCbits   0x000f94       data     extern E:\3.46\pic18-lt\cxx-framework\src\traditional\proc\p18f2550.asm
                     DIGS   0x0002d2       data     extern C:\Users\davidq\Documents\GitHub\arcade\Firmware\2550\FrequencyMeter_2550_USB\db.c
            DelayCounter1   0x000029       data     extern E:\3.46\pic18-lt\cxx-framework\src\traditional\delays\delayd1.asm
            DelayCounter2   0x000028       data     extern E:\3.46\pic18-lt\cxx-framework\src\traditional\delays\delayd2.asm
                  ECCP1AS   0x000fb6       data     extern E:\3.46\pic18-lt\cxx-framework\src\traditional\proc\p18f2550.asm
              ECCP1ASbits   0x000fb6       data     extern E:\3.46\pic18-lt\cxx-framework\src\traditional\proc\p18f2550.asm
                 ECCP1DEL   0x000fb7       data     extern E:\3.46\pic18-lt\cxx-framework\src\traditional\proc\p18f2550.asm
             ECCP1DELbits   0x000fb7       data     extern E:\3.46\pic18-lt\cxx-framework\src\traditional\proc\p18f2550.asm
                    EEADR   0x000fa9       data     extern E:\3.46\pic18-lt\cxx-framework\src\traditional\proc\p18f2550.asm
                   EECON1   0x000fa6       data     extern E:\3.46\pic18-lt\cxx-framework\src\traditional\proc\p18f2550.asm
               EECON1bits   0x000fa6       data     extern E:\3.46\pic18-lt\cxx-framework\src\traditional\proc\p18f2550.asm
                   EECON2   0x000fa7       data     extern E:\3.46\pic18-lt\cxx-framework\src\traditional\proc\p18f2550.asm
                   EEDATA   0x000fa8       data     extern E:\3.46\pic18-lt\cxx-framework\src\traditional\proc\p18f2550.asm
                     FREQ   0x000200       data     extern C:\Users\davidq\Documents\GitHub\arcade\Firmware\2550\FrequencyMeter_2550_USB\frequency.c
                     FSR0   0x000fe9       data     extern E:\3.46\pic18-lt\cxx-framework\src\traditional\proc\p18f2550.asm
                    FSR0H   0x000fea       data     extern E:\3.46\pic18-lt\cxx-framework\src\traditional\proc\p18f2550.asm
                    FSR0L   0x000fe9       data     extern E:\3.46\pic18-lt\cxx-framework\src\traditional\proc\p18f2550.asm
                     FSR1   0x000fe1       data     extern E:\3.46\pic18-lt\cxx-framework\src\traditional\proc\p18f2550.asm
                    FSR1H   0x000fe2       data     extern E:\3.46\pic18-lt\cxx-framework\src\traditional\proc\p18f2550.asm
                    FSR1L   0x000fe1       data     extern E:\3.46\pic18-lt\cxx-framework\src\traditional\proc\p18f2550.asm
                     FSR2   0x000fd9       data     extern E:\3.46\pic18-lt\cxx-framework\src\traditional\proc\p18f2550.asm
                    FSR2H   0x000fda       data     extern E:\3.46\pic18-lt\cxx-framework\src\traditional\proc\p18f2550.asm
                    FSR2L   0x000fd9       data     extern E:\3.46\pic18-lt\cxx-framework\src\traditional\proc\p18f2550.asm
                  HLVDCON   0x000fd2       data     extern E:\3.46\pic18-lt\cxx-framework\src\traditional\proc\p18f2550.asm
              HLVDCONbits   0x000fd2       data     extern E:\3.46\pic18-lt\cxx-framework\src\traditional\proc\p18f2550.asm
                       HZ   0x00020e       data     extern C:\Users\davidq\Documents\GitHub\arcade\Firmware\2550\FrequencyMeter_2550_USB\frequency.c
                      HZU   0x000202       data     extern C:\Users\davidq\Documents\GitHub\arcade\Firmware\2550\FrequencyMeter_2550_USB\frequency.c
                    INDF0   0x000fef       data     extern E:\3.46\pic18-lt\cxx-framework\src\traditional\proc\p18f2550.asm
                    INDF1   0x000fe7       data     extern E:\3.46\pic18-lt\cxx-framework\src\traditional\proc\p18f2550.asm
                    INDF2   0x000fdf       data     extern E:\3.46\pic18-lt\cxx-framework\src\traditional\proc\p18f2550.asm
                   INTCON   0x000ff2       data     extern E:\3.46\pic18-lt\cxx-framework\src\traditional\proc\p18f2550.asm
                  INTCON2   0x000ff1       data     extern E:\3.46\pic18-lt\cxx-framework\src\traditional\proc\p18f2550.asm
              INTCON2bits   0x000ff1       data     extern E:\3.46\pic18-lt\cxx-framework\src\traditional\proc\p18f2550.asm
                  INTCON3   0x000ff0       data     extern E:\3.46\pic18-lt\cxx-framework\src\traditional\proc\p18f2550.asm
              INTCON3bits   0x000ff0       data     extern E:\3.46\pic18-lt\cxx-framework\src\traditional\proc\p18f2550.asm
               INTCONbits   0x000ff2       data     extern E:\3.46\pic18-lt\cxx-framework\src\traditional\proc\p18f2550.asm
                     IPR1   0x000f9f       data     extern E:\3.46\pic18-lt\cxx-framework\src\traditional\proc\p18f2550.asm
                 IPR1bits   0x000f9f       data     extern E:\3.46\pic18-lt\cxx-framework\src\traditional\proc\p18f2550.asm
                     IPR2   0x000fa2       data     extern E:\3.46\pic18-lt\cxx-framework\src\traditional\proc\p18f2550.asm
                 IPR2bits   0x000fa2       data     extern E:\3.46\pic18-lt\cxx-framework\src\traditional\proc\p18f2550.asm
                     LATA   0x000f89       data     extern E:\3.46\pic18-lt\cxx-framework\src\traditional\proc\p18f2550.asm
                 LATAbits   0x000f89       data     extern E:\3.46\pic18-lt\cxx-framework\src\traditional\proc\p18f2550.asm
                     LATB   0x000f8a       data     extern E:\3.46\pic18-lt\cxx-framework\src\traditional\proc\p18f2550.asm
                 LATBbits   0x000f8a       data     extern E:\3.46\pic18-lt\cxx-framework\src\traditional\proc\p18f2550.asm
                     LATC   0x000f8b       data     extern E:\3.46\pic18-lt\cxx-framework\src\traditional\proc\p18f2550.asm
                 LATCbits   0x000f8b       data     extern E:\3.46\pic18-lt\cxx-framework\src\traditional\proc\p18f2550.asm
                   LVDCON   0x000fd2       data     extern E:\3.46\pic18-lt\cxx-framework\src\traditional\proc\p18f2550.asm
               LVDCONbits   0x000fd2       data     extern E:\3.46\pic18-lt\cxx-framework\src\traditional\proc\p18f2550.asm
                   OSCCON   0x000fd3       data     extern E:\3.46\pic18-lt\cxx-framework\src\traditional\proc\p18f2550.asm
               OSCCONbits   0x000fd3       data     extern E:\3.46\pic18-lt\cxx-framework\src\traditional\proc\p18f2550.asm
                  OSCTUNE   0x000f9b       data     extern E:\3.46\pic18-lt\cxx-framework\src\traditional\proc\p18f2550.asm
              OSCTUNEbits   0x000f9b       data     extern E:\3.46\pic18-lt\cxx-framework\src\traditional\proc\p18f2550.asm
                       PC   0x000ff9       data     extern E:\3.46\pic18-lt\cxx-framework\src\traditional\proc\p18f2550.asm
                      PCL   0x000ff9       data     extern E:\3.46\pic18-lt\cxx-framework\src\traditional\proc\p18f2550.asm
                   PCLATH   0x000ffa       data     extern E:\3.46\pic18-lt\cxx-framework\src\traditional\proc\p18f2550.asm
                   PCLATU   0x000ffb       data     extern E:\3.46\pic18-lt\cxx-framework\src\traditional\proc\p18f2550.asm
                     PIE1   0x000f9d       data     extern E:\3.46\pic18-lt\cxx-framework\src\traditional\proc\p18f2550.asm
                 PIE1bits   0x000f9d       data     extern E:\3.46\pic18-lt\cxx-framework\src\traditional\proc\p18f2550.asm
                     PIE2   0x000fa0       data     extern E:\3.46\pic18-lt\cxx-framework\src\traditional\proc\p18f2550.asm
                 PIE2bits   0x000fa0       data     extern E:\3.46\pic18-lt\cxx-framework\src\traditional\proc\p18f2550.asm
                     PIR1   0x000f9e       data     extern E:\3.46\pic18-lt\cxx-framework\src\traditional\proc\p18f2550.asm
                 PIR1bits   0x000f9e       data     extern E:\3.46\pic18-lt\cxx-framework\src\traditional\proc\p18f2550.asm
[...]
                     LATC   0x000f8b       data     extern E:\3.46\pic18-lt\cxx-framework\src\traditional\proc\p18f2550.asm
                     DDRA   0x000f92       data     extern E:\3.46\pic18-lt\cxx-framework\src\traditional\proc\p18f2550.asm
                 DDRAbits   0x000f92       data     extern E:\3.46\pic18-lt\cxx-framework\src\traditional\proc\p18f2550.asm
                TRISAbits   0x000f92       data     extern E:\3.46\pic18-lt\cxx-framework\src\traditional\proc\p18f2550.asm
                    TRISA   0x000f92       data     extern E:\3.46\pic18-lt\cxx-framework\src\traditional\proc\p18f2550.asm
                 DDRBbits   0x000f93       data     extern E:\3.46\pic18-lt\cxx-framework\src\traditional\proc\p18f2550.asm
                    TRISB   0x000f93       data     extern E:\3.46\pic18-lt\cxx-framework\src\traditional\proc\p18f2550.asm
                TRISBbits   0x000f93       data     extern E:\3.46\pic18-lt\cxx-framework\src\traditional\proc\p18f2550.asm
                     DDRB   0x000f93       data     extern E:\3.46\pic18-lt\cxx-framework\src\traditional\proc\p18f2550.asm
                     DDRC   0x000f94       data     extern E:\3.46\pic18-lt\cxx-framework\src\traditional\proc\p18f2550.asm
                 DDRCbits   0x000f94       data     extern E:\3.46\pic18-lt\cxx-framework\src\traditional\proc\p18f2550.asm
                    TRISC   0x000f94       data     extern E:\3.46\pic18-lt\cxx-framework\src\traditional\proc\p18f2550.asm
                TRISCbits   0x000f94       data     extern E:\3.46\pic18-lt\cxx-framework\src\traditional\proc\p18f2550.asm
                  OSCTUNE   0x000f9b       data     extern E:\3.46\pic18-lt\cxx-framework\src\traditional\proc\p18f2550.asm
              OSCTUNEbits   0x000f9b       data     extern E:\3.46\pic18-lt\cxx-framework\src\traditional\proc\p18f2550.asm
                     PIE1   0x000f9d       data     extern E:\3.46\pic18-lt\cxx-framework\src\traditional\proc\p18f2550.asm
                 PIE1bits   0x000f9d       data     extern E:\3.46\pic18-lt\cxx-framework\src\traditional\proc\p18f2550.asm
                     PIR1   0x000f9e       data     extern E:\3.46\pic18-lt\cxx-framework\src\traditional\proc\p18f2550.asm
                 PIR1bits   0x000f9e       data     extern E:\3.46\pic18-lt\cxx-framework\src\traditional\proc\p18f2550.asm
                 IPR1bits   0x000f9f       data     extern E:\3.46\pic18-lt\cxx-framework\src\traditional\proc\p18f2550.asm
                     IPR1   0x000f9f       data     extern E:\3.46\pic18-lt\cxx-framework\src\traditional\proc\p18f2550.asm
                     PIE2   0x000fa0       data     extern E:\3.46\pic18-lt\cxx-framework\src\traditional\proc\p18f2550.asm
                 PIE2bits   0x000fa0       data     extern E:\3.46\pic18-lt\cxx-framework\src\traditional\proc\p18f2550.asm
                     PIR2   0x000fa1       data     extern E:\3.46\pic18-lt\cxx-framework\src\traditional\proc\p18f2550.asm
                 PIR2bits   0x000fa1       data     extern E:\3.46\pic18-lt\cxx-framework\src\traditional\proc\p18f2550.asm
                 IPR2bits   0x000fa2       data     extern E:\3.46\pic18-lt\cxx-framework\src\traditional\proc\p18f2550.asm
                     IPR2   0x000fa2       data     extern E:\3.46\pic18-lt\cxx-framework\src\traditional\proc\p18f2550.asm
               EECON1bits   0x000fa6       data     extern E:\3.46\pic18-lt\cxx-framework\src\traditional\proc\p18f2550.asm
                   EECON1   0x000fa6       data     extern E:\3.46\pic18-lt\cxx-framework\src\traditional\proc\p18f2550.asm
                   EECON2   0x000fa7       data     extern E:\3.46\pic18-lt\cxx-framework\src\traditional\proc\p18f2550.asm
                   EEDATA   0x000fa8       data     extern E:\3.46\pic18-lt\cxx-framework\src\traditional\proc\p18f2550.asm
                    EEADR   0x000fa9       data     extern E:\3.46\pic18-lt\cxx-framework\src\traditional\proc\p18f2550.asm
                RCSTAbits   0x000fab       data     extern E:\3.46\pic18-lt\cxx-framework\src\traditional\proc\p18f2550.asm
                    RCSTA   0x000fab       data     extern E:\3.46\pic18-lt\cxx-framework\src\traditional\proc\p18f2550.asm
                TXSTAbits   0x000fac       data     extern E:\3.46\pic18-lt\cxx-framework\src\traditional\proc\p18f2550.asm
                    TXSTA   0x000fac       data     extern E:\3.46\pic18-lt\cxx-framework\src\traditional\proc\p18f2550.asm
                    TXREG   0x000fad       data     extern E:\3.46\pic18-lt\cxx-framework\src\traditional\proc\p18f2550.asm
                    RCREG   0x000fae       data     extern E:\3.46\pic18-lt\cxx-framework\src\traditional\proc\p18f2550.asm
                    SPBRG   0x000faf       data     extern E:\3.46\pic18-lt\cxx-framework\src\traditional\proc\p18f2550.asm
                   SPBRGH   0x000fb0       data     extern E:\3.46\pic18-lt\cxx-framework\src\traditional\proc\p18f2550.asm
                T3CONbits   0x000fb1       data     extern E:\3.46\pic18-lt\cxx-framework\src\traditional\proc\p18f2550.asm
                    T3CON   0x000fb1       data     extern E:\3.46\pic18-lt\cxx-framework\src\traditional\proc\p18f2550.asm
                    TMR3L   0x000fb2       data     extern E:\3.46\pic18-lt\cxx-framework\src\traditional\proc\p18f2550.asm
                    TMR3H   0x000fb3       data     extern E:\3.46\pic18-lt\cxx-framework\src\traditional\proc\p18f2550.asm
                    CMCON   0x000fb4       data     extern E:\3.46\pic18-lt\cxx-framework\src\traditional\proc\p18f2550.asm
                CMCONbits   0x000fb4       data     extern E:\3.46\pic18-lt\cxx-framework\src\traditional\proc\p18f2550.asm
                   CVRCON   0x000fb5       data     extern E:\3.46\pic18-lt\cxx-framework\src\traditional\proc\p18f2550.asm
               CVRCONbits   0x000fb5       data     extern E:\3.46\pic18-lt\cxx-framework\src\traditional\proc\p18f2550.asm
                   CCP1AS   0x000fb6       data     extern E:\3.46\pic18-lt\cxx-framework\src\traditional\proc\p18f2550.asm
              ECCP1ASbits   0x000fb6       data     extern E:\3.46\pic18-lt\cxx-framework\src\traditional\proc\p18f2550.asm
                  ECCP1AS   0x000fb6       data     extern E:\3.46\pic18-lt\cxx-framework\src\traditional\proc\p18f2550.asm
               CCP1ASbits   0x000fb6       data     extern E:\3.46\pic18-lt\cxx-framework\src\traditional\proc\p18f2550.asm
              CCP1DELbits   0x000fb7       data     extern E:\3.46\pic18-lt\cxx-framework\src\traditional\proc\p18f2550.asm
                  CCP1DEL   0x000fb7       data     extern E:\3.46\pic18-lt\cxx-framework\src\traditional\proc\p18f2550.asm
                 ECCP1DEL   0x000fb7       data     extern E:\3.46\pic18-lt\cxx-framework\src\traditional\proc\p18f2550.asm
             ECCP1DELbits   0x000fb7       data     extern E:\3.46\pic18-lt\cxx-framework\src\traditional\proc\p18f2550.asm
                  BAUDCTL   0x000fb8       data     extern E:\3.46\pic18-lt\cxx-framework\src\traditional\proc\p18f2550.asm
              BAUDCONbits   0x000fb8       data     extern E:\3.46\pic18-lt\cxx-framework\src\traditional\proc\p18f2550.asm
                  BAUDCON   0x000fb8       data     extern E:\3.46\pic18-lt\cxx-framework\src\traditional\proc\p18f2550.asm
              BAUDCTLbits   0x000fb8       data     extern E:\3.46\pic18-lt\cxx-framework\src\traditional\proc\p18f2550.asm
              CCP2CONbits   0x000fba       data     extern E:\3.46\pic18-lt\cxx-framework\src\traditional\proc\p18f2550.asm
                  CCP2CON   0x000fba       data     extern E:\3.46\pic18-lt\cxx-framework\src\traditional\proc\p18f2550.asm
                   CCPR2L   0x000fbb       data     extern E:\3.46\pic18-lt\cxx-framework\src\traditional\proc\p18f2550.asm
                    CCPR2   0x000fbb       data     extern E:\3.46\pic18-lt\cxx-framework\src\traditional\proc\p18f2550.asm
                   CCPR2H   0x000fbc       data     extern E:\3.46\pic18-lt\cxx-framework\src\traditional\proc\p18f2550.asm
              CCP1CONbits   0x000fbd       data     extern E:\3.46\pic18-lt\cxx-framework\src\traditional\proc\p18f2550.asm
                  CCP1CON   0x000fbd       data     extern E:\3.46\pic18-lt\cxx-framework\src\traditional\proc\p18f2550.asm
                   CCPR1L   0x000fbe       data     extern E:\3.46\pic18-lt\cxx-framework\src\traditional\proc\p18f2550.asm
                    CCPR1   0x000fbe       data     extern E:\3.46\pic18-lt\cxx-framework\src\traditional\proc\p18f2550.asm
                   CCPR1H   0x000fbf       data     extern E:\3.46\pic18-lt\cxx-framework\src\traditional\proc\p18f2550.asm
                   ADCON2   0x000fc0       data     extern E:\3.46\pic18-lt\cxx-framework\src\traditional\proc\p18f2550.asm
               ADCON2bits   0x000fc0       data     extern E:\3.46\pic18-lt\cxx-framework\src\traditional\proc\p18f2550.asm
                   ADCON1   0x000fc1       data     extern E:\3.46\pic18-lt\cxx-framework\src\traditional\proc\p18f2550.asm
               ADCON1bits   0x000fc1       data     extern E:\3.46\pic18-lt\cxx-framework\src\traditional\proc\p18f2550.asm
               ADCON0bits   0x000fc2       data     extern E:\3.46\pic18-lt\cxx-framework\src\traditional\proc\p18f2550.asm
                   ADCON0   0x000fc2       data     extern E:\3.46\pic18-lt\cxx-framework\src\traditional\proc\p18f2550.asm
                    ADRES   0x000fc3       data     extern E:\3.46\pic18-lt\cxx-framework\src\traditional\proc\p18f2550.asm
                   ADRESL   0x000fc3       data     extern E:\3.46\pic18-lt\cxx-framework\src\traditional\proc\p18f2550.asm
                   ADRESH   0x000fc4       data     extern E:\3.46\pic18-lt\cxx-framework\src\traditional\proc\p18f2550.asm
              SSPCON2bits   0x000fc5       data     extern E:\3.46\pic18-lt\cxx-framework\src\traditional\proc\p18f2550.asm
                  SSPCON2   0x000fc5       data     extern E:\3.46\pic18-lt\cxx-framework\src\traditional\proc\p18f2550.asm
              SSPCON1bits   0x000fc6       data     extern E:\3.46\pic18-lt\cxx-framework\src\traditional\proc\p18f2550.asm
                  SSPCON1   0x000fc6       data     extern E:\3.46\pic18-lt\cxx-framework\src\traditional\proc\p18f2550.asm
                  SSPSTAT   0x000fc7       data     extern E:\3.46\pic18-lt\cxx-framework\src\traditional\proc\p18f2550.asm
              SSPSTATbits   0x000fc7       data     extern E:\3.46\pic18-lt\cxx-framework\src\traditional\proc\p18f2550.asm
                   SSPADD   0x000fc8       data     extern E:\3.46\pic18-lt\cxx-framework\src\traditional\proc\p18f2550.asm
                   SSPBUF   0x000fc9       data     extern E:\3.46\pic18-lt\cxx-framework\src\traditional\proc\p18f2550.asm
                T2CONbits   0x000fca       data     extern E:\3.46\pic18-lt\cxx-framework\src\traditional\proc\p18f2550.asm
                    T2CON   0x000fca       data     extern E:\3.46\pic18-lt\cxx-framework\src\traditional\proc\p18f2550.asm
                      PR2   0x000fcb       data     extern E:\3.46\pic18-lt\cxx-framework\src\traditional\proc\p18f2550.asm
                     TMR2   0x000fcc       data     extern E:\3.46\pic18-lt\cxx-framework\src\traditional\proc\p18f2550.asm
                    T1CON   0x000fcd       data     extern E:\3.46\pic18-lt\cxx-framework\src\traditional\proc\p18f2550.asm
                T1CONbits   0x000fcd       data     extern E:\3.46\pic18-lt\cxx-framework\src\traditional\proc\p18f2550.asm
                    TMR1L   0x000fce       data     extern E:\3.46\pic18-lt\cxx-framework\src\traditional\proc\p18f2550.asm
                    TMR1H   0x000fcf       data     extern E:\3.46\pic18-lt\cxx-framework\src\traditional\proc\p18f2550.asm
                 RCONbits   0x000fd0       data     extern E:\3.46\pic18-lt\cxx-framework\src\traditional\proc\p18f2550.asm
                     RCON   0x000fd0       data     extern E:\3.46\pic18-lt\cxx-framework\src\traditional\proc\p18f2550.asm
                   WDTCON   0x000fd1       data     extern E:\3.46\pic18-lt\cxx-framework\src\traditional\proc\p18f2550.asm
               WDTCONbits   0x000fd1       data     extern E:\3.46\pic18-lt\cxx-framework\src\traditional\proc\p18f2550.asm
                   LVDCON   0x000fd2       data     extern E:\3.46\pic18-lt\cxx-framework\src\traditional\proc\p18f2550.asm
               LVDCONbits   0x000fd2       data     extern E:\3.46\pic18-lt\cxx-framework\src\traditional\proc\p18f2550.asm
              HLVDCONbits   0x000fd2       data     extern E:\3.46\pic18-lt\cxx-framework\src\traditional\proc\p18f2550.asm
                  HLVDCON   0x000fd2       data     extern E:\3.46\pic18-lt\cxx-framework\src\traditional\proc\p18f2550.asm
                   OSCCON   0x000fd3       data     extern E:\3.46\pic18-lt\cxx-framework\src\traditional\proc\p18f2550.asm
               OSCCONbits   0x000fd3       data     extern E:\3.46\pic18-lt\cxx-framework\src\traditional\proc\p18f2550.asm
                T0CONbits   0x000fd5       data     extern E:\3.46\pic18-lt\cxx-framework\src\traditional\proc\p18f2550.asm
                    T0CON   0x000fd5       data     extern E:\3.46\pic18-lt\cxx-framework\src\traditional\proc\p18f2550.asm
                    TMR0L   0x000fd6       data     extern E:\3.46\pic18-lt\cxx-framework\src\traditional\proc\p18f2550.asm
                    TMR0H   0x000fd7       data     extern E:\3.46\pic18-lt\cxx-framework\src\traditional\proc\p18f2550.asm
                   STATUS   0x000fd8       data     extern E:\3.46\pic18-lt\cxx-framework\src\traditional\proc\p18f2550.asm
               STATUSbits   0x000fd8       data     extern E:\3.46\pic18-lt\cxx-framework\src\traditional\proc\p18f2550.asm
                     FSR2   0x000fd9       data     extern E:\3.46\pic18-lt\cxx-framework\src\traditional\proc\p18f2550.asm
                    FSR2L   0x000fd9       data     extern E:\3.46\pic18-lt\cxx-framework\src\traditional\proc\p18f2550.asm
                    FSR2H   0x000fda       data     extern E:\3.46\pic18-lt\cxx-framework\src\traditional\proc\p18f2550.asm
                   PLUSW2   0x000fdb       data     extern E:\3.46\pic18-lt\cxx-framework\src\traditional\proc\p18f2550.asm
                  PREINC2   0x000fdc       data     extern E:\3.46\pic18-lt\cxx-framework\src\traditional\proc\p18f2550.asm
                 POSTDEC2   0x000fdd       data     extern E:\3.46\pic18-lt\cxx-framework\src\traditional\proc\p18f2550.asm
                 POSTINC2   0x000fde       data     extern E:\3.46\pic18-lt\cxx-framework\src\traditional\proc\p18f2550.asm
                    INDF2   0x000fdf       data     extern E:\3.46\pic18-lt\cxx-framework\src\traditional\proc\p18f2550.asm
                      BSR   0x000fe0       data     extern E:\3.46\pic18-lt\cxx-framework\src\traditional\proc\p18f2550.asm
                    FSR1L   0x000fe1       data     extern E:\3.46\pic18-lt\cxx-framework\src\traditional\proc\p18f2550.asm
                     FSR1   0x000fe1       data     extern E:\3.46\pic18-lt\cxx-framework\src\traditional\proc\p18f2550.asm
                    FSR1H   0x000fe2       data     extern E:\3.46\pic18-lt\cxx-framework\src\traditional\proc\p18f2550.asm
                   PLUSW1   0x000fe3       data     extern E:\3.46\pic18-lt\cxx-framework\src\traditional\proc\p18f2550.asm
                  PREINC1   0x000fe4       data     extern E:\3.46\pic18-lt\cxx-framework\src\traditional\proc\p18f2550.asm
                 POSTDEC1   0x000fe5       data     extern E:\3.46\pic18-lt\cxx-framework\src\traditional\proc\p18f2550.asm
                 POSTINC1   0x000fe6       data     extern E:\3.46\pic18-lt\cxx-framework\src\traditional\proc\p18f2550.asm
                    INDF1   0x000fe7       data     extern E:\3.46\pic18-lt\cxx-framework\src\traditional\proc\p18f2550.asm
                     WREG   0x000fe8       data     extern E:\3.46\pic18-lt\cxx-framework\src\traditional\proc\p18f2550.asm
                    FSR0L   0x000fe9       data     extern E:\3.46\pic18-lt\cxx-framework\src\traditional\proc\p18f2550.asm
                     FSR0   0x000fe9       data     extern E:\3.46\pic18-lt\cxx-framework\src\traditional\proc\p18f2550.asm
                    FSR0H   0x000fea       data     extern E:\3.46\pic18-lt\cxx-framework\src\traditional\proc\p18f2550.asm
                   PLUSW0   0x000feb       data     extern E:\3.46\pic18-lt\cxx-framework\src\traditional\proc\p18f2550.asm
                  PREINC0   0x000fec       data     extern E:\3.46\pic18-lt\cxx-framework\src\traditional\proc\p18f2550.asm
                 POSTDEC0   0x000fed       data     extern E:\3.46\pic18-lt\cxx-framework\src\traditional\proc\p18f2550.asm
                 POSTINC0   0x000fee       data     extern E:\3.46\pic18-lt\cxx-framework\src\traditional\proc\p18f2550.asm
                    INDF0   0x000fef       data     extern E:\3.46\pic18-lt\cxx-framework\src\traditional\proc\p18f2550.asm
                  INTCON3   0x000ff0       data     extern E:\3.46\pic18-lt\cxx-framework\src\traditional\proc\p18f2550.asm
              INTCON3bits   0x000ff0       data     extern E:\3.46\pic18-lt\cxx-framework\src\traditional\proc\p18f2550.asm
                  INTCON2   0x000ff1       data     extern E:\3.46\pic18-lt\cxx-framework\src\traditional\proc\p18f2550.asm
              INTCON2bits   0x000ff1       data     extern E:\3.46\pic18-lt\cxx-framework\src\traditional\proc\p18f2550.asm
                   INTCON   0x000ff2       data     extern E:\3.46\pic18-lt\cxx-framework\src\traditional\proc\p18f2550.asm
               INTCONbits   0x000ff2       data     extern E:\3.46\pic18-lt\cxx-framework\src\traditional\proc\p18f2550.asm
                     PROD   0x000ff3       data     extern E:\3.46\pic18-lt\cxx-framework\src\traditional\proc\p18f2550.asm
                    PRODL   0x000ff3       data     extern E:\3.46\pic18-lt\cxx-framework\src\traditional\proc\p18f2550.asm
                    PRODH   0x000ff4       data     extern E:\3.46\pic18-lt\cxx-framework\src\traditional\proc\p18f2550.asm
                   TABLAT   0x000ff5       data     extern E:\3.46\pic18-lt\cxx-framework\src\traditional\proc\p18f2550.asm
                  TBLPTRL   0x000ff6       data     extern E:\3.46\pic18-lt\cxx-framework\src\traditional\proc\p18f2550.asm
                   TBLPTR   0x000ff6       data     extern E:\3.46\pic18-lt\cxx-framework\src\traditional\proc\p18f2550.asm
                  TBLPTRH   0x000ff7       data     extern E:\3.46\pic18-lt\cxx-framework\src\traditional\proc\p18f2550.asm
                  TBLPTRU   0x000ff8       data     extern E:\3.46\pic18-lt\cxx-framework\src\traditional\proc\p18f2550.asm
                       PC   0x000ff9       data     extern E:\3.46\pic18-lt\cxx-framework\src\traditional\proc\p18f2550.asm
                      PCL   0x000ff9       data     extern E:\3.46\pic18-lt\cxx-framework\src\traditional\proc\p18f2550.asm
                   PCLATH   0x000ffa       data     extern E:\3.46\pic18-lt\cxx-framework\src\traditional\proc\p18f2550.asm
                   PCLATU   0x000ffb       data     extern E:\3.46\pic18-lt\cxx-framework\src\traditional\proc\p18f2550.asm
               STKPTRbits   0x000ffc       data     extern E:\3.46\pic18-lt\cxx-framework\src\traditional\proc\p18f2550.asm
                   STKPTR   0x000ffc       data     extern E:\3.46\pic18-lt\cxx-framework\src\traditional\proc\p18f2550.asm
                     TOSL   0x000ffd       data     extern E:\3.46\pic18-lt\cxx-framework\src\traditional\proc\p18f2550.asm
                      TOS   0x000ffd       data     extern E:\3.46\pic18-lt\cxx-framework\src\traditional\proc\p18f2550.asm
                     TOSH   0x000ffe       data     extern E:\3.46\pic18-lt\cxx-framework\src\traditional\proc\p18f2550.asm
                     TOSU   0x000fff       data     extern E:\3.46\pic18-lt\cxx-framework\src\traditional\proc\p18f2550.asm


