MPLINK 4.00, Linker
Linker Map File - Created Thu Jan 05 05:40:44 2006

                                 Section Info
                  Section       Type    Address   Location Size(Bytes)
                ---------  ---------  ---------  ---------  ---------
               _entry_scn       code   0x000000    program   0x000006
                _high_isr       code   0x000008    program   0x00000a
                 _low_isr       code   0x000018    program   0x00000a
                   .cinit    romdata   0x00002a    program   0x000002
             .code_main.o       code   0x00002c    program   0x000c22
               _cinit_scn       code   0x000c4e    program   0x00009e
          .romdata_main.o    romdata   0x000cec    program   0x00005e
         .code_fxd1616u.o       code   0x000d4a    program   0x00002c
             _startup_scn       code   0x000d76    program   0x000018
         .idata_start.o_i    romdata   0x000d8e    program   0x000000
         .romdata_start.o    romdata   0x000d8e    program   0x000000
            .code_start.o       code   0x000d8e    program   0x000000
            .code_c018i.o       code   0x000d8e    program   0x000000
         .romdata_c018i.o    romdata   0x000d8e    program   0x000000
          .idata_main.o_i    romdata   0x000d8e    program   0x000000
             .stringtable    romdata   0x000d8e    program   0x000000
      .idata_fxd1616u.o_i    romdata   0x000d8e    program   0x000000
      .romdata_fxd1616u.o    romdata   0x000d8e    program   0x000000
         .idata_c018i.o_i    romdata   0x000d8e    program   0x000000
                     disk    romdata   0x001000    program   0x000000
                MATH_DATA      udata   0x000000       data   0x000010
                 .tmpdata      udata   0x000010       data   0x00000c
            .udata_main.o      udata   0x000060       data   0x000014
           .udata_c018i.o      udata   0x000074       data   0x00000a
           .idata_c018i.o      idata   0x00007e       data   0x000000
           .udata_start.o      udata   0x00007e       data   0x000000
           .idata_start.o      idata   0x00007e       data   0x000000
            .idata_main.o      idata   0x00007e       data   0x000000
        .udata_fxd1616u.o      udata   0x00007e       data   0x000000
        .idata_fxd1616u.o      idata   0x00007e       data   0x000000
                   .stack      udata   0x000300       data   0x000100
                  usbram4      udata   0x000400       data   0x000068
            SFR_UNBANKED0      udata   0x000f62       data   0x00009e



                              Program Memory Usage 
                               Start         End      
                           ---------   ---------      
                            0x000000    0x000005      
                            0x000008    0x000011      
                            0x000018    0x000021      
                            0x00002a    0x000d8d      
            3454 out of 33048 program addresses used, program memory utilization is 10%



                              Symbols - Sorted by Name
                     Name    Address   Location    Storage File                     
                ---------  ---------  ---------  --------- ---------                
                 FXD1616U   0x000d4a    program     extern C:\MCC18\src\TRADIT~1\math\fxd1616u.c
         ___else_lbl00094   0x000594    program     static                          
         ___else_lbl00100   0x000626    program     static                          
         ___else_lbl00106   0x000778    program     static                          
         ___else_lbl00108   0x00079a    program     static                          
         ___else_lbl00113   0x000880    program     static                          
         ___else_lbl00115   0x000864    program     static                          
         ___else_lbl00125   0x00096c    program     static                          
         ___else_lbl00127   0x00098e    program     static                          
          ___for_lbl00096   0x0005fc    program     static                          
          ___for_lbl00097   0x000614    program     static                          
          ___for_lbl00098   0x0005e4    program     static                          
          ___for_lbl00102   0x000756    program     static                          
          ___for_lbl00103   0x000766    program     static                          
          ___for_lbl00104   0x00073e    program     static                          
          ___for_lbl00116   0x0008a2    program     static                          
          ___for_lbl00117   0x0008b4    program     static                          
          ___for_lbl00118   0x000888    program     static                          
          ___for_lbl00119   0x00090e    program     static                          
          ___for_lbl00120   0x000922    program     static                          
          ___for_lbl00121   0x0008f2    program     static                          
           ___if_lbl00092   0x00052e    program     static                          
           ___if_lbl00093   0x000598    program     static                          
           ___if_lbl00095   0x0005c4    program     static                          
           ___if_lbl00099   0x000630    program     static                          
           ___if_lbl00105   0x00077e    program     static                          
           ___if_lbl00107   0x0007a4    program     static                          
           ___if_lbl00109   0x0007a6    program     static                          
           ___if_lbl00110   0x0007c2    program     static                          
           ___if_lbl00111   0x0007de    program     static                          
           ___if_lbl00112   0x000884    program     static                          
           ___if_lbl00114   0x000884    program     static                          
           ___if_lbl00122   0x000940    program     static                          
           ___if_lbl00123   0x00095a    program     static                          
           ___if_lbl00124   0x000972    program     static                          
           ___if_lbl00126   0x000998    program     static                          
       ___return_lbl00000   0x000010    program     static                          
       ___return_lbl00000   0x000004    program     static                          
       ___return_lbl00000   0x000d74    program     static                          
       ___return_lbl00001   0x000020    program     static                          
       ___return_lbl00001   0x000d8c    program     static                          
       ___return_lbl00002   0x000cea    program     static                          
       ___return_lbl00091   0x000630    program     static                          
       ___return_lbl00101   0x000998    program     static                          
                   __pa_0   0x000b4e    program     static C:\Documents and Settings\Andrew\Desktop\pic18fusb\src\h\msd.h
                   __pa_1   0x000b74    program     static C:\Documents and Settings\Andrew\Desktop\pic18fusb\src\h\msd.h
                  __pa_10   0x000c06    program     static C:\Documents and Settings\Andrew\Desktop\pic18fusb\src\h\usbcntrl.h
                  __pa_11   0x000c14    program     static C:\Documents and Settings\Andrew\Desktop\pic18fusb\src\h\usbcntrl.h
                  __pa_12   0x000c22    program     static C:\Documents and Settings\Andrew\Desktop\pic18fusb\src\h\msd.h
                  __pa_13   0x000c30    program     static C:\Documents and Settings\Andrew\Desktop\pic18fusb\src\h\usbcntrl.h
                  __pa_14   0x000c40    program     static C:\Documents and Settings\Andrew\Desktop\pic18fusb\src\h\msd.h
                  __pa_15   0x000c46    program     static C:\Documents and Settings\Andrew\Desktop\pic18fusb\src\h\msd.h
                   __pa_2   0x000b86    program     static C:\Documents and Settings\Andrew\Desktop\pic18fusb\src\h\msd.h
                   __pa_3   0x000b9c    program     static C:\Documents and Settings\Andrew\Desktop\pic18fusb\src\h\msd.h
                   __pa_4   0x000bac    program     static C:\Documents and Settings\Andrew\Desktop\pic18fusb\src\h\interrupts.h
                   __pa_5   0x000bbc    program     static C:\Documents and Settings\Andrew\Desktop\pic18fusb\src\h\msd.h
                   __pa_6   0x000bc8    program     static C:\Documents and Settings\Andrew\Desktop\pic18fusb\src\h\msd.h
                   __pa_7   0x000bdc    program     static C:\Documents and Settings\Andrew\Desktop\pic18fusb\src\h\msd.h
                   __pa_8   0x000bee    program     static C:\Documents and Settings\Andrew\Desktop\pic18fusb\src\h\interrupts.h
                   __pa_9   0x000bf8    program     static C:\Documents and Settings\Andrew\Desktop\pic18fusb\src\h\usbcntrl.h
              __tmplbl_19   0x000bbc    program     static                          
              __tmplbl_21   0x000bbc    program     static                          
              __tmplbl_24   0x000c40    program     static                          
              __tmplbl_25   0x000c40    program     static                          
              __tmplbl_26   0x000c40    program     static                          
                _do_cinit   0x000c4e    program     extern C:\MCC18\src\traditional\startup\c018i.c
                   _entry   0x000000    program     extern C:\MCC18\src\traditional\startup\c018i.c
                _high_isr   0x000008    program     extern C:\Documents and Settings\Andrew\Desktop\pic18fusb\src\start.c
                 _low_isr   0x000018    program     extern C:\Documents and Settings\Andrew\Desktop\pic18fusb\src\start.c
                 _startup   0x000d76    program     extern C:\MCC18\src\traditional\startup\c018i.c
                 capacity   0x000d10    program     extern C:\Documents and Settings\Andrew\Desktop\pic18fusb\src\h\msd_data.h
        check_msd_request   0x0001e8    program     extern C:\Documents and Settings\Andrew\Desktop\pic18fusb\src\h\msd.h
        check_std_request   0x000080    program     extern C:\Documents and Settings\Andrew\Desktop\pic18fusb\src\h\usbcntrl.h
            check_usb_bus   0x000040    program     extern C:\Documents and Settings\Andrew\Desktop\pic18fusb\src\h\system.h
            clear_feature   0x0000b4    program     extern C:\Documents and Settings\Andrew\Desktop\pic18fusb\src\h\usbcntrl.h
                copy_loop   0x000cc0    program     static                          
            copy_one_byte   0x000cc6    program     static                          
               device_dsc   0x000d18    program     extern C:\Documents and Settings\Andrew\Desktop\pic18fusb\src\h\descriptors.h
                     done   0x000cea    program     static                          
             done_copying   0x000cd4    program     static                          
                  endloop   0x000d70    program     static                          
           get_descriptor   0x0000ca    program     extern C:\Documents and Settings\Andrew\Desktop\pic18fusb\src\h\usbcntrl.h
              get_max_lun   0x0001d0    program     extern C:\Documents and Settings\Andrew\Desktop\pic18fusb\src\h\usbcntrl.h
         high_isr_handler   0x0009ee    program     extern C:\Documents and Settings\Andrew\Desktop\pic18fusb\src\h\interrupts.h
                     init   0x00002c    program     extern C:\Documents and Settings\Andrew\Desktop\pic18fusb\src\h\system.h
                 inq_resp   0x000cec    program     extern C:\Documents and Settings\Andrew\Desktop\pic18fusb\src\h\msd_data.h
 inquiry_response_handler   0x000390    program     extern C:\Documents and Settings\Andrew\Desktop\pic18fusb\src\h\msd.h
                     loop   0x000d86    program     static                          
                     loop   0x000d54    program     static                          
          low_isr_handler   0x000b3c    program     extern C:\Documents and Settings\Andrew\Desktop\pic18fusb\src\h\interrupts.h
                     main   0x000b3e    program     extern C:\Documents and Settings\Andrew\Desktop\pic18fusb\src\main.c
               mode_sense   0x0009b0    program     extern C:\Documents and Settings\Andrew\Desktop\pic18fusb\src\h\msd.h
             msd_transfer   0x000242    program     extern C:\Documents and Settings\Andrew\Desktop\pic18fusb\src\h\msd.h
           prev_allow_med   0x0009d8    program     extern C:\Documents and Settings\Andrew\Desktop\pic18fusb\src\h\msd.h
                     read   0x0004aa    program     extern C:\Documents and Settings\Andrew\Desktop\pic18fusb\src\h\msd.h
            read_capacity   0x0003b8    program     extern C:\Documents and Settings\Andrew\Desktop\pic18fusb\src\h\msd.h
     read_format_capacity   0x0003a8    program     extern C:\Documents and Settings\Andrew\Desktop\pic18fusb\src\h\msd.h
    request_sense_handler   0x0003d2    program     extern C:\Documents and Settings\Andrew\Desktop\pic18fusb\src\h\msd.h
                 send_csw   0x000312    program     extern C:\Documents and Settings\Andrew\Desktop\pic18fusb\src\h\msd.h
              set_address   0x0000c2    program     extern C:\Documents and Settings\Andrew\Desktop\pic18fusb\src\h\usbcntrl.h
        set_configuration   0x0001c8    program     extern C:\Documents and Settings\Andrew\Desktop\pic18fusb\src\h\usbcntrl.h
                     test   0x000c68    program     static                          
          test_unit_ready   0x0009d6    program     extern C:\Documents and Settings\Andrew\Desktop\pic18fusb\src\h\msd.h
                 usb_data   0x000d2a    program     extern C:\Documents and Settings\Andrew\Desktop\pic18fusb\src\h\descriptors.h
                   verify   0x0009ec    program     extern C:\Documents and Settings\Andrew\Desktop\pic18fusb\src\h\msd.h
                    write   0x000648    program     extern C:\Documents and Settings\Andrew\Desktop\pic18fusb\src\h\msd.h
                   AARGB0   0x000007       data     extern C:\MCC18\SRC\TRADIT~1\MATH\aarg.asm
                   AARGB1   0x000006       data     extern C:\MCC18\SRC\TRADIT~1\MATH\aarg.asm
                   AARGB2   0x000005       data     extern C:\MCC18\SRC\TRADIT~1\MATH\aarg.asm
                   AARGB3   0x000004       data     extern C:\MCC18\SRC\TRADIT~1\MATH\aarg.asm
                   AARGB4   0x000003       data     extern C:\MCC18\SRC\TRADIT~1\MATH\aarg.asm
                   AARGB5   0x000002       data     extern C:\MCC18\SRC\TRADIT~1\MATH\aarg.asm
                   AARGB6   0x000001       data     extern C:\MCC18\SRC\TRADIT~1\MATH\aarg.asm
                   AARGB7   0x000000       data     extern C:\MCC18\SRC\TRADIT~1\MATH\aarg.asm
                   ADCON0   0x000fc2       data     extern C:\MCC18\SRC\TRADIT~1\PROC\p18f4550.asm
               ADCON0bits   0x000fc2       data     extern C:\MCC18\SRC\TRADIT~1\PROC\p18f4550.asm
                   ADCON1   0x000fc1       data     extern C:\MCC18\SRC\TRADIT~1\PROC\p18f4550.asm
               ADCON1bits   0x000fc1       data     extern C:\MCC18\SRC\TRADIT~1\PROC\p18f4550.asm
                   ADCON2   0x000fc0       data     extern C:\MCC18\SRC\TRADIT~1\PROC\p18f4550.asm
               ADCON2bits   0x000fc0       data     extern C:\MCC18\SRC\TRADIT~1\PROC\p18f4550.asm
                    ADRES   0x000fc3       data     extern C:\MCC18\SRC\TRADIT~1\PROC\p18f4550.asm
                   ADRESH   0x000fc4       data     extern C:\MCC18\SRC\TRADIT~1\PROC\p18f4550.asm
                   ADRESL   0x000fc3       data     extern C:\MCC18\SRC\TRADIT~1\PROC\p18f4550.asm
                     AEXP   0x000008       data     extern C:\MCC18\SRC\TRADIT~1\MATH\aarg.asm
                   BARGB0   0x00000c       data     extern C:\MCC18\SRC\TRADIT~1\MATH\barg.asm
                   BARGB1   0x00000b       data     extern C:\MCC18\SRC\TRADIT~1\MATH\barg.asm
                   BARGB2   0x00000a       data     extern C:\MCC18\SRC\TRADIT~1\MATH\barg.asm
                   BARGB3   0x000009       data     extern C:\MCC18\SRC\TRADIT~1\MATH\barg.asm
                  BAUDCON   0x000fb8       data     extern C:\MCC18\SRC\TRADIT~1\PROC\p18f4550.asm
              BAUDCONbits   0x000fb8       data     extern C:\MCC18\SRC\TRADIT~1\PROC\p18f4550.asm
                     BEXP   0x00000d       data     extern C:\MCC18\SRC\TRADIT~1\MATH\barg.asm
                      BSR   0x000fe0       data     extern C:\MCC18\SRC\TRADIT~1\PROC\p18f4550.asm
                   CCP1AS   0x000fb6       data     extern C:\MCC18\SRC\TRADIT~1\PROC\p18f4550.asm
               CCP1ASbits   0x000fb6       data     extern C:\MCC18\SRC\TRADIT~1\PROC\p18f4550.asm
                  CCP1CON   0x000fbd       data     extern C:\MCC18\SRC\TRADIT~1\PROC\p18f4550.asm
              CCP1CONbits   0x000fbd       data     extern C:\MCC18\SRC\TRADIT~1\PROC\p18f4550.asm
                  CCP1DEL   0x000fb7       data     extern C:\MCC18\SRC\TRADIT~1\PROC\p18f4550.asm
              CCP1DELbits   0x000fb7       data     extern C:\MCC18\SRC\TRADIT~1\PROC\p18f4550.asm
                  CCP2CON   0x000fba       data     extern C:\MCC18\SRC\TRADIT~1\PROC\p18f4550.asm
              CCP2CONbits   0x000fba       data     extern C:\MCC18\SRC\TRADIT~1\PROC\p18f4550.asm
                    CCPR1   0x000fbe       data     extern C:\MCC18\SRC\TRADIT~1\PROC\p18f4550.asm
                   CCPR1H   0x000fbf       data     extern C:\MCC18\SRC\TRADIT~1\PROC\p18f4550.asm
                   CCPR1L   0x000fbe       data     extern C:\MCC18\SRC\TRADIT~1\PROC\p18f4550.asm
                    CCPR2   0x000fbb       data     extern C:\MCC18\SRC\TRADIT~1\PROC\p18f4550.asm
                   CCPR2H   0x000fbc       data     extern C:\MCC18\SRC\TRADIT~1\PROC\p18f4550.asm
                   CCPR2L   0x000fbb       data     extern C:\MCC18\SRC\TRADIT~1\PROC\p18f4550.asm
                    CMCON   0x000fb4       data     extern C:\MCC18\SRC\TRADIT~1\PROC\p18f4550.asm
                CMCONbits   0x000fb4       data     extern C:\MCC18\SRC\TRADIT~1\PROC\p18f4550.asm
                   CVRCON   0x000fb5       data     extern C:\MCC18\SRC\TRADIT~1\PROC\p18f4550.asm
               CVRCONbits   0x000fb5       data     extern C:\MCC18\SRC\TRADIT~1\PROC\p18f4550.asm
                     DDRA   0x000f92       data     extern C:\MCC18\SRC\TRADIT~1\PROC\p18f4550.asm
                 DDRAbits   0x000f92       data     extern C:\MCC18\SRC\TRADIT~1\PROC\p18f4550.asm
                     DDRB   0x000f93       data     extern C:\MCC18\SRC\TRADIT~1\PROC\p18f4550.asm
                 DDRBbits   0x000f93       data     extern C:\MCC18\SRC\TRADIT~1\PROC\p18f4550.asm
                     DDRC   0x000f94       data     extern C:\MCC18\SRC\TRADIT~1\PROC\p18f4550.asm
                 DDRCbits   0x000f94       data     extern C:\MCC18\SRC\TRADIT~1\PROC\p18f4550.asm
                     DDRD   0x000f95       data     extern C:\MCC18\SRC\TRADIT~1\PROC\p18f4550.asm
                 DDRDbits   0x000f95       data     extern C:\MCC18\SRC\TRADIT~1\PROC\p18f4550.asm
                     DDRE   0x000f96       data     extern C:\MCC18\SRC\TRADIT~1\PROC\p18f4550.asm
                 DDREbits   0x000f96       data     extern C:\MCC18\SRC\TRADIT~1\PROC\p18f4550.asm
                  ECCP1AS   0x000fb6       data     extern C:\MCC18\SRC\TRADIT~1\PROC\p18f4550.asm
              ECCP1ASbits   0x000fb6       data     extern C:\MCC18\SRC\TRADIT~1\PROC\p18f4550.asm
                 ECCP1CON   0x000fbd       data     extern C:\MCC18\SRC\TRADIT~1\PROC\p18f4550.asm
             ECCP1CONbits   0x000fbd       data     extern C:\MCC18\SRC\TRADIT~1\PROC\p18f4550.asm
                 ECCP1DEL   0x000fb7       data     extern C:\MCC18\SRC\TRADIT~1\PROC\p18f4550.asm
             ECCP1DELbits   0x000fb7       data     extern C:\MCC18\SRC\TRADIT~1\PROC\p18f4550.asm
                    EEADR   0x000fa9       data     extern C:\MCC18\SRC\TRADIT~1\PROC\p18f4550.asm
                   EECON1   0x000fa6       data     extern C:\MCC18\SRC\TRADIT~1\PROC\p18f4550.asm
               EECON1bits   0x000fa6       data     extern C:\MCC18\SRC\TRADIT~1\PROC\p18f4550.asm
                   EECON2   0x000fa7       data     extern C:\MCC18\SRC\TRADIT~1\PROC\p18f4550.asm
                   EEDATA   0x000fa8       data     extern C:\MCC18\SRC\TRADIT~1\PROC\p18f4550.asm
                  FPFLAGS   0x00000f       data     extern C:\MCC18\SRC\TRADIT~1\MATH\cmath18.asm
              FPFLAGSbits   0x00000f       data     extern C:\MCC18\SRC\TRADIT~1\MATH\cmath18.asm
                     FSR0   0x000fe9       data     extern C:\MCC18\SRC\TRADIT~1\PROC\p18f4550.asm
                    FSR0H   0x000fea       data     extern C:\MCC18\SRC\TRADIT~1\PROC\p18f4550.asm
                    FSR0L   0x000fe9       data     extern C:\MCC18\SRC\TRADIT~1\PROC\p18f4550.asm
                     FSR1   0x000fe1       data     extern C:\MCC18\SRC\TRADIT~1\PROC\p18f4550.asm
                    FSR1H   0x000fe2       data     extern C:\MCC18\SRC\TRADIT~1\PROC\p18f4550.asm
                    FSR1L   0x000fe1       data     extern C:\MCC18\SRC\TRADIT~1\PROC\p18f4550.asm
                     FSR2   0x000fd9       data     extern C:\MCC18\SRC\TRADIT~1\PROC\p18f4550.asm
                    FSR2H   0x000fda       data     extern C:\MCC18\SRC\TRADIT~1\PROC\p18f4550.asm
                    FSR2L   0x000fd9       data     extern C:\MCC18\SRC\TRADIT~1\PROC\p18f4550.asm
                  HLVDCON   0x000fd2       data     extern C:\MCC18\SRC\TRADIT~1\PROC\p18f4550.asm
              HLVDCONbits   0x000fd2       data     extern C:\MCC18\SRC\TRADIT~1\PROC\p18f4550.asm
                    INDF0   0x000fef       data     extern C:\MCC18\SRC\TRADIT~1\PROC\p18f4550.asm
                    INDF1   0x000fe7       data     extern C:\MCC18\SRC\TRADIT~1\PROC\p18f4550.asm
                    INDF2   0x000fdf       data     extern C:\MCC18\SRC\TRADIT~1\PROC\p18f4550.asm
                   INTCON   0x000ff2       data     extern C:\MCC18\SRC\TRADIT~1\PROC\p18f4550.asm
                  INTCON2   0x000ff1       data     extern C:\MCC18\SRC\TRADIT~1\PROC\p18f4550.asm
              INTCON2bits   0x000ff1       data     extern C:\MCC18\SRC\TRADIT~1\PROC\p18f4550.asm
                  INTCON3   0x000ff0       data     extern C:\MCC18\SRC\TRADIT~1\PROC\p18f4550.asm
              INTCON3bits   0x000ff0       data     extern C:\MCC18\SRC\TRADIT~1\PROC\p18f4550.asm
               INTCONbits   0x000ff2       data     extern C:\MCC18\SRC\TRADIT~1\PROC\p18f4550.asm
                     IPR1   0x000f9f       data     extern C:\MCC18\SRC\TRADIT~1\PROC\p18f4550.asm
                 IPR1bits   0x000f9f       data     extern C:\MCC18\SRC\TRADIT~1\PROC\p18f4550.asm
                     IPR2   0x000fa2       data     extern C:\MCC18\SRC\TRADIT~1\PROC\p18f4550.asm
                 IPR2bits   0x000fa2       data     extern C:\MCC18\SRC\TRADIT~1\PROC\p18f4550.asm
                     LATA   0x000f89       data     extern C:\MCC18\SRC\TRADIT~1\PROC\p18f4550.asm
                 LATAbits   0x000f89       data     extern C:\MCC18\SRC\TRADIT~1\PROC\p18f4550.asm
                     LATB   0x000f8a       data     extern C:\MCC18\SRC\TRADIT~1\PROC\p18f4550.asm
                 LATBbits   0x000f8a       data     extern C:\MCC18\SRC\TRADIT~1\PROC\p18f4550.asm
                     LATC   0x000f8b       data     extern C:\MCC18\SRC\TRADIT~1\PROC\p18f4550.asm
                 LATCbits   0x000f8b       data     extern C:\MCC18\SRC\TRADIT~1\PROC\p18f4550.asm
                     LATD   0x000f8c       data     extern C:\MCC18\SRC\TRADIT~1\PROC\p18f4550.asm
                 LATDbits   0x000f8c       data     extern C:\MCC18\SRC\TRADIT~1\PROC\p18f4550.asm
                     LATE   0x000f8d       data     extern C:\MCC18\SRC\TRADIT~1\PROC\p18f4550.asm
                 LATEbits   0x000f8d       data     extern C:\MCC18\SRC\TRADIT~1\PROC\p18f4550.asm
                   LVDCON   0x000fd2       data     extern C:\MCC18\SRC\TRADIT~1\PROC\p18f4550.asm
               LVDCONbits   0x000fd2       data     extern C:\MCC18\SRC\TRADIT~1\PROC\p18f4550.asm
                   OSCCON   0x000fd3       data     extern C:\MCC18\SRC\TRADIT~1\PROC\p18f4550.asm
               OSCCONbits   0x000fd3       data     extern C:\MCC18\SRC\TRADIT~1\PROC\p18f4550.asm
                  OSCTUNE   0x000f9b       data     extern C:\MCC18\SRC\TRADIT~1\PROC\p18f4550.asm
              OSCTUNEbits   0x000f9b       data     extern C:\MCC18\SRC\TRADIT~1\PROC\p18f4550.asm
                       PC   0x000ff9       data     extern C:\MCC18\SRC\TRADIT~1\PROC\p18f4550.asm
                      PCL   0x000ff9       data     extern C:\MCC18\SRC\TRADIT~1\PROC\p18f4550.asm
                   PCLATH   0x000ffa       data     extern C:\MCC18\SRC\TRADIT~1\PROC\p18f4550.asm
                   PCLATU   0x000ffb       data     extern C:\MCC18\SRC\TRADIT~1\PROC\p18f4550.asm
                     PIE1   0x000f9d       data     extern C:\MCC18\SRC\TRADIT~1\PROC\p18f4550.asm
                 PIE1bits   0x000f9d       data     extern C:\MCC18\SRC\TRADIT~1\PROC\p18f4550.asm
                     PIE2   0x000fa0       data     extern C:\MCC18\SRC\TRADIT~1\PROC\p18f4550.asm
                 PIE2bits   0x000fa0       data     extern C:\MCC18\SRC\TRADIT~1\PROC\p18f4550.asm
                     PIR1   0x000f9e       data     extern C:\MCC18\SRC\TRADIT~1\PROC\p18f4550.asm
                 PIR1bits   0x000f9e       data     extern C:\MCC18\SRC\TRADIT~1\PROC\p18f4550.asm
                     PIR2   0x000fa1       data     extern C:\MCC18\SRC\TRADIT~1\PROC\p18f4550.asm
                 PIR2bits   0x000fa1       data     extern C:\MCC18\SRC\TRADIT~1\PROC\p18f4550.asm
                   PLUSW0   0x000feb       data     extern C:\MCC18\SRC\TRADIT~1\PROC\p18f4550.asm
                   PLUSW1   0x000fe3       data     extern C:\MCC18\SRC\TRADIT~1\PROC\p18f4550.asm
                   PLUSW2   0x000fdb       data     extern C:\MCC18\SRC\TRADIT~1\PROC\p18f4550.asm
                    PORTA   0x000f80       data     extern C:\MCC18\SRC\TRADIT~1\PROC\p18f4550.asm
                PORTAbits   0x000f80       data     extern C:\MCC18\SRC\TRADIT~1\PROC\p18f4550.asm
                    PORTB   0x000f81       data     extern C:\MCC18\SRC\TRADIT~1\PROC\p18f4550.asm
                PORTBbits   0x000f81       data     extern C:\MCC18\SRC\TRADIT~1\PROC\p18f4550.asm
                    PORTC   0x000f82       data     extern C:\MCC18\SRC\TRADIT~1\PROC\p18f4550.asm
                PORTCbits   0x000f82       data     extern C:\MCC18\SRC\TRADIT~1\PROC\p18f4550.asm
                    PORTD   0x000f83       data     extern C:\MCC18\SRC\TRADIT~1\PROC\p18f4550.asm
                PORTDbits   0x000f83       data     extern C:\MCC18\SRC\TRADIT~1\PROC\p18f4550.asm
                    PORTE   0x000f84       data     extern C:\MCC18\SRC\TRADIT~1\PROC\p18f4550.asm
                PORTEbits   0x000f84       data     extern C:\MCC18\SRC\TRADIT~1\PROC\p18f4550.asm
                 POSTDEC0   0x000fed       data     extern C:\MCC18\SRC\TRADIT~1\PROC\p18f4550.asm
                 POSTDEC1   0x000fe5       data     extern C:\MCC18\SRC\TRADIT~1\PROC\p18f4550.asm
                 POSTDEC2   0x000fdd       data     extern C:\MCC18\SRC\TRADIT~1\PROC\p18f4550.asm
                 POSTINC0   0x000fee       data     extern C:\MCC18\SRC\TRADIT~1\PROC\p18f4550.asm
                 POSTINC1   0x000fe6       data     extern C:\MCC18\SRC\TRADIT~1\PROC\p18f4550.asm
                 POSTINC2   0x000fde       data     extern C:\MCC18\SRC\TRADIT~1\PROC\p18f4550.asm
                      PR2   0x000fcb       data     extern C:\MCC18\SRC\TRADIT~1\PROC\p18f4550.asm
                  PREINC0   0x000fec       data     extern C:\MCC18\SRC\TRADIT~1\PROC\p18f4550.asm
                  PREINC1   0x000fe4       data     extern C:\MCC18\SRC\TRADIT~1\PROC\p18f4550.asm
                  PREINC2   0x000fdc       data     extern C:\MCC18\SRC\TRADIT~1\PROC\p18f4550.asm
                     PROD   0x000ff3       data     extern C:\MCC18\SRC\TRADIT~1\PROC\p18f4550.asm
                    PRODH   0x000ff4       data     extern C:\MCC18\SRC\TRADIT~1\PROC\p18f4550.asm
                    PRODL   0x000ff3       data     extern C:\MCC18\SRC\TRADIT~1\PROC\p18f4550.asm
                     RCON   0x000fd0       data     extern C:\MCC18\SRC\TRADIT~1\PROC\p18f4550.asm
                 RCONbits   0x000fd0       data     extern C:\MCC18\SRC\TRADIT~1\PROC\p18f4550.asm
                    RCREG   0x000fae       data     extern C:\MCC18\SRC\TRADIT~1\PROC\p18f4550.asm
                    RCSTA   0x000fab       data     extern C:\MCC18\SRC\TRADIT~1\PROC\p18f4550.asm
                RCSTAbits   0x000fab       data     extern C:\MCC18\SRC\TRADIT~1\PROC\p18f4550.asm
                    REMB0   0x000003       data     extern C:\MCC18\SRC\TRADIT~1\MATH\aarg.asm
                    REMB1   0x000002       data     extern C:\MCC18\SRC\TRADIT~1\MATH\aarg.asm
                    REMB2   0x000001       data     extern C:\MCC18\SRC\TRADIT~1\MATH\aarg.asm
                    REMB3   0x000000       data     extern C:\MCC18\SRC\TRADIT~1\MATH\aarg.asm
                     SIGN   0x00000e       data     extern C:\MCC18\SRC\TRADIT~1\MATH\cmath18.asm
                    SPBRG   0x000faf       data     extern C:\MCC18\SRC\TRADIT~1\PROC\p18f4550.asm
                   SPBRGH   0x000fb0       data     extern C:\MCC18\SRC\TRADIT~1\PROC\p18f4550.asm
                   SPPCFG   0x000f63       data     extern C:\MCC18\SRC\TRADIT~1\PROC\p18f4550.asm
               SPPCFGbits   0x000f63       data     extern C:\MCC18\SRC\TRADIT~1\PROC\p18f4550.asm
                   SPPCON   0x000f65       data     extern C:\MCC18\SRC\TRADIT~1\PROC\p18f4550.asm
               SPPCONbits   0x000f65       data     extern C:\MCC18\SRC\TRADIT~1\PROC\p18f4550.asm
                  SPPDATA   0x000f62       data     extern C:\MCC18\SRC\TRADIT~1\PROC\p18f4550.asm
                   SPPEPS   0x000f64       data     extern C:\MCC18\SRC\TRADIT~1\PROC\p18f4550.asm
               SPPEPSbits   0x000f64       data     extern C:\MCC18\SRC\TRADIT~1\PROC\p18f4550.asm
                   SSPADD   0x000fc8       data     extern C:\MCC18\SRC\TRADIT~1\PROC\p18f4550.asm
                   SSPBUF   0x000fc9       data     extern C:\MCC18\SRC\TRADIT~1\PROC\p18f4550.asm
                  SSPCON1   0x000fc6       data     extern C:\MCC18\SRC\TRADIT~1\PROC\p18f4550.asm
              SSPCON1bits   0x000fc6       data     extern C:\MCC18\SRC\TRADIT~1\PROC\p18f4550.asm
                  SSPCON2   0x000fc5       data     extern C:\MCC18\SRC\TRADIT~1\PROC\p18f4550.asm
              SSPCON2bits   0x000fc5       data     extern C:\MCC18\SRC\TRADIT~1\PROC\p18f4550.asm
                  SSPSTAT   0x000fc7       data     extern C:\MCC18\SRC\TRADIT~1\PROC\p18f4550.asm
              SSPSTATbits   0x000fc7       data     extern C:\MCC18\SRC\TRADIT~1\PROC\p18f4550.asm
                   STATUS   0x000fd8       data     extern C:\MCC18\SRC\TRADIT~1\PROC\p18f4550.asm
               STATUSbits   0x000fd8       data     extern C:\MCC18\SRC\TRADIT~1\PROC\p18f4550.asm
                   STKPTR   0x000ffc       data     extern C:\MCC18\SRC\TRADIT~1\PROC\p18f4550.asm
               STKPTRbits   0x000ffc       data     extern C:\MCC18\SRC\TRADIT~1\PROC\p18f4550.asm
                 SetupPkt   0x000410       data     extern C:\Documents and Settings\Andrew\Desktop\pic18fusb\src\main.c
                    T0CON   0x000fd5       data     extern C:\MCC18\SRC\TRADIT~1\PROC\p18f4550.asm
                T0CONbits   0x000fd5       data     extern C:\MCC18\SRC\TRADIT~1\PROC\p18f4550.asm
                    T1CON   0x000fcd       data     extern C:\MCC18\SRC\TRADIT~1\PROC\p18f4550.asm
                T1CONbits   0x000fcd       data     extern C:\MCC18\SRC\TRADIT~1\PROC\p18f4550.asm
                    T2CON   0x000fca       data     extern C:\MCC18\SRC\TRADIT~1\PROC\p18f4550.asm
                T2CONbits   0x000fca       data     extern C:\MCC18\SRC\TRADIT~1\PROC\p18f4550.asm
                    T3CON   0x000fb1       data     extern C:\MCC18\SRC\TRADIT~1\PROC\p18f4550.asm
                T3CONbits   0x000fb1       data     extern C:\MCC18\SRC\TRADIT~1\PROC\p18f4550.asm
                   TABLAT   0x000ff5       data     extern C:\MCC18\SRC\TRADIT~1\PROC\p18f4550.asm
                   TBLPTR   0x000ff6       data     extern C:\MCC18\SRC\TRADIT~1\PROC\p18f4550.asm
                  TBLPTRH   0x000ff7       data     extern C:\MCC18\SRC\TRADIT~1\PROC\p18f4550.asm
                  TBLPTRL   0x000ff6       data     extern C:\MCC18\SRC\TRADIT~1\PROC\p18f4550.asm
                  TBLPTRU   0x000ff8       data     extern C:\MCC18\SRC\TRADIT~1\PROC\p18f4550.asm
                    TMR0H   0x000fd7       data     extern C:\MCC18\SRC\TRADIT~1\PROC\p18f4550.asm
                    TMR0L   0x000fd6       data     extern C:\MCC18\SRC\TRADIT~1\PROC\p18f4550.asm
                    TMR1H   0x000fcf       data     extern C:\MCC18\SRC\TRADIT~1\PROC\p18f4550.asm
                    TMR1L   0x000fce       data     extern C:\MCC18\SRC\TRADIT~1\PROC\p18f4550.asm
                     TMR2   0x000fcc       data     extern C:\MCC18\SRC\TRADIT~1\PROC\p18f4550.asm
                    TMR3H   0x000fb3       data     extern C:\MCC18\SRC\TRADIT~1\PROC\p18f4550.asm
                    TMR3L   0x000fb2       data     extern C:\MCC18\SRC\TRADIT~1\PROC\p18f4550.asm
                      TOS   0x000ffd       data     extern C:\MCC18\SRC\TRADIT~1\PROC\p18f4550.asm
                     TOSH   0x000ffe       data     extern C:\MCC18\SRC\TRADIT~1\PROC\p18f4550.asm
                     TOSL   0x000ffd       data     extern C:\MCC18\SRC\TRADIT~1\PROC\p18f4550.asm
                     TOSU   0x000fff       data     extern C:\MCC18\SRC\TRADIT~1\PROC\p18f4550.asm
                    TRISA   0x000f92       data     extern C:\MCC18\SRC\TRADIT~1\PROC\p18f4550.asm
                TRISAbits   0x000f92       data     extern C:\MCC18\SRC\TRADIT~1\PROC\p18f4550.asm
                    TRISB   0x000f93       data     extern C:\MCC18\SRC\TRADIT~1\PROC\p18f4550.asm
                TRISBbits   0x000f93       data     extern C:\MCC18\SRC\TRADIT~1\PROC\p18f4550.asm
                    TRISC   0x000f94       data     extern C:\MCC18\SRC\TRADIT~1\PROC\p18f4550.asm
                TRISCbits   0x000f94       data     extern C:\MCC18\SRC\TRADIT~1\PROC\p18f4550.asm
                    TRISD   0x000f95       data     extern C:\MCC18\SRC\TRADIT~1\PROC\p18f4550.asm
                TRISDbits   0x000f95       data     extern C:\MCC18\SRC\TRADIT~1\PROC\p18f4550.asm
                    TRISE   0x000f96       data     extern C:\MCC18\SRC\TRADIT~1\PROC\p18f4550.asm
                TRISEbits   0x000f96       data     extern C:\MCC18\SRC\TRADIT~1\PROC\p18f4550.asm
                    TXREG   0x000fad       data     extern C:\MCC18\SRC\TRADIT~1\PROC\p18f4550.asm
                    TXSTA   0x000fac       data     extern C:\MCC18\SRC\TRADIT~1\PROC\p18f4550.asm
                TXSTAbits   0x000fac       data     extern C:\MCC18\SRC\TRADIT~1\PROC\p18f4550.asm
                  TrfData   0x000418       data     extern C:\Documents and Settings\Andrew\Desktop\pic18fusb\src\main.c
                    UADDR   0x000f6e       data     extern C:\MCC18\SRC\TRADIT~1\PROC\p18f4550.asm
                UADDRbits   0x000f6e       data     extern C:\MCC18\SRC\TRADIT~1\PROC\p18f4550.asm
                     UCFG   0x000f6f       data     extern C:\MCC18\SRC\TRADIT~1\PROC\p18f4550.asm
                 UCFGbits   0x000f6f       data     extern C:\MCC18\SRC\TRADIT~1\PROC\p18f4550.asm
                     UCON   0x000f6d       data     extern C:\MCC18\SRC\TRADIT~1\PROC\p18f4550.asm
                 UCONbits   0x000f6d       data     extern C:\MCC18\SRC\TRADIT~1\PROC\p18f4550.asm
                     UEIE   0x000f6b       data     extern C:\MCC18\SRC\TRADIT~1\PROC\p18f4550.asm
                 UEIEbits   0x000f6b       data     extern C:\MCC18\SRC\TRADIT~1\PROC\p18f4550.asm
                     UEIR   0x000f6a       data     extern C:\MCC18\SRC\TRADIT~1\PROC\p18f4550.asm
                 UEIRbits   0x000f6a       data     extern C:\MCC18\SRC\TRADIT~1\PROC\p18f4550.asm
                     UEP0   0x000f70       data     extern C:\MCC18\SRC\TRADIT~1\PROC\p18f4550.asm
                 UEP0bits   0x000f70       data     extern C:\MCC18\SRC\TRADIT~1\PROC\p18f4550.asm
                     UEP1   0x000f71       data     extern C:\MCC18\SRC\TRADIT~1\PROC\p18f4550.asm
                    UEP10   0x000f7a       data     extern C:\MCC18\SRC\TRADIT~1\PROC\p18f4550.asm
                UEP10bits   0x000f7a       data     extern C:\MCC18\SRC\TRADIT~1\PROC\p18f4550.asm
                    UEP11   0x000f7b       data     extern C:\MCC18\SRC\TRADIT~1\PROC\p18f4550.asm
                UEP11bits   0x000f7b       data     extern C:\MCC18\SRC\TRADIT~1\PROC\p18f4550.asm
                    UEP12   0x000f7c       data     extern C:\MCC18\SRC\TRADIT~1\PROC\p18f4550.asm
                UEP12bits   0x000f7c       data     extern C:\MCC18\SRC\TRADIT~1\PROC\p18f4550.asm
                    UEP13   0x000f7d       data     extern C:\MCC18\SRC\TRADIT~1\PROC\p18f4550.asm
                UEP13bits   0x000f7d       data     extern C:\MCC18\SRC\TRADIT~1\PROC\p18f4550.asm
                    UEP14   0x000f7e       data     extern C:\MCC18\SRC\TRADIT~1\PROC\p18f4550.asm
                UEP14bits   0x000f7e       data     extern C:\MCC18\SRC\TRADIT~1\PROC\p18f4550.asm
                    UEP15   0x000f7f       data     extern C:\MCC18\SRC\TRADIT~1\PROC\p18f4550.asm
                UEP15bits   0x000f7f       data     extern C:\MCC18\SRC\TRADIT~1\PROC\p18f4550.asm
                 UEP1bits   0x000f71       data     extern C:\MCC18\SRC\TRADIT~1\PROC\p18f4550.asm
                     UEP2   0x000f72       data     extern C:\MCC18\SRC\TRADIT~1\PROC\p18f4550.asm
                 UEP2bits   0x000f72       data     extern C:\MCC18\SRC\TRADIT~1\PROC\p18f4550.asm
                     UEP3   0x000f73       data     extern C:\MCC18\SRC\TRADIT~1\PROC\p18f4550.asm
                 UEP3bits   0x000f73       data     extern C:\MCC18\SRC\TRADIT~1\PROC\p18f4550.asm
                     UEP4   0x000f74       data     extern C:\MCC18\SRC\TRADIT~1\PROC\p18f4550.asm
                 UEP4bits   0x000f74       data     extern C:\MCC18\SRC\TRADIT~1\PROC\p18f4550.asm
                     UEP5   0x000f75       data     extern C:\MCC18\SRC\TRADIT~1\PROC\p18f4550.asm
                 UEP5bits   0x000f75       data     extern C:\MCC18\SRC\TRADIT~1\PROC\p18f4550.asm
                     UEP6   0x000f76       data     extern C:\MCC18\SRC\TRADIT~1\PROC\p18f4550.asm
                 UEP6bits   0x000f76       data     extern C:\MCC18\SRC\TRADIT~1\PROC\p18f4550.asm
                     UEP7   0x000f77       data     extern C:\MCC18\SRC\TRADIT~1\PROC\p18f4550.asm
                 UEP7bits   0x000f77       data     extern C:\MCC18\SRC\TRADIT~1\PROC\p18f4550.asm
                     UEP8   0x000f78       data     extern C:\MCC18\SRC\TRADIT~1\PROC\p18f4550.asm
                 UEP8bits   0x000f78       data     extern C:\MCC18\SRC\TRADIT~1\PROC\p18f4550.asm
                     UEP9   0x000f79       data     extern C:\MCC18\SRC\TRADIT~1\PROC\p18f4550.asm
                 UEP9bits   0x000f79       data     extern C:\MCC18\SRC\TRADIT~1\PROC\p18f4550.asm
                     UFRM   0x000f66       data     extern C:\MCC18\SRC\TRADIT~1\PROC\p18f4550.asm
                    UFRMH   0x000f67       data     extern C:\MCC18\SRC\TRADIT~1\PROC\p18f4550.asm
                    UFRML   0x000f66       data     extern C:\MCC18\SRC\TRADIT~1\PROC\p18f4550.asm
                      UIE   0x000f69       data     extern C:\MCC18\SRC\TRADIT~1\PROC\p18f4550.asm
                  UIEbits   0x000f69       data     extern C:\MCC18\SRC\TRADIT~1\PROC\p18f4550.asm
                      UIR   0x000f68       data     extern C:\MCC18\SRC\TRADIT~1\PROC\p18f4550.asm
                  UIRbits   0x000f68       data     extern C:\MCC18\SRC\TRADIT~1\PROC\p18f4550.asm
                    USTAT   0x000f6c       data     extern C:\MCC18\SRC\TRADIT~1\PROC\p18f4550.asm
                USTATbits   0x000f6c       data     extern C:\MCC18\SRC\TRADIT~1\PROC\p18f4550.asm
                   WDTCON   0x000fd1       data     extern C:\MCC18\SRC\TRADIT~1\PROC\p18f4550.asm
               WDTCONbits   0x000fd1       data     extern C:\MCC18\SRC\TRADIT~1\PROC\p18f4550.asm
                     WREG   0x000fe8       data     extern C:\MCC18\SRC\TRADIT~1\PROC\p18f4550.asm
                  __tmp_0   0x000010       data     static C:\Documents and Settings\Andrew\Desktop\pic18fusb\src\main.c
            bytes_to_send   0x000068       data     extern C:\Documents and Settings\Andrew\Desktop\pic18fusb\src\main.c
                curr_byte   0x000077       data     static C:\MCC18\src\traditional\startup\c018i.c
               curr_entry   0x000079       data     static C:\MCC18\src\traditional\startup\c018i.c
                 data_ptr   0x00007b       data     static C:\MCC18\src\traditional\startup\c018i.c
                  datares   0x00006a       data     extern C:\Documents and Settings\Andrew\Desktop\pic18fusb\src\main.c
                    ep0Bi   0x000404       data     extern C:\Documents and Settings\Andrew\Desktop\pic18fusb\src\main.c
                    ep0Bo   0x000400       data     extern C:\Documents and Settings\Andrew\Desktop\pic18fusb\src\main.c
                    ep1Bi   0x00040c       data     extern C:\Documents and Settings\Andrew\Desktop\pic18fusb\src\main.c
                    ep1Bo   0x000408       data     extern C:\Documents and Settings\Andrew\Desktop\pic18fusb\src\main.c
                   g_pSrc   0x000066       data     extern C:\Documents and Settings\Andrew\Desktop\pic18fusb\src\main.c
                  gr_pSrc   0x000064       data     extern C:\Documents and Settings\Andrew\Desktop\pic18fusb\src\main.c
             mem_location   0x00006e       data     extern C:\Documents and Settings\Andrew\Desktop\pic18fusb\src\main.c
               msd_buffer   0x000428       data     extern C:\Documents and Settings\Andrew\Desktop\pic18fusb\src\main.c
                   parity   0x000061       data     extern C:\Documents and Settings\Andrew\Desktop\pic18fusb\src\main.c
                     prom   0x000074       data     static C:\MCC18\src\traditional\startup\c018i.c
                   status   0x000062       data     extern C:\Documents and Settings\Andrew\Desktop\pic18fusb\src\main.c
                     tagH   0x000072       data     extern C:\Documents and Settings\Andrew\Desktop\pic18fusb\src\main.c
                     tagL   0x000070       data     extern C:\Documents and Settings\Andrew\Desktop\pic18fusb\src\main.c
                usb_state   0x000060       data     extern C:\Documents and Settings\Andrew\Desktop\pic18fusb\src\main.c



                              Symbols - Sorted by Address
                     Name    Address   Location    Storage File                     
                ---------  ---------  ---------  --------- ---------                
                   _entry   0x000000    program     extern C:\MCC18\src\traditional\startup\c018i.c
       ___return_lbl00000   0x000004    program     static                          
                _high_isr   0x000008    program     extern C:\Documents and Settings\Andrew\Desktop\pic18fusb\src\start.c
       ___return_lbl00000   0x000010    program     static                          
                 _low_isr   0x000018    program     extern C:\Documents and Settings\Andrew\Desktop\pic18fusb\src\start.c
       ___return_lbl00001   0x000020    program     static                          
                     init   0x00002c    program     extern C:\Documents and Settings\Andrew\Desktop\pic18fusb\src\h\system.h
            check_usb_bus   0x000040    program     extern C:\Documents and Settings\Andrew\Desktop\pic18fusb\src\h\system.h
        check_std_request   0x000080    program     extern C:\Documents and Settings\Andrew\Desktop\pic18fusb\src\h\usbcntrl.h
            clear_feature   0x0000b4    program     extern C:\Documents and Settings\Andrew\Desktop\pic18fusb\src\h\usbcntrl.h
              set_address   0x0000c2    program     extern C:\Documents and Settings\Andrew\Desktop\pic18fusb\src\h\usbcntrl.h
           get_descriptor   0x0000ca    program     extern C:\Documents and Settings\Andrew\Desktop\pic18fusb\src\h\usbcntrl.h
        set_configuration   0x0001c8    program     extern C:\Documents and Settings\Andrew\Desktop\pic18fusb\src\h\usbcntrl.h
              get_max_lun   0x0001d0    program     extern C:\Documents and Settings\Andrew\Desktop\pic18fusb\src\h\usbcntrl.h
        check_msd_request   0x0001e8    program     extern C:\Documents and Settings\Andrew\Desktop\pic18fusb\src\h\msd.h
             msd_transfer   0x000242    program     extern C:\Documents and Settings\Andrew\Desktop\pic18fusb\src\h\msd.h
                 send_csw   0x000312    program     extern C:\Documents and Settings\Andrew\Desktop\pic18fusb\src\h\msd.h
 inquiry_response_handler   0x000390    program     extern C:\Documents and Settings\Andrew\Desktop\pic18fusb\src\h\msd.h
     read_format_capacity   0x0003a8    program     extern C:\Documents and Settings\Andrew\Desktop\pic18fusb\src\h\msd.h
            read_capacity   0x0003b8    program     extern C:\Documents and Settings\Andrew\Desktop\pic18fusb\src\h\msd.h
    request_sense_handler   0x0003d2    program     extern C:\Documents and Settings\Andrew\Desktop\pic18fusb\src\h\msd.h
                     read   0x0004aa    program     extern C:\Documents and Settings\Andrew\Desktop\pic18fusb\src\h\msd.h
           ___if_lbl00092   0x00052e    program     static                          
         ___else_lbl00094   0x000594    program     static                          
           ___if_lbl00093   0x000598    program     static                          
           ___if_lbl00095   0x0005c4    program     static                          
          ___for_lbl00098   0x0005e4    program     static                          
          ___for_lbl00096   0x0005fc    program     static                          
          ___for_lbl00097   0x000614    program     static                          
         ___else_lbl00100   0x000626    program     static                          
           ___if_lbl00099   0x000630    program     static                          
       ___return_lbl00091   0x000630    program     static                          
                    write   0x000648    program     extern C:\Documents and Settings\Andrew\Desktop\pic18fusb\src\h\msd.h
          ___for_lbl00104   0x00073e    program     static                          
          ___for_lbl00102   0x000756    program     static                          
          ___for_lbl00103   0x000766    program     static                          
         ___else_lbl00106   0x000778    program     static                          
           ___if_lbl00105   0x00077e    program     static                          
         ___else_lbl00108   0x00079a    program     static                          
           ___if_lbl00107   0x0007a4    program     static                          
           ___if_lbl00109   0x0007a6    program     static                          
           ___if_lbl00110   0x0007c2    program     static                          
           ___if_lbl00111   0x0007de    program     static                          
         ___else_lbl00115   0x000864    program     static                          
         ___else_lbl00113   0x000880    program     static                          
           ___if_lbl00114   0x000884    program     static                          
           ___if_lbl00112   0x000884    program     static                          
          ___for_lbl00118   0x000888    program     static                          
          ___for_lbl00116   0x0008a2    program     static                          
          ___for_lbl00117   0x0008b4    program     static                          
          ___for_lbl00121   0x0008f2    program     static                          
          ___for_lbl00119   0x00090e    program     static                          
          ___for_lbl00120   0x000922    program     static                          
           ___if_lbl00122   0x000940    program     static                          
           ___if_lbl00123   0x00095a    program     static                          
         ___else_lbl00125   0x00096c    program     static                          
           ___if_lbl00124   0x000972    program     static                          
         ___else_lbl00127   0x00098e    program     static                          
       ___return_lbl00101   0x000998    program     static                          
           ___if_lbl00126   0x000998    program     static                          
               mode_sense   0x0009b0    program     extern C:\Documents and Settings\Andrew\Desktop\pic18fusb\src\h\msd.h
          test_unit_ready   0x0009d6    program     extern C:\Documents and Settings\Andrew\Desktop\pic18fusb\src\h\msd.h
           prev_allow_med   0x0009d8    program     extern C:\Documents and Settings\Andrew\Desktop\pic18fusb\src\h\msd.h
                   verify   0x0009ec    program     extern C:\Documents and Settings\Andrew\Desktop\pic18fusb\src\h\msd.h
         high_isr_handler   0x0009ee    program     extern C:\Documents and Settings\Andrew\Desktop\pic18fusb\src\h\interrupts.h
          low_isr_handler   0x000b3c    program     extern C:\Documents and Settings\Andrew\Desktop\pic18fusb\src\h\interrupts.h
                     main   0x000b3e    program     extern C:\Documents and Settings\Andrew\Desktop\pic18fusb\src\main.c
                   __pa_0   0x000b4e    program     static C:\Documents and Settings\Andrew\Desktop\pic18fusb\src\h\msd.h
                   __pa_1   0x000b74    program     static C:\Documents and Settings\Andrew\Desktop\pic18fusb\src\h\msd.h
                   __pa_2   0x000b86    program     static C:\Documents and Settings\Andrew\Desktop\pic18fusb\src\h\msd.h
                   __pa_3   0x000b9c    program     static C:\Documents and Settings\Andrew\Desktop\pic18fusb\src\h\msd.h
                   __pa_4   0x000bac    program     static C:\Documents and Settings\Andrew\Desktop\pic18fusb\src\h\interrupts.h
                   __pa_5   0x000bbc    program     static C:\Documents and Settings\Andrew\Desktop\pic18fusb\src\h\msd.h
              __tmplbl_19   0x000bbc    program     static                          
              __tmplbl_21   0x000bbc    program     static                          
                   __pa_6   0x000bc8    program     static C:\Documents and Settings\Andrew\Desktop\pic18fusb\src\h\msd.h
                   __pa_7   0x000bdc    program     static C:\Documents and Settings\Andrew\Desktop\pic18fusb\src\h\msd.h
                   __pa_8   0x000bee    program     static C:\Documents and Settings\Andrew\Desktop\pic18fusb\src\h\interrupts.h
                   __pa_9   0x000bf8    program     static C:\Documents and Settings\Andrew\Desktop\pic18fusb\src\h\usbcntrl.h
                  __pa_10   0x000c06    program     static C:\Documents and Settings\Andrew\Desktop\pic18fusb\src\h\usbcntrl.h
                  __pa_11   0x000c14    program     static C:\Documents and Settings\Andrew\Desktop\pic18fusb\src\h\usbcntrl.h
                  __pa_12   0x000c22    program     static C:\Documents and Settings\Andrew\Desktop\pic18fusb\src\h\msd.h
                  __pa_13   0x000c30    program     static C:\Documents and Settings\Andrew\Desktop\pic18fusb\src\h\usbcntrl.h
              __tmplbl_24   0x000c40    program     static                          
                  __pa_14   0x000c40    program     static C:\Documents and Settings\Andrew\Desktop\pic18fusb\src\h\msd.h
              __tmplbl_25   0x000c40    program     static                          
              __tmplbl_26   0x000c40    program     static                          
                  __pa_15   0x000c46    program     static C:\Documents and Settings\Andrew\Desktop\pic18fusb\src\h\msd.h
                _do_cinit   0x000c4e    program     extern C:\MCC18\src\traditional\startup\c018i.c
                     test   0x000c68    program     static                          
                copy_loop   0x000cc0    program     static                          
            copy_one_byte   0x000cc6    program     static                          
             done_copying   0x000cd4    program     static                          
                     done   0x000cea    program     static                          
       ___return_lbl00002   0x000cea    program     static                          
                 inq_resp   0x000cec    program     extern C:\Documents and Settings\Andrew\Desktop\pic18fusb\src\h\msd_data.h
                 capacity   0x000d10    program     extern C:\Documents and Settings\Andrew\Desktop\pic18fusb\src\h\msd_data.h
               device_dsc   0x000d18    program     extern C:\Documents and Settings\Andrew\Desktop\pic18fusb\src\h\descriptors.h
                 usb_data   0x000d2a    program     extern C:\Documents and Settings\Andrew\Desktop\pic18fusb\src\h\descriptors.h
                 FXD1616U   0x000d4a    program     extern C:\MCC18\src\TRADIT~1\math\fxd1616u.c
                     loop   0x000d54    program     static                          
                  endloop   0x000d70    program     static                          
       ___return_lbl00000   0x000d74    program     static                          
                 _startup   0x000d76    program     extern C:\MCC18\src\traditional\startup\c018i.c
                     loop   0x000d86    program     static                          
       ___return_lbl00001   0x000d8c    program     static                          
                   AARGB7   0x000000       data     extern C:\MCC18\SRC\TRADIT~1\MATH\aarg.asm
                    REMB3   0x000000       data     extern C:\MCC18\SRC\TRADIT~1\MATH\aarg.asm
                   AARGB6   0x000001       data     extern C:\MCC18\SRC\TRADIT~1\MATH\aarg.asm
                    REMB2   0x000001       data     extern C:\MCC18\SRC\TRADIT~1\MATH\aarg.asm
                   AARGB5   0x000002       data     extern C:\MCC18\SRC\TRADIT~1\MATH\aarg.asm
                    REMB1   0x000002       data     extern C:\MCC18\SRC\TRADIT~1\MATH\aarg.asm
                    REMB0   0x000003       data     extern C:\MCC18\SRC\TRADIT~1\MATH\aarg.asm
                   AARGB4   0x000003       data     extern C:\MCC18\SRC\TRADIT~1\MATH\aarg.asm
                   AARGB3   0x000004       data     extern C:\MCC18\SRC\TRADIT~1\MATH\aarg.asm
                   AARGB2   0x000005       data     extern C:\MCC18\SRC\TRADIT~1\MATH\aarg.asm
                   AARGB1   0x000006       data     extern C:\MCC18\SRC\TRADIT~1\MATH\aarg.asm
                   AARGB0   0x000007       data     extern C:\MCC18\SRC\TRADIT~1\MATH\aarg.asm
                     AEXP   0x000008       data     extern C:\MCC18\SRC\TRADIT~1\MATH\aarg.asm
                   BARGB3   0x000009       data     extern C:\MCC18\SRC\TRADIT~1\MATH\barg.asm
                   BARGB2   0x00000a       data     extern C:\MCC18\SRC\TRADIT~1\MATH\barg.asm
                   BARGB1   0x00000b       data     extern C:\MCC18\SRC\TRADIT~1\MATH\barg.asm
                   BARGB0   0x00000c       data     extern C:\MCC18\SRC\TRADIT~1\MATH\barg.asm
                     BEXP   0x00000d       data     extern C:\MCC18\SRC\TRADIT~1\MATH\barg.asm
                     SIGN   0x00000e       data     extern C:\MCC18\SRC\TRADIT~1\MATH\cmath18.asm
              FPFLAGSbits   0x00000f       data     extern C:\MCC18\SRC\TRADIT~1\MATH\cmath18.asm
                  FPFLAGS   0x00000f       data     extern C:\MCC18\SRC\TRADIT~1\MATH\cmath18.asm
                  __tmp_0   0x000010       data     static C:\Documents and Settings\Andrew\Desktop\pic18fusb\src\main.c
                usb_state   0x000060       data     extern C:\Documents and Settings\Andrew\Desktop\pic18fusb\src\main.c
                   parity   0x000061       data     extern C:\Documents and Settings\Andrew\Desktop\pic18fusb\src\main.c
                   status   0x000062       data     extern C:\Documents and Settings\Andrew\Desktop\pic18fusb\src\main.c
                  gr_pSrc   0x000064       data     extern C:\Documents and Settings\Andrew\Desktop\pic18fusb\src\main.c
                   g_pSrc   0x000066       data     extern C:\Documents and Settings\Andrew\Desktop\pic18fusb\src\main.c
            bytes_to_send   0x000068       data     extern C:\Documents and Settings\Andrew\Desktop\pic18fusb\src\main.c
                  datares   0x00006a       data     extern C:\Documents and Settings\Andrew\Desktop\pic18fusb\src\main.c
             mem_location   0x00006e       data     extern C:\Documents and Settings\Andrew\Desktop\pic18fusb\src\main.c
                     tagL   0x000070       data     extern C:\Documents and Settings\Andrew\Desktop\pic18fusb\src\main.c
                     tagH   0x000072       data     extern C:\Documents and Settings\Andrew\Desktop\pic18fusb\src\main.c
                     prom   0x000074       data     static C:\MCC18\src\traditional\startup\c018i.c
                curr_byte   0x000077       data     static C:\MCC18\src\traditional\startup\c018i.c
               curr_entry   0x000079       data     static C:\MCC18\src\traditional\startup\c018i.c
                 data_ptr   0x00007b       data     static C:\MCC18\src\traditional\startup\c018i.c
                    ep0Bo   0x000400       data     extern C:\Documents and Settings\Andrew\Desktop\pic18fusb\src\main.c
                    ep0Bi   0x000404       data     extern C:\Documents and Settings\Andrew\Desktop\pic18fusb\src\main.c
                    ep1Bo   0x000408       data     extern C:\Documents and Settings\Andrew\Desktop\pic18fusb\src\main.c
                    ep1Bi   0x00040c       data     extern C:\Documents and Settings\Andrew\Desktop\pic18fusb\src\main.c
                 SetupPkt   0x000410       data     extern C:\Documents and Settings\Andrew\Desktop\pic18fusb\src\main.c
                  TrfData   0x000418       data     extern C:\Documents and Settings\Andrew\Desktop\pic18fusb\src\main.c
               msd_buffer   0x000428       data     extern C:\Documents and Settings\Andrew\Desktop\pic18fusb\src\main.c
                  SPPDATA   0x000f62       data     extern C:\MCC18\SRC\TRADIT~1\PROC\p18f4550.asm
               SPPCFGbits   0x000f63       data     extern C:\MCC18\SRC\TRADIT~1\PROC\p18f4550.asm
                   SPPCFG   0x000f63       data     extern C:\MCC18\SRC\TRADIT~1\PROC\p18f4550.asm
                   SPPEPS   0x000f64       data     extern C:\MCC18\SRC\TRADIT~1\PROC\p18f4550.asm
               SPPEPSbits   0x000f64       data     extern C:\MCC18\SRC\TRADIT~1\PROC\p18f4550.asm
                   SPPCON   0x000f65       data     extern C:\MCC18\SRC\TRADIT~1\PROC\p18f4550.asm
               SPPCONbits   0x000f65       data     extern C:\MCC18\SRC\TRADIT~1\PROC\p18f4550.asm
                    UFRML   0x000f66       data     extern C:\MCC18\SRC\TRADIT~1\PROC\p18f4550.asm
                     UFRM   0x000f66       data     extern C:\MCC18\SRC\TRADIT~1\PROC\p18f4550.asm
                    UFRMH   0x000f67       data     extern C:\MCC18\SRC\TRADIT~1\PROC\p18f4550.asm
                      UIR   0x000f68       data     extern C:\MCC18\SRC\TRADIT~1\PROC\p18f4550.asm
                  UIRbits   0x000f68       data     extern C:\MCC18\SRC\TRADIT~1\PROC\p18f4550.asm
                      UIE   0x000f69       data     extern C:\MCC18\SRC\TRADIT~1\PROC\p18f4550.asm
                  UIEbits   0x000f69       data     extern C:\MCC18\SRC\TRADIT~1\PROC\p18f4550.asm
                     UEIR   0x000f6a       data     extern C:\MCC18\SRC\TRADIT~1\PROC\p18f4550.asm
                 UEIRbits   0x000f6a       data     extern C:\MCC18\SRC\TRADIT~1\PROC\p18f4550.asm
                 UEIEbits   0x000f6b       data     extern C:\MCC18\SRC\TRADIT~1\PROC\p18f4550.asm
                     UEIE   0x000f6b       data     extern C:\MCC18\SRC\TRADIT~1\PROC\p18f4550.asm
                    USTAT   0x000f6c       data     extern C:\MCC18\SRC\TRADIT~1\PROC\p18f4550.asm
                USTATbits   0x000f6c       data     extern C:\MCC18\SRC\TRADIT~1\PROC\p18f4550.asm
                 UCONbits   0x000f6d       data     extern C:\MCC18\SRC\TRADIT~1\PROC\p18f4550.asm
                     UCON   0x000f6d       data     extern C:\MCC18\SRC\TRADIT~1\PROC\p18f4550.asm
                    UADDR   0x000f6e       data     extern C:\MCC18\SRC\TRADIT~1\PROC\p18f4550.asm
                UADDRbits   0x000f6e       data     extern C:\MCC18\SRC\TRADIT~1\PROC\p18f4550.asm
                     UCFG   0x000f6f       data     extern C:\MCC18\SRC\TRADIT~1\PROC\p18f4550.asm
                 UCFGbits   0x000f6f       data     extern C:\MCC18\SRC\TRADIT~1\PROC\p18f4550.asm
                 UEP0bits   0x000f70       data     extern C:\MCC18\SRC\TRADIT~1\PROC\p18f4550.asm
                     UEP0   0x000f70       data     extern C:\MCC18\SRC\TRADIT~1\PROC\p18f4550.asm
                 UEP1bits   0x000f71       data     extern C:\MCC18\SRC\TRADIT~1\PROC\p18f4550.asm
                     UEP1   0x000f71       data     extern C:\MCC18\SRC\TRADIT~1\PROC\p18f4550.asm
                 UEP2bits   0x000f72       data     extern C:\MCC18\SRC\TRADIT~1\PROC\p18f4550.asm
                     UEP2   0x000f72       data     extern C:\MCC18\SRC\TRADIT~1\PROC\p18f4550.asm
                 UEP3bits   0x000f73       data     extern C:\MCC18\SRC\TRADIT~1\PROC\p18f4550.asm
                     UEP3   0x000f73       data     extern C:\MCC18\SRC\TRADIT~1\PROC\p18f4550.asm
                 UEP4bits   0x000f74       data     extern C:\MCC18\SRC\TRADIT~1\PROC\p18f4550.asm
                     UEP4   0x000f74       data     extern C:\MCC18\SRC\TRADIT~1\PROC\p18f4550.asm
                     UEP5   0x000f75       data     extern C:\MCC18\SRC\TRADIT~1\PROC\p18f4550.asm
                 UEP5bits   0x000f75       data     extern C:\MCC18\SRC\TRADIT~1\PROC\p18f4550.asm
                 UEP6bits   0x000f76       data     extern C:\MCC18\SRC\TRADIT~1\PROC\p18f4550.asm
                     UEP6   0x000f76       data     extern C:\MCC18\SRC\TRADIT~1\PROC\p18f4550.asm
                 UEP7bits   0x000f77       data     extern C:\MCC18\SRC\TRADIT~1\PROC\p18f4550.asm
                     UEP7   0x000f77       data     extern C:\MCC18\SRC\TRADIT~1\PROC\p18f4550.asm
                     UEP8   0x000f78       data     extern C:\MCC18\SRC\TRADIT~1\PROC\p18f4550.asm
                 UEP8bits   0x000f78       data     extern C:\MCC18\SRC\TRADIT~1\PROC\p18f4550.asm
                     UEP9   0x000f79       data     extern C:\MCC18\SRC\TRADIT~1\PROC\p18f4550.asm
                 UEP9bits   0x000f79       data     extern C:\MCC18\SRC\TRADIT~1\PROC\p18f4550.asm
                    UEP10   0x000f7a       data     extern C:\MCC18\SRC\TRADIT~1\PROC\p18f4550.asm
                UEP10bits   0x000f7a       data     extern C:\MCC18\SRC\TRADIT~1\PROC\p18f4550.asm
                    UEP11   0x000f7b       data     extern C:\MCC18\SRC\TRADIT~1\PROC\p18f4550.asm
                UEP11bits   0x000f7b       data     extern C:\MCC18\SRC\TRADIT~1\PROC\p18f4550.asm
                    UEP12   0x000f7c       data     extern C:\MCC18\SRC\TRADIT~1\PROC\p18f4550.asm
                UEP12bits   0x000f7c       data     extern C:\MCC18\SRC\TRADIT~1\PROC\p18f4550.asm
                UEP13bits   0x000f7d       data     extern C:\MCC18\SRC\TRADIT~1\PROC\p18f4550.asm
                    UEP13   0x000f7d       data     extern C:\MCC18\SRC\TRADIT~1\PROC\p18f4550.asm
                    UEP14   0x000f7e       data     extern C:\MCC18\SRC\TRADIT~1\PROC\p18f4550.asm
                UEP14bits   0x000f7e       data     extern C:\MCC18\SRC\TRADIT~1\PROC\p18f4550.asm
                    UEP15   0x000f7f       data     extern C:\MCC18\SRC\TRADIT~1\PROC\p18f4550.asm
                UEP15bits   0x000f7f       data     extern C:\MCC18\SRC\TRADIT~1\PROC\p18f4550.asm
                PORTAbits   0x000f80       data     extern C:\MCC18\SRC\TRADIT~1\PROC\p18f4550.asm
                    PORTA   0x000f80       data     extern C:\MCC18\SRC\TRADIT~1\PROC\p18f4550.asm
                PORTBbits   0x000f81       data     extern C:\MCC18\SRC\TRADIT~1\PROC\p18f4550.asm
                    PORTB   0x000f81       data     extern C:\MCC18\SRC\TRADIT~1\PROC\p18f4550.asm
                PORTCbits   0x000f82       data     extern C:\MCC18\SRC\TRADIT~1\PROC\p18f4550.asm
                    PORTC   0x000f82       data     extern C:\MCC18\SRC\TRADIT~1\PROC\p18f4550.asm
                PORTDbits   0x000f83       data     extern C:\MCC18\SRC\TRADIT~1\PROC\p18f4550.asm
                    PORTD   0x000f83       data     extern C:\MCC18\SRC\TRADIT~1\PROC\p18f4550.asm
                PORTEbits   0x000f84       data     extern C:\MCC18\SRC\TRADIT~1\PROC\p18f4550.asm
                    PORTE   0x000f84       data     extern C:\MCC18\SRC\TRADIT~1\PROC\p18f4550.asm
                 LATAbits   0x000f89       data     extern C:\MCC18\SRC\TRADIT~1\PROC\p18f4550.asm
                     LATA   0x000f89       data     extern C:\MCC18\SRC\TRADIT~1\PROC\p18f4550.asm
                     LATB   0x000f8a       data     extern C:\MCC18\SRC\TRADIT~1\PROC\p18f4550.asm
                 LATBbits   0x000f8a       data     extern C:\MCC18\SRC\TRADIT~1\PROC\p18f4550.asm
                     LATC   0x000f8b       data     extern C:\MCC18\SRC\TRADIT~1\PROC\p18f4550.asm
                 LATCbits   0x000f8b       data     extern C:\MCC18\SRC\TRADIT~1\PROC\p18f4550.asm
                     LATD   0x000f8c       data     extern C:\MCC18\SRC\TRADIT~1\PROC\p18f4550.asm
                 LATDbits   0x000f8c       data     extern C:\MCC18\SRC\TRADIT~1\PROC\p18f4550.asm
                     LATE   0x000f8d       data     extern C:\MCC18\SRC\TRADIT~1\PROC\p18f4550.asm
                 LATEbits   0x000f8d       data     extern C:\MCC18\SRC\TRADIT~1\PROC\p18f4550.asm
                TRISAbits   0x000f92       data     extern C:\MCC18\SRC\TRADIT~1\PROC\p18f4550.asm
                    TRISA   0x000f92       data     extern C:\MCC18\SRC\TRADIT~1\PROC\p18f4550.asm
                     DDRA   0x000f92       data     extern C:\MCC18\SRC\TRADIT~1\PROC\p18f4550.asm
                 DDRAbits   0x000f92       data     extern C:\MCC18\SRC\TRADIT~1\PROC\p18f4550.asm
                 DDRBbits   0x000f93       data     extern C:\MCC18\SRC\TRADIT~1\PROC\p18f4550.asm
                     DDRB   0x000f93       data     extern C:\MCC18\SRC\TRADIT~1\PROC\p18f4550.asm
                TRISBbits   0x000f93       data     extern C:\MCC18\SRC\TRADIT~1\PROC\p18f4550.asm
                    TRISB   0x000f93       data     extern C:\MCC18\SRC\TRADIT~1\PROC\p18f4550.asm
                     DDRC   0x000f94       data     extern C:\MCC18\SRC\TRADIT~1\PROC\p18f4550.asm
                TRISCbits   0x000f94       data     extern C:\MCC18\SRC\TRADIT~1\PROC\p18f4550.asm
                 DDRCbits   0x000f94       data     extern C:\MCC18\SRC\TRADIT~1\PROC\p18f4550.asm
                    TRISC   0x000f94       data     extern C:\MCC18\SRC\TRADIT~1\PROC\p18f4550.asm
                     DDRD   0x000f95       data     extern C:\MCC18\SRC\TRADIT~1\PROC\p18f4550.asm
                 DDRDbits   0x000f95       data     extern C:\MCC18\SRC\TRADIT~1\PROC\p18f4550.asm
                    TRISD   0x000f95       data     extern C:\MCC18\SRC\TRADIT~1\PROC\p18f4550.asm
                TRISDbits   0x000f95       data     extern C:\MCC18\SRC\TRADIT~1\PROC\p18f4550.asm
                    TRISE   0x000f96       data     extern C:\MCC18\SRC\TRADIT~1\PROC\p18f4550.asm
                TRISEbits   0x000f96       data     extern C:\MCC18\SRC\TRADIT~1\PROC\p18f4550.asm
                 DDREbits   0x000f96       data     extern C:\MCC18\SRC\TRADIT~1\PROC\p18f4550.asm
                     DDRE   0x000f96       data     extern C:\MCC18\SRC\TRADIT~1\PROC\p18f4550.asm
                  OSCTUNE   0x000f9b       data     extern C:\MCC18\SRC\TRADIT~1\PROC\p18f4550.asm
              OSCTUNEbits   0x000f9b       data     extern C:\MCC18\SRC\TRADIT~1\PROC\p18f4550.asm
                 PIE1bits   0x000f9d       data     extern C:\MCC18\SRC\TRADIT~1\PROC\p18f4550.asm
                     PIE1   0x000f9d       data     extern C:\MCC18\SRC\TRADIT~1\PROC\p18f4550.asm
                 PIR1bits   0x000f9e       data     extern C:\MCC18\SRC\TRADIT~1\PROC\p18f4550.asm
                     PIR1   0x000f9e       data     extern C:\MCC18\SRC\TRADIT~1\PROC\p18f4550.asm
                     IPR1   0x000f9f       data     extern C:\MCC18\SRC\TRADIT~1\PROC\p18f4550.asm
                 IPR1bits   0x000f9f       data     extern C:\MCC18\SRC\TRADIT~1\PROC\p18f4550.asm
                     PIE2   0x000fa0       data     extern C:\MCC18\SRC\TRADIT~1\PROC\p18f4550.asm
                 PIE2bits   0x000fa0       data     extern C:\MCC18\SRC\TRADIT~1\PROC\p18f4550.asm
                     PIR2   0x000fa1       data     extern C:\MCC18\SRC\TRADIT~1\PROC\p18f4550.asm
                 PIR2bits   0x000fa1       data     extern C:\MCC18\SRC\TRADIT~1\PROC\p18f4550.asm
                     IPR2   0x000fa2       data     extern C:\MCC18\SRC\TRADIT~1\PROC\p18f4550.asm
                 IPR2bits   0x000fa2       data     extern C:\MCC18\SRC\TRADIT~1\PROC\p18f4550.asm
                   EECON1   0x000fa6       data     extern C:\MCC18\SRC\TRADIT~1\PROC\p18f4550.asm
               EECON1bits   0x000fa6       data     extern C:\MCC18\SRC\TRADIT~1\PROC\p18f4550.asm
                   EECON2   0x000fa7       data     extern C:\MCC18\SRC\TRADIT~1\PROC\p18f4550.asm
                   EEDATA   0x000fa8       data     extern C:\MCC18\SRC\TRADIT~1\PROC\p18f4550.asm
                    EEADR   0x000fa9       data     extern C:\MCC18\SRC\TRADIT~1\PROC\p18f4550.asm
                RCSTAbits   0x000fab       data     extern C:\MCC18\SRC\TRADIT~1\PROC\p18f4550.asm
                    RCSTA   0x000fab       data     extern C:\MCC18\SRC\TRADIT~1\PROC\p18f4550.asm
                    TXSTA   0x000fac       data     extern C:\MCC18\SRC\TRADIT~1\PROC\p18f4550.asm
                TXSTAbits   0x000fac       data     extern C:\MCC18\SRC\TRADIT~1\PROC\p18f4550.asm
                    TXREG   0x000fad       data     extern C:\MCC18\SRC\TRADIT~1\PROC\p18f4550.asm
                    RCREG   0x000fae       data     extern C:\MCC18\SRC\TRADIT~1\PROC\p18f4550.asm
                    SPBRG   0x000faf       data     extern C:\MCC18\SRC\TRADIT~1\PROC\p18f4550.asm
                   SPBRGH   0x000fb0       data     extern C:\MCC18\SRC\TRADIT~1\PROC\p18f4550.asm
                    T3CON   0x000fb1       data     extern C:\MCC18\SRC\TRADIT~1\PROC\p18f4550.asm
                T3CONbits   0x000fb1       data     extern C:\MCC18\SRC\TRADIT~1\PROC\p18f4550.asm
                    TMR3L   0x000fb2       data     extern C:\MCC18\SRC\TRADIT~1\PROC\p18f4550.asm
                    TMR3H   0x000fb3       data     extern C:\MCC18\SRC\TRADIT~1\PROC\p18f4550.asm
                CMCONbits   0x000fb4       data     extern C:\MCC18\SRC\TRADIT~1\PROC\p18f4550.asm
                    CMCON   0x000fb4       data     extern C:\MCC18\SRC\TRADIT~1\PROC\p18f4550.asm
                   CVRCON   0x000fb5       data     extern C:\MCC18\SRC\TRADIT~1\PROC\p18f4550.asm
               CVRCONbits   0x000fb5       data     extern C:\MCC18\SRC\TRADIT~1\PROC\p18f4550.asm
                  ECCP1AS   0x000fb6       data     extern C:\MCC18\SRC\TRADIT~1\PROC\p18f4550.asm
                   CCP1AS   0x000fb6       data     extern C:\MCC18\SRC\TRADIT~1\PROC\p18f4550.asm
              ECCP1ASbits   0x000fb6       data     extern C:\MCC18\SRC\TRADIT~1\PROC\p18f4550.asm
               CCP1ASbits   0x000fb6       data     extern C:\MCC18\SRC\TRADIT~1\PROC\p18f4550.asm
              CCP1DELbits   0x000fb7       data     extern C:\MCC18\SRC\TRADIT~1\PROC\p18f4550.asm
                 ECCP1DEL   0x000fb7       data     extern C:\MCC18\SRC\TRADIT~1\PROC\p18f4550.asm
             ECCP1DELbits   0x000fb7       data     extern C:\MCC18\SRC\TRADIT~1\PROC\p18f4550.asm
                  CCP1DEL   0x000fb7       data     extern C:\MCC18\SRC\TRADIT~1\PROC\p18f4550.asm
              BAUDCONbits   0x000fb8       data     extern C:\MCC18\SRC\TRADIT~1\PROC\p18f4550.asm
                  BAUDCON   0x000fb8       data     extern C:\MCC18\SRC\TRADIT~1\PROC\p18f4550.asm
                  CCP2CON   0x000fba       data     extern C:\MCC18\SRC\TRADIT~1\PROC\p18f4550.asm
              CCP2CONbits   0x000fba       data     extern C:\MCC18\SRC\TRADIT~1\PROC\p18f4550.asm
                    CCPR2   0x000fbb       data     extern C:\MCC18\SRC\TRADIT~1\PROC\p18f4550.asm
                   CCPR2L   0x000fbb       data     extern C:\MCC18\SRC\TRADIT~1\PROC\p18f4550.asm
                   CCPR2H   0x000fbc       data     extern C:\MCC18\SRC\TRADIT~1\PROC\p18f4550.asm
                  CCP1CON   0x000fbd       data     extern C:\MCC18\SRC\TRADIT~1\PROC\p18f4550.asm
              CCP1CONbits   0x000fbd       data     extern C:\MCC18\SRC\TRADIT~1\PROC\p18f4550.asm
                 ECCP1CON   0x000fbd       data     extern C:\MCC18\SRC\TRADIT~1\PROC\p18f4550.asm
             ECCP1CONbits   0x000fbd       data     extern C:\MCC18\SRC\TRADIT~1\PROC\p18f4550.asm
                    CCPR1   0x000fbe       data     extern C:\MCC18\SRC\TRADIT~1\PROC\p18f4550.asm
                   CCPR1L   0x000fbe       data     extern C:\MCC18\SRC\TRADIT~1\PROC\p18f4550.asm
                   CCPR1H   0x000fbf       data     extern C:\MCC18\SRC\TRADIT~1\PROC\p18f4550.asm
               ADCON2bits   0x000fc0       data     extern C:\MCC18\SRC\TRADIT~1\PROC\p18f4550.asm
                   ADCON2   0x000fc0       data     extern C:\MCC18\SRC\TRADIT~1\PROC\p18f4550.asm
               ADCON1bits   0x000fc1       data     extern C:\MCC18\SRC\TRADIT~1\PROC\p18f4550.asm
                   ADCON1   0x000fc1       data     extern C:\MCC18\SRC\TRADIT~1\PROC\p18f4550.asm
               ADCON0bits   0x000fc2       data     extern C:\MCC18\SRC\TRADIT~1\PROC\p18f4550.asm
                   ADCON0   0x000fc2       data     extern C:\MCC18\SRC\TRADIT~1\PROC\p18f4550.asm
                    ADRES   0x000fc3       data     extern C:\MCC18\SRC\TRADIT~1\PROC\p18f4550.asm
                   ADRESL   0x000fc3       data     extern C:\MCC18\SRC\TRADIT~1\PROC\p18f4550.asm
                   ADRESH   0x000fc4       data     extern C:\MCC18\SRC\TRADIT~1\PROC\p18f4550.asm
              SSPCON2bits   0x000fc5       data     extern C:\MCC18\SRC\TRADIT~1\PROC\p18f4550.asm
                  SSPCON2   0x000fc5       data     extern C:\MCC18\SRC\TRADIT~1\PROC\p18f4550.asm
              SSPCON1bits   0x000fc6       data     extern C:\MCC18\SRC\TRADIT~1\PROC\p18f4550.asm
                  SSPCON1   0x000fc6       data     extern C:\MCC18\SRC\TRADIT~1\PROC\p18f4550.asm
              SSPSTATbits   0x000fc7       data     extern C:\MCC18\SRC\TRADIT~1\PROC\p18f4550.asm
                  SSPSTAT   0x000fc7       data     extern C:\MCC18\SRC\TRADIT~1\PROC\p18f4550.asm
                   SSPADD   0x000fc8       data     extern C:\MCC18\SRC\TRADIT~1\PROC\p18f4550.asm
                   SSPBUF   0x000fc9       data     extern C:\MCC18\SRC\TRADIT~1\PROC\p18f4550.asm
                T2CONbits   0x000fca       data     extern C:\MCC18\SRC\TRADIT~1\PROC\p18f4550.asm
                    T2CON   0x000fca       data     extern C:\MCC18\SRC\TRADIT~1\PROC\p18f4550.asm
                      PR2   0x000fcb       data     extern C:\MCC18\SRC\TRADIT~1\PROC\p18f4550.asm
                     TMR2   0x000fcc       data     extern C:\MCC18\SRC\TRADIT~1\PROC\p18f4550.asm
                    T1CON   0x000fcd       data     extern C:\MCC18\SRC\TRADIT~1\PROC\p18f4550.asm
                T1CONbits   0x000fcd       data     extern C:\MCC18\SRC\TRADIT~1\PROC\p18f4550.asm
                    TMR1L   0x000fce       data     extern C:\MCC18\SRC\TRADIT~1\PROC\p18f4550.asm
                    TMR1H   0x000fcf       data     extern C:\MCC18\SRC\TRADIT~1\PROC\p18f4550.asm
                 RCONbits   0x000fd0       data     extern C:\MCC18\SRC\TRADIT~1\PROC\p18f4550.asm
                     RCON   0x000fd0       data     extern C:\MCC18\SRC\TRADIT~1\PROC\p18f4550.asm
               WDTCONbits   0x000fd1       data     extern C:\MCC18\SRC\TRADIT~1\PROC\p18f4550.asm
                   WDTCON   0x000fd1       data     extern C:\MCC18\SRC\TRADIT~1\PROC\p18f4550.asm
                  HLVDCON   0x000fd2       data     extern C:\MCC18\SRC\TRADIT~1\PROC\p18f4550.asm
              HLVDCONbits   0x000fd2       data     extern C:\MCC18\SRC\TRADIT~1\PROC\p18f4550.asm
                   LVDCON   0x000fd2       data     extern C:\MCC18\SRC\TRADIT~1\PROC\p18f4550.asm
               LVDCONbits   0x000fd2       data     extern C:\MCC18\SRC\TRADIT~1\PROC\p18f4550.asm
                   OSCCON   0x000fd3       data     extern C:\MCC18\SRC\TRADIT~1\PROC\p18f4550.asm
               OSCCONbits   0x000fd3       data     extern C:\MCC18\SRC\TRADIT~1\PROC\p18f4550.asm
                T0CONbits   0x000fd5       data     extern C:\MCC18\SRC\TRADIT~1\PROC\p18f4550.asm
                    T0CON   0x000fd5       data     extern C:\MCC18\SRC\TRADIT~1\PROC\p18f4550.asm
                    TMR0L   0x000fd6       data     extern C:\MCC18\SRC\TRADIT~1\PROC\p18f4550.asm
                    TMR0H   0x000fd7       data     extern C:\MCC18\SRC\TRADIT~1\PROC\p18f4550.asm
                   STATUS   0x000fd8       data     extern C:\MCC18\SRC\TRADIT~1\PROC\p18f4550.asm
               STATUSbits   0x000fd8       data     extern C:\MCC18\SRC\TRADIT~1\PROC\p18f4550.asm
                     FSR2   0x000fd9       data     extern C:\MCC18\SRC\TRADIT~1\PROC\p18f4550.asm
                    FSR2L   0x000fd9       data     extern C:\MCC18\SRC\TRADIT~1\PROC\p18f4550.asm
                    FSR2H   0x000fda       data     extern C:\MCC18\SRC\TRADIT~1\PROC\p18f4550.asm
                   PLUSW2   0x000fdb       data     extern C:\MCC18\SRC\TRADIT~1\PROC\p18f4550.asm
                  PREINC2   0x000fdc       data     extern C:\MCC18\SRC\TRADIT~1\PROC\p18f4550.asm
                 POSTDEC2   0x000fdd       data     extern C:\MCC18\SRC\TRADIT~1\PROC\p18f4550.asm
                 POSTINC2   0x000fde       data     extern C:\MCC18\SRC\TRADIT~1\PROC\p18f4550.asm
                    INDF2   0x000fdf       data     extern C:\MCC18\SRC\TRADIT~1\PROC\p18f4550.asm
                      BSR   0x000fe0       data     extern C:\MCC18\SRC\TRADIT~1\PROC\p18f4550.asm
                     FSR1   0x000fe1       data     extern C:\MCC18\SRC\TRADIT~1\PROC\p18f4550.asm
                    FSR1L   0x000fe1       data     extern C:\MCC18\SRC\TRADIT~1\PROC\p18f4550.asm
                    FSR1H   0x000fe2       data     extern C:\MCC18\SRC\TRADIT~1\PROC\p18f4550.asm
                   PLUSW1   0x000fe3       data     extern C:\MCC18\SRC\TRADIT~1\PROC\p18f4550.asm
                  PREINC1   0x000fe4       data     extern C:\MCC18\SRC\TRADIT~1\PROC\p18f4550.asm
                 POSTDEC1   0x000fe5       data     extern C:\MCC18\SRC\TRADIT~1\PROC\p18f4550.asm
                 POSTINC1   0x000fe6       data     extern C:\MCC18\SRC\TRADIT~1\PROC\p18f4550.asm
                    INDF1   0x000fe7       data     extern C:\MCC18\SRC\TRADIT~1\PROC\p18f4550.asm
                     WREG   0x000fe8       data     extern C:\MCC18\SRC\TRADIT~1\PROC\p18f4550.asm
                     FSR0   0x000fe9       data     extern C:\MCC18\SRC\TRADIT~1\PROC\p18f4550.asm
                    FSR0L   0x000fe9       data     extern C:\MCC18\SRC\TRADIT~1\PROC\p18f4550.asm
                    FSR0H   0x000fea       data     extern C:\MCC18\SRC\TRADIT~1\PROC\p18f4550.asm
                   PLUSW0   0x000feb       data     extern C:\MCC18\SRC\TRADIT~1\PROC\p18f4550.asm
                  PREINC0   0x000fec       data     extern C:\MCC18\SRC\TRADIT~1\PROC\p18f4550.asm
                 POSTDEC0   0x000fed       data     extern C:\MCC18\SRC\TRADIT~1\PROC\p18f4550.asm
                 POSTINC0   0x000fee       data     extern C:\MCC18\SRC\TRADIT~1\PROC\p18f4550.asm
                    INDF0   0x000fef       data     extern C:\MCC18\SRC\TRADIT~1\PROC\p18f4550.asm
                  INTCON3   0x000ff0       data     extern C:\MCC18\SRC\TRADIT~1\PROC\p18f4550.asm
              INTCON3bits   0x000ff0       data     extern C:\MCC18\SRC\TRADIT~1\PROC\p18f4550.asm
              INTCON2bits   0x000ff1       data     extern C:\MCC18\SRC\TRADIT~1\PROC\p18f4550.asm
                  INTCON2   0x000ff1       data     extern C:\MCC18\SRC\TRADIT~1\PROC\p18f4550.asm
               INTCONbits   0x000ff2       data     extern C:\MCC18\SRC\TRADIT~1\PROC\p18f4550.asm
                   INTCON   0x000ff2       data     extern C:\MCC18\SRC\TRADIT~1\PROC\p18f4550.asm
                     PROD   0x000ff3       data     extern C:\MCC18\SRC\TRADIT~1\PROC\p18f4550.asm
                    PRODL   0x000ff3       data     extern C:\MCC18\SRC\TRADIT~1\PROC\p18f4550.asm
                    PRODH   0x000ff4       data     extern C:\MCC18\SRC\TRADIT~1\PROC\p18f4550.asm
                   TABLAT   0x000ff5       data     extern C:\MCC18\SRC\TRADIT~1\PROC\p18f4550.asm
                   TBLPTR   0x000ff6       data     extern C:\MCC18\SRC\TRADIT~1\PROC\p18f4550.asm
                  TBLPTRL   0x000ff6       data     extern C:\MCC18\SRC\TRADIT~1\PROC\p18f4550.asm
                  TBLPTRH   0x000ff7       data     extern C:\MCC18\SRC\TRADIT~1\PROC\p18f4550.asm
                  TBLPTRU   0x000ff8       data     extern C:\MCC18\SRC\TRADIT~1\PROC\p18f4550.asm
                       PC   0x000ff9       data     extern C:\MCC18\SRC\TRADIT~1\PROC\p18f4550.asm
                      PCL   0x000ff9       data     extern C:\MCC18\SRC\TRADIT~1\PROC\p18f4550.asm
                   PCLATH   0x000ffa       data     extern C:\MCC18\SRC\TRADIT~1\PROC\p18f4550.asm
                   PCLATU   0x000ffb       data     extern C:\MCC18\SRC\TRADIT~1\PROC\p18f4550.asm
               STKPTRbits   0x000ffc       data     extern C:\MCC18\SRC\TRADIT~1\PROC\p18f4550.asm
                   STKPTR   0x000ffc       data     extern C:\MCC18\SRC\TRADIT~1\PROC\p18f4550.asm
                      TOS   0x000ffd       data     extern C:\MCC18\SRC\TRADIT~1\PROC\p18f4550.asm
                     TOSL   0x000ffd       data     extern C:\MCC18\SRC\TRADIT~1\PROC\p18f4550.asm
                     TOSH   0x000ffe       data     extern C:\MCC18\SRC\TRADIT~1\PROC\p18f4550.asm
                     TOSU   0x000fff       data     extern C:\MCC18\SRC\TRADIT~1\PROC\p18f4550.asm


